Archive member included because of file (symbol)

c:/winavr-20100110/bin/../lib/gcc/avr/4.3.3/../../../../avr/lib/avr5\libm.a(addsf3.o)
                              obj/IRremote.o (__addsf3)
c:/winavr-20100110/bin/../lib/gcc/avr/4.3.3/../../../../avr/lib/avr5\libm.a(addsf3x.o)
                              c:/winavr-20100110/bin/../lib/gcc/avr/4.3.3/../../../../avr/lib/avr5\libm.a(addsf3.o) (__addsf3x)
c:/winavr-20100110/bin/../lib/gcc/avr/4.3.3/../../../../avr/lib/avr5\libm.a(cmpsf2.o)
                              obj/irRecv.o (__ltsf2)
c:/winavr-20100110/bin/../lib/gcc/avr/4.3.3/../../../../avr/lib/avr5\libm.a(divsf3.o)
                              obj/IRremote.o (__divsf3)
c:/winavr-20100110/bin/../lib/gcc/avr/4.3.3/../../../../avr/lib/avr5\libm.a(divsf3x.o)
                              c:/winavr-20100110/bin/../lib/gcc/avr/4.3.3/../../../../avr/lib/avr5\libm.a(divsf3.o) (__divsf3x)
c:/winavr-20100110/bin/../lib/gcc/avr/4.3.3/../../../../avr/lib/avr5\libm.a(fixsfsi.o)
                              obj/IRremote.o (__fixsfsi)
c:/winavr-20100110/bin/../lib/gcc/avr/4.3.3/../../../../avr/lib/avr5\libm.a(fixunssfsi.o)
                              c:/winavr-20100110/bin/../lib/gcc/avr/4.3.3/../../../../avr/lib/avr5\libm.a(fixsfsi.o) (__fixunssfsi)
c:/winavr-20100110/bin/../lib/gcc/avr/4.3.3/../../../../avr/lib/avr5\libm.a(floatsisf.o)
                              obj/irRecv.o (__floatunsisf)
c:/winavr-20100110/bin/../lib/gcc/avr/4.3.3/../../../../avr/lib/avr5\libm.a(fp_cmp.o)
                              c:/winavr-20100110/bin/../lib/gcc/avr/4.3.3/../../../../avr/lib/avr5\libm.a(cmpsf2.o) (__fp_cmp)
c:/winavr-20100110/bin/../lib/gcc/avr/4.3.3/../../../../avr/lib/avr5\libm.a(fp_inf.o)
                              c:/winavr-20100110/bin/../lib/gcc/avr/4.3.3/../../../../avr/lib/avr5\libm.a(addsf3x.o) (__fp_inf)
c:/winavr-20100110/bin/../lib/gcc/avr/4.3.3/../../../../avr/lib/avr5\libm.a(fp_nan.o)
                              c:/winavr-20100110/bin/../lib/gcc/avr/4.3.3/../../../../avr/lib/avr5\libm.a(addsf3x.o) (__fp_nan)
c:/winavr-20100110/bin/../lib/gcc/avr/4.3.3/../../../../avr/lib/avr5\libm.a(fp_pscA.o)
                              c:/winavr-20100110/bin/../lib/gcc/avr/4.3.3/../../../../avr/lib/avr5\libm.a(addsf3x.o) (__fp_pscA)
c:/winavr-20100110/bin/../lib/gcc/avr/4.3.3/../../../../avr/lib/avr5\libm.a(fp_pscB.o)
                              c:/winavr-20100110/bin/../lib/gcc/avr/4.3.3/../../../../avr/lib/avr5\libm.a(addsf3x.o) (__fp_pscB)
c:/winavr-20100110/bin/../lib/gcc/avr/4.3.3/../../../../avr/lib/avr5\libm.a(fp_round.o)
                              c:/winavr-20100110/bin/../lib/gcc/avr/4.3.3/../../../../avr/lib/avr5\libm.a(addsf3.o) (__fp_round)
c:/winavr-20100110/bin/../lib/gcc/avr/4.3.3/../../../../avr/lib/avr5\libm.a(fp_split3.o)
                              c:/winavr-20100110/bin/../lib/gcc/avr/4.3.3/../../../../avr/lib/avr5\libm.a(addsf3x.o) (__fp_split3)
c:/winavr-20100110/bin/../lib/gcc/avr/4.3.3/../../../../avr/lib/avr5\libm.a(fp_zero.o)
                              c:/winavr-20100110/bin/../lib/gcc/avr/4.3.3/../../../../avr/lib/avr5\libm.a(addsf3x.o) (__fp_zero)
c:/winavr-20100110/bin/../lib/gcc/avr/4.3.3/../../../../avr/lib/avr5\libm.a(mulsf3.o)
                              obj/IRremote.o (__mulsf3)
c:/winavr-20100110/bin/../lib/gcc/avr/4.3.3/../../../../avr/lib/avr5\libm.a(mulsf3x.o)
                              c:/winavr-20100110/bin/../lib/gcc/avr/4.3.3/../../../../avr/lib/avr5\libm.a(mulsf3.o) (__mulsf3x)
c:/winavr-20100110/bin/../lib/gcc/avr/4.3.3/avr5\libgcc.a(_udivmodhi4.o)
                              obj/irSend.o (__udivmodhi4)
c:/winavr-20100110/bin/../lib/gcc/avr/4.3.3/avr5\libgcc.a(_divmodhi4.o)
                              obj/main.o (__divmodhi4)
c:/winavr-20100110/bin/../lib/gcc/avr/4.3.3/avr5\libgcc.a(_udivmodsi4.o)
                              obj/irSend.o (__udivmodsi4)
c:/winavr-20100110/bin/../lib/gcc/avr/4.3.3/avr5\libgcc.a(_exit.o)
                              c:/winavr-20100110/bin/../lib/gcc/avr/4.3.3/../../../../avr/lib/avr5/crtm32u4.o (exit)
c:/winavr-20100110/bin/../lib/gcc/avr/4.3.3/avr5\libgcc.a(_copy_data.o)
                              obj/main.o (__do_copy_data)
c:/winavr-20100110/bin/../lib/gcc/avr/4.3.3/avr5\libgcc.a(_clear_bss.o)
                              obj/main.o (__do_clear_bss)
c:/winavr-20100110/bin/../lib/gcc/avr/4.3.3/avr5\libgcc.a(_ctors.o)
                              obj/irTrans.o (__do_global_ctors)
c:/winavr-20100110/bin/../lib/gcc/avr/4.3.3/avr5\libgcc.a(_tablejump.o)
                              c:/winavr-20100110/bin/../lib/gcc/avr/4.3.3/avr5\libgcc.a(_ctors.o) (__tablejump__)
c:/winavr-20100110/bin/../lib/gcc/avr/4.3.3/../../../../avr/lib/avr5\libc.a(isalpha.o)
                              obj/main.o (isalpha)
c:/winavr-20100110/bin/../lib/gcc/avr/4.3.3/../../../../avr/lib/avr5\libc.a(memcpy_P.o)
                              obj/RNDISClassDevice.o (memcpy_P)
[...]
Memory Configuration

Name             Origin             Length             Attributes
text             0x00000000         0x00020000         xr
data             0x00800060         0x0000ffa0         rw !x
eeprom           0x00810000         0x00010000         rw !x
fuse             0x00820000         0x00000400         rw !x
lock             0x00830000         0x00000400         rw !x
signature        0x00840000         0x00000400         rw !x
*default*        0x00000000         0xffffffff

Linker script and memory map

Address of section .data set to 0x800100
LOAD c:/winavr-20100110/bin/../lib/gcc/avr/4.3.3/../../../../avr/lib/avr5/crtm32u4.o
LOAD obj/main.o
LOAD obj/Descriptors.o
LOAD obj/HIDParser.o
LOAD obj/Device_AVR8.o
LOAD obj/EndpointStream_AVR8.o
LOAD obj/Endpoint_AVR8.o
LOAD obj/Host_AVR8.o
LOAD obj/PipeStream_AVR8.o
LOAD obj/Pipe_AVR8.o
LOAD obj/USBController_AVR8.o
LOAD obj/USBInterrupt_AVR8.o
LOAD obj/ConfigDescriptors.o
LOAD obj/DeviceStandardReq.o
LOAD obj/Events.o
LOAD obj/HostStandardReq.o
LOAD obj/USBTask.o
LOAD obj/AudioClassDevice.o
LOAD obj/CDCClassDevice.o
LOAD obj/HIDClassDevice.o
LOAD obj/MassStorageClassDevice.o
LOAD obj/MIDIClassDevice.o
LOAD obj/PrinterClassDevice.o
LOAD obj/RNDISClassDevice.o
LOAD obj/AndroidAccessoryClassHost.o
LOAD obj/AudioClassHost.o
LOAD obj/CDCClassHost.o
LOAD obj/HIDClassHost.o
LOAD obj/MassStorageClassHost.o
LOAD obj/MIDIClassHost.o
LOAD obj/PrinterClassHost.o
LOAD obj/RNDISClassHost.o
LOAD obj/StillImageClassHost.o
LOAD obj/irSend.o
LOAD obj/IRremote.o
LOAD obj/irRecv.o
LOAD obj/irTrans.o
LOAD obj/led7seg.o
LOAD obj/RotEncoder.o
LOAD obj/Motor.o
LOAD c:/winavr-20100110/bin/../lib/gcc/avr/4.3.3/../../../../avr/lib/avr5\libm.a
LOAD c:/winavr-20100110/bin/../lib/gcc/avr/4.3.3/avr5\libgcc.a
LOAD c:/winavr-20100110/bin/../lib/gcc/avr/4.3.3/../../../../avr/lib/avr5\libc.a
LOAD c:/winavr-20100110/bin/../lib/gcc/avr/4.3.3/avr5\libgcc.a

.hash
 *(.hash)

.dynsym
 *(.dynsym)

.dynstr
 *(.dynstr)

.gnu.version
 *(.gnu.version)

.gnu.version_d
 *(.gnu.version_d)

.gnu.version_r
 *(.gnu.version_r)

.rel.init
 *(.rel.init)

.rela.init
 *(.rela.init)

.rel.text
 *(.rel.text)
 *(.rel.text.*)
 *(.rel.gnu.linkonce.t*)

.rela.text
 *(.rela.text)
 *(.rela.text.*)
 *(.rela.gnu.linkonce.t*)

.rel.fini
 *(.rel.fini)

.rela.fini
 *(.rela.fini)

.rel.rodata
 *(.rel.rodata)
 *(.rel.rodata.*)
 *(.rel.gnu.linkonce.r*)

.rela.rodata
 *(.rela.rodata)
 *(.rela.rodata.*)
 *(.rela.gnu.linkonce.r*)

.rel.data
 *(.rel.data)
 *(.rel.data.*)
 *(.rel.gnu.linkonce.d*)

.rela.data
 *(.rela.data)
 *(.rela.data.*)
 *(.rela.gnu.linkonce.d*)

.rel.ctors
 *(.rel.ctors)

.rela.ctors
 *(.rela.ctors)

.rel.dtors
 *(.rel.dtors)

.rela.dtors
 *(.rela.dtors)

.rel.got
 *(.rel.got)

.rela.got
 *(.rela.got)

.rel.bss
 *(.rel.bss)

.rela.bss
 *(.rela.bss)

.rel.plt
 *(.rel.plt)

.rela.plt
 *(.rela.plt)

.text           0x00000000     0x1ec6
 *(.vectors)
 .vectors       0x00000000       0xac c:/winavr-20100110/bin/../lib/gcc/avr/4.3.3/../../../../avr/lib/avr5/crtm32u4.o
                0x00000000                __vectors
                0x00000000                __vector_default
 *(.vectors)
 *(.progmem.gcc*)
 *(.progmem*)
 .progmem.data  0x000000ac       0x8c obj/Descriptors.o
                0x00000100                ManufacturerString
                0x000000fc                LanguageString
                0x000000ac                DeviceDescriptor
                0x0000011a                ProductString
                0x000000be                ConfigurationDescriptor
                0x00000138                . = ALIGN (0x2)
                0x00000138                __trampolines_start = .
 *(.trampolines)
 .trampolines   0x00000138        0x0 linker stubs
 *(.trampolines*)
                0x00000138                __trampolines_end = .
 *(.jumptables)
 *(.jumptables*)
 *(.lowtext)
 *(.lowtext*)
                0x00000138                __ctors_start = .
 *(.ctors)
 .ctors         0x00000138        0x2 obj/irTrans.o
                0x0000013a                __ctors_end = .
                0x0000013a                __dtors_start = .
 *(.dtors)
                0x0000013a                __dtors_end = .
 SORT(*)(.ctors)
 SORT(*)(.dtors)
 *(.init0)
 .init0         0x0000013a        0x0 c:/winavr-20100110/bin/../lib/gcc/avr/4.3.3/../../../../avr/lib/avr5/crtm32u4.o
                0x0000013a                __init
 *(.init0)
 *(.init1)
 *(.init1)
 *(.init2)
 .init2         0x0000013a        0xc c:/winavr-20100110/bin/../lib/gcc/avr/4.3.3/../../../../avr/lib/avr5/crtm32u4.o
 *(.init2)
 *(.init3)
 *(.init3)
 *(.init4)
 .init4         0x00000146       0x16 c:/winavr-20100110/bin/../lib/gcc/avr/4.3.3/avr5\libgcc.a(_copy_data.o)
                0x00000146                __do_copy_data
 .init4         0x0000015c       0x10 c:/winavr-20100110/bin/../lib/gcc/avr/4.3.3/avr5\libgcc.a(_clear_bss.o)
                0x0000015c                __do_clear_bss
 *(.init4)
 *(.init5)
 *(.init5)
 *(.init6)
 .init6         0x0000016c       0x16 c:/winavr-20100110/bin/../lib/gcc/avr/4.3.3/avr5\libgcc.a(_ctors.o)
                0x0000016c                __do_global_ctors
 *(.init6)
 *(.init7)
 *(.init7)
 *(.init8)
 *(.init8)
 *(.init9)
 .init9         0x00000182        0x6 c:/winavr-20100110/bin/../lib/gcc/avr/4.3.3/../../../../avr/lib/avr5/crtm32u4.o
 *(.init9)
 *(.text)
 .text          0x00000188        0x2 c:/winavr-20100110/bin/../lib/gcc/avr/4.3.3/../../../../avr/lib/avr5/crtm32u4.o
                0x00000188                __vector_38
                0x00000188                __vector_22
                0x00000188                __vector_28
                0x00000188                __vector_1
                0x00000188                __vector_32
                0x00000188                __vector_34
                0x00000188                __vector_24
                0x00000188                __vector_12
                0x00000188                __bad_interrupt
                0x00000188                __vector_6
                0x00000188                __vector_31
                0x00000188                __vector_35
                0x00000188                __vector_39
                0x00000188                __vector_30
                0x00000188                __vector_25
                0x00000188                __vector_13
                0x00000188                __vector_17
                0x00000188                __vector_19
                0x00000188                __vector_7
                0x00000188                __vector_27
                0x00000188                __vector_5
                0x00000188                __vector_33
                0x00000188                __vector_37
                0x00000188                __vector_4
                0x00000188                __vector_9
                0x00000188                __vector_2
                0x00000188                __vector_21
                0x00000188                __vector_15
                0x00000188                __vector_36
                0x00000188                __vector_29
                0x00000188                __vector_40
                0x00000188                __vector_8
                0x00000188                __vector_26
                0x00000188                __vector_14
                0x00000188                __vector_16
                0x00000188                __vector_18
                0x00000188                __vector_20
                0x00000188                __vector_42
                0x0000018a                . = ALIGN (0x2)
 *(.text.*)
 .text.EVENT_USB_Device_Connect
                0x0000018a        0x2 obj/main.o
                0x0000018a                EVENT_USB_Device_Connect
 .text.EVENT_USB_Device_Disconnect
                0x0000018c        0x2 obj/main.o
                0x0000018c                EVENT_USB_Device_Disconnect
 .text.EVENT_CDC_Device_ControLineStateChanged
                0x0000018e        0x2 obj/main.o
                0x0000018e                EVENT_CDC_Device_ControLineStateChanged
 .text.SelectADChannel
                0x00000190       0x62 obj/main.o
                0x00000190                SelectADChannel
 .text.GetAD    0x000001f2       0x28 obj/main.o
                0x000001f2                GetAD
 .text.SetupHardware
                0x0000021a       0x9e obj/main.o
                0x0000021a                SetupHardware
 .text.IrTransmissionProc
                0x000002b8       0x96 obj/main.o
                0x000002b8                IrTransmissionProc
 .text.main     0x0000034e      0x30e obj/main.o
                0x0000034e                main
 .text.EVENT_USB_Device_ControlRequest
                0x0000065c        0x6 obj/main.o
                0x0000065c                EVENT_USB_Device_ControlRequest
 .text.EVENT_USB_Device_ConfigurationChanged
                0x00000662        0x6 obj/main.o
                0x00000662                EVENT_USB_Device_ConfigurationChanged
 .text.CALLBACK_USB_GetDescriptor
                0x00000668       0x5c obj/Descriptors.o
                0x00000668                CALLBACK_USB_GetDescriptor
 .text.Endpoint_Write_Control_Stream_LE
                0x000006c4       0xd4 obj/EndpointStream_AVR8.o
                0x000006c4                Endpoint_Write_Control_Stream_LE
 .text.Endpoint_Write_Control_PStream_LE
                0x00000798       0xd6 obj/EndpointStream_AVR8.o
                0x00000798                Endpoint_Write_Control_PStream_LE
 .text.Endpoint_ConfigureEndpoint_Prv
                0x0000086e       0x70 obj/Endpoint_AVR8.o
                0x0000086e                Endpoint_ConfigureEndpoint_Prv
 .text.Endpoint_ConfigureEndpointTable
                0x000008de       0x78 obj/Endpoint_AVR8.o
                0x000008de                Endpoint_ConfigureEndpointTable
 .text.Endpoint_ClearStatusStage
                0x00000956       0x42 obj/Endpoint_AVR8.o
                0x00000956                Endpoint_ClearStatusStage
 .text.Endpoint_WaitUntilReady
                0x00000998       0x64 obj/Endpoint_AVR8.o
                0x00000998                Endpoint_WaitUntilReady
 .text.USB_ResetInterface
                0x000009fc       0x88 obj/USBController_AVR8.o
                0x000009fc                USB_ResetInterface
 .text.USB_Init
                0x00000a84       0x20 obj/USBController_AVR8.o
                0x00000a84                USB_Init
 .text.USB_INT_DisableAllInterrupts
                0x00000aa4       0x10 obj/USBInterrupt_AVR8.o
                0x00000aa4                USB_INT_DisableAllInterrupts
 .text.USB_INT_ClearAllInterrupts
                0x00000ab4        0xa obj/USBInterrupt_AVR8.o
                0x00000ab4                USB_INT_ClearAllInterrupts
 .text.__vector_11
                0x00000abe       0x76 obj/USBInterrupt_AVR8.o
                0x00000abe                __vector_11
 .text.__vector_10
                0x00000b34      0x196 obj/USBInterrupt_AVR8.o
                0x00000b34                __vector_10
 .text.USB_Device_ProcessControlRequest
                0x00000cca      0x2e0 obj/DeviceStandardReq.o
                0x00000cca                USB_Device_ProcessControlRequest
 .text.USB_Event_Stub
                0x00000faa        0x2 obj/Events.o
                0x00000faa                EVENT_USB_Device_WakeUp
                0x00000faa                USB_Event_Stub
                0x00000faa                EVENT_USB_Device_Suspend
                0x00000faa                EVENT_USB_Device_StartOfFrame
                0x00000faa                EVENT_USB_Device_Reset
 .text.USB_USBTask
                0x00000fac       0x2a obj/USBTask.o
                0x00000fac                USB_USBTask
 .text.CDC_Device_ReceiveByte
                0x00000fd6       0x78 obj/CDCClassDevice.o
                0x00000fd6                CDC_Device_ReceiveByte
 .text.CDC_Device_CreateStream
                0x0000104e       0x26 obj/CDCClassDevice.o
                0x0000104e                CDC_Device_CreateStream
 .text.CDC_Device_getchar
                0x00001074       0x16 obj/CDCClassDevice.o
 .text.CDC_Device_Event_Stub
                0x0000108a        0x2 obj/CDCClassDevice.o
                0x0000108a                EVENT_CDC_Device_LineEncodingChanged
                0x0000108a                EVENT_CDC_Device_BreakSent
                0x0000108a                CDC_Device_Event_Stub
 .text.CDC_Device_Flush
                0x0000108c       0x68 obj/CDCClassDevice.o
                0x0000108c                CDC_Device_Flush
 .text.CDC_Device_USBTask
                0x000010f4       0x30 obj/CDCClassDevice.o
                0x000010f4                CDC_Device_USBTask
 .text.CDC_Device_SendByte
                0x00001124       0x4c obj/CDCClassDevice.o
                0x00001124                CDC_Device_SendByte
 .text.CDC_Device_putchar
                0x00001170       0x1e obj/CDCClassDevice.o
 .text.CDC_Device_ConfigureEndpoints
                0x0000118e       0x4e obj/CDCClassDevice.o
                0x0000118e                CDC_Device_ConfigureEndpoints
 .text.CDC_Device_ProcessControlRequest
                0x000011dc      0x15c obj/CDCClassDevice.o
                0x000011dc                CDC_Device_ProcessControlRequest
 .text._Z16TIMER_CONFIG_KHZi
                0x00001338       0x46 obj/irSend.o
                0x00001338                TIMER_CONFIG_KHZ(int)
 .text._ZN6IRsend11enableIROutEi
                0x0000137e        0x8 obj/irSend.o
                0x0000137e                IRsend::enableIROut(int)
 .text._ZN6IRsend4sendEmi
                0x00001386       0xce obj/irSend.o
                0x00001386                IRsend::send(unsigned long, int)
 .text.__vector_41
                0x00001454      0x144 obj/IRremote.o
                0x00001454                __vector_41
 .text._ZN6IRrecvC1Ev
                0x00001598        0x2 obj/irRecv.o
                0x00001598                IRrecv::IRrecv()
 .text._Z12CalcCheckSumm
                0x0000159a       0x2c obj/irTrans.o
                0x0000159a                CalcCheckSum(unsigned long)
 .text._GLOBAL__I_IrSendSetup
                0x000015c6        0x6 obj/irTrans.o
 .text.IrRawSend
                0x000015cc       0x22 obj/irTrans.o
                0x000015cc                IrRawSend
 .text.IrSend   0x000015ee       0x4a obj/irTrans.o
                0x000015ee                IrSend
 .text.IrSendSetup
                0x00001638        0xe obj/irTrans.o
                0x00001638                IrSendSetup
 .text.Led7Seg_Init
                0x00001646       0x20 obj/led7seg.o
                0x00001646                Led7Seg_Init
 .text.SendShiftReg
                0x00001666        0xc obj/led7seg.o
                0x00001666                SendShiftReg
 .text.Led7Seg_SetDisplayNumber
                0x00001672       0x7a obj/led7seg.o
                0x00001672                Led7Seg_SetDisplayNumber
 .text.__vector_23
                0x000016ec       0x80 obj/led7seg.o
                0x000016ec                __vector_23
 .text.RotEncoderGetVal
                0x0000176c        0xc obj/RotEncoder.o
                0x0000176c                RotEncoderGetVal
 .text.__vector_3
                0x00001778       0x98 obj/RotEncoder.o
                0x00001778                __vector_3
 .text.InitRotEncoder
                0x00001810       0x20 obj/RotEncoder.o
                0x00001810                InitRotEncoder
 .text.libgcc   0x00001830       0x28 c:/winavr-20100110/bin/../lib/gcc/avr/4.3.3/avr5\libgcc.a(_udivmodhi4.o)
                0x00001830                __udivmodhi4
 .text.libgcc   0x00001858       0x26 c:/winavr-20100110/bin/../lib/gcc/avr/4.3.3/avr5\libgcc.a(_divmodhi4.o)
                0x00001858                __divmodhi4
                0x00001858                _div
 .text.libgcc   0x0000187e       0x44 c:/winavr-20100110/bin/../lib/gcc/avr/4.3.3/avr5\libgcc.a(_udivmodsi4.o)
                0x0000187e                __udivmodsi4
 .text.libgcc   0x000018c2        0xc c:/winavr-20100110/bin/../lib/gcc/avr/4.3.3/avr5\libgcc.a(_tablejump.o)
                0x000018c6                __tablejump__
                0x000018c2                __tablejump2__
 .text.avr-libc
                0x000018ce       0x12 c:/winavr-20100110/bin/../lib/gcc/avr/4.3.3/../../../../avr/lib/avr5\libc.a(isalpha.o)
                0x000018d4                islower
                0x000018ce                isupper
                0x000018d2                isalpha
 .text.avr-libc
                0x000018e0       0x58 c:/winavr-20100110/bin/../lib/gcc/avr/4.3.3/../../../../avr/lib/avr5\libc.a(fputc.o)
                0x000018e0                fputc
 .text.avr-libc
                0x00001938       0x50 c:/winavr-20100110/bin/../lib/gcc/avr/4.3.3/../../../../avr/lib/avr5\libc.a(fputs.o)
                0x00001938                fputs
 .text.avr-libc
                0x00001988       0x42 c:/winavr-20100110/bin/../lib/gcc/avr/4.3.3/../../../../avr/lib/avr5\libc.a(sprintf.o)
                0x00001988                sprintf
 .text.avr-libc
                0x000019ca      0x39c c:/winavr-20100110/bin/../lib/gcc/avr/4.3.3/../../../../avr/lib/avr5\libc.a(vfprintf_std.o)
                0x000019ca                vfprintf
 .text.avr-libc
                0x00001d66        0x6 c:/winavr-20100110/bin/../lib/gcc/avr/4.3.3/../../../../avr/lib/avr5\libc.a(cty_isfalse.o)
                0x00001d6a                __ctype_istrue
                0x00001d66                __ctype_isfalse
 .text.avr-libc
                0x00001d6c       0x16 c:/winavr-20100110/bin/../lib/gcc/avr/4.3.3/../../../../avr/lib/avr5\libc.a(strnlen_P.o)
                0x00001d6c                strnlen_P
 .text.avr-libc
                0x00001d82       0x16 c:/winavr-20100110/bin/../lib/gcc/avr/4.3.3/../../../../avr/lib/avr5\libc.a(strnlen.o)
                0x00001d82                strnlen
 .text.avr-libc
                0x00001d98       0xbc c:/winavr-20100110/bin/../lib/gcc/avr/4.3.3/../../../../avr/lib/avr5\libc.a(ultoa_invert.o)
                0x00001d98                __ultoa_invert
 .text.libgcc   0x00001e54       0x38 c:/winavr-20100110/bin/../lib/gcc/avr/4.3.3/avr5\libgcc.a(_prologue.o)
                0x00001e54                __prologue_saves__
 .text.libgcc   0x00001e8c       0x36 c:/winavr-20100110/bin/../lib/gcc/avr/4.3.3/avr5\libgcc.a(_epilogue.o)
                0x00001e8c                __epilogue_restores__
                0x00001ec2                . = ALIGN (0x2)
 *(.fini9)
 .fini9         0x00001ec2        0x0 c:/winavr-20100110/bin/../lib/gcc/avr/4.3.3/avr5\libgcc.a(_exit.o)
                0x00001ec2                exit
                0x00001ec2                _exit
 *(.fini9)
 *(.fini8)
 *(.fini8)
 *(.fini7)
 *(.fini7)
 *(.fini6)
 *(.fini6)
 *(.fini5)
 *(.fini5)
 *(.fini4)
 *(.fini4)
 *(.fini3)
 *(.fini3)
 *(.fini2)
 *(.fini2)
 *(.fini1)
 *(.fini1)
 *(.fini0)
 .fini0         0x00001ec2        0x4 c:/winavr-20100110/bin/../lib/gcc/avr/4.3.3/avr5\libgcc.a(_exit.o)
 *(.fini0)
                0x00001ec6                _etext = .

.data           0x00800100       0x66 load address 0x00001ec6
                0x00800100                PROVIDE (__data_start, .)
 *(.data)
 .data          0x00800100       0x5b obj/main.o
                0x0080014d                ADMUXMask
                0x00800132                VirtualSerial_CDC_Interface
 .data          0x0080015b        0xa obj/led7seg.o
 *(.data*)
 *(.rodata)
 *(.rodata*)
 *(.gnu.linkonce.d*)
                0x00800166                . = ALIGN (0x2)
 *fill*         0x00800165        0x1 00
                0x00800166                _edata = .
                0x00800166                PROVIDE (__data_end, .)

.bss            0x00800166       0xf8
                0x00800166                PROVIDE (__bss_start, .)
 *(.bss)
 .bss           0x00800166        0x4 obj/main.o
 .bss           0x0080016a       0xcf obj/IRremote.o
                0x0080016a                irparams
 .bss           0x00800239        0x2 obj/irTrans.o
 .bss           0x0080023b        0x1 obj/led7seg.o
                0x0080023b                g_CurrentDigit
 .bss           0x0080023c        0x3 obj/RotEncoder.o
 *(.bss*)
 *(COMMON)
 COMMON         0x0080023f        0xe obj/main.o
                0x0080023f                USBSerialStream
 COMMON         0x0080024d        0x3 obj/DeviceStandardReq.o
                0x0080024d                USB_Device_ConfigurationNumber
                0x0080024e                USB_Device_CurrentlySelfPowered
                0x0080024f                USB_Device_RemoteWakeupEnabled
 COMMON         0x00800250        0xa obj/USBTask.o
                0x00800250                USB_IsInitialized
                0x00800251                USB_DeviceState
                0x00800252                USB_ControlRequest
 COMMON         0x0080025a        0x4 obj/led7seg.o
                0x0080025a                g_DisplayPatterns
                0x0080025e                PROVIDE (__bss_end, .)
                0x00001ec6                __data_load_start = LOADADDR (.data)
                0x00001f2c                __data_load_end = (__data_load_start + SIZEOF (.data))

.noinit         0x0080025e        0x0
                0x0080025e                PROVIDE (__noinit_start, .)
 *(.noinit*)
                0x0080025e                PROVIDE (__noinit_end, .)
                0x0080025e                _end = .
                0x0080025e                PROVIDE (__heap_start, .)

.eeprom         0x00810000        0x0
 *(.eeprom*)
                0x00810000                __eeprom_end = .

.fuse
 *(.fuse)
 *(.lfuse)
 *(.hfuse)
 *(.efuse)

.lock
 *(.lock*)

.signature
 *(.signature*)

.stab
 *(.stab)

.stabstr
 *(.stabstr)

.stab.excl
 *(.stab.excl)

.stab.exclstr
 *(.stab.exclstr)

.stab.index
 *(.stab.index)

.stab.indexstr
 *(.stab.indexstr)

.comment
 *(.comment)

.debug
 *(.debug)

.line
 *(.line)

.debug_srcinfo
 *(.debug_srcinfo)

.debug_sfnames
 *(.debug_sfnames)

.debug_aranges  0x00000000      0x6f8
 *(.debug_aranges)
 .debug_aranges
                0x00000000       0x78 obj/main.o
 .debug_aranges
                0x00000078       0x20 obj/Descriptors.o
 .debug_aranges
                0x00000098       0x38 obj/HIDParser.o
 .debug_aranges
                0x000000d0       0x20 obj/Device_AVR8.o
 .debug_aranges
                0x000000f0       0xc8 obj/EndpointStream_AVR8.o
 .debug_aranges
                0x000001b8       0x40 obj/Endpoint_AVR8.o
 .debug_aranges
                0x000001f8       0x30 obj/USBController_AVR8.o
 .debug_aranges
                0x00000228       0x38 obj/USBInterrupt_AVR8.o
 .debug_aranges
                0x00000260       0x38 obj/ConfigDescriptors.o
 .debug_aranges
                0x00000298       0x20 obj/DeviceStandardReq.o
 .debug_aranges
                0x000002b8       0x20 obj/Events.o
 .debug_aranges
                0x000002d8       0x20 obj/USBTask.o
 .debug_aranges
                0x000002f8       0x30 obj/AudioClassDevice.o
 .debug_aranges
                0x00000328       0xa8 obj/CDCClassDevice.o
 .debug_aranges
                0x000003d0       0x30 obj/HIDClassDevice.o
 .debug_aranges
                0x00000400       0x30 obj/MassStorageClassDevice.o
 .debug_aranges
                0x00000430       0x40 obj/MIDIClassDevice.o
 .debug_aranges
                0x00000470       0x90 obj/PrinterClassDevice.o
 .debug_aranges
                0x00000500       0x48 obj/RNDISClassDevice.o
 .debug_aranges
                0x00000548       0x30 obj/irSend.o
 .debug_aranges
                0x00000578       0x38 obj/IRremote.o
 .debug_aranges
                0x000005b0       0x60 obj/irRecv.o
 .debug_aranges
                0x00000610       0x58 obj/irTrans.o
 .debug_aranges
                0x00000668       0x38 obj/led7seg.o
 .debug_aranges
                0x000006a0       0x30 obj/RotEncoder.o
 .debug_aranges
                0x000006d0       0x28 obj/Motor.o

.debug_pubnames
                0x00000000     0x11bc
 *(.debug_pubnames)
 .debug_pubnames
                0x00000000      0x17a obj/main.o
 .debug_pubnames
                0x0000017a       0x9e obj/Descriptors.o
 .debug_pubnames
                0x00000218       0x7e obj/HIDParser.o
 .debug_pubnames
                0x00000296       0x32 obj/Device_AVR8.o
 .debug_pubnames
                0x000002c8      0x2df obj/EndpointStream_AVR8.o
 .debug_pubnames
                0x000005a7       0xaf obj/Endpoint_AVR8.o
 .debug_pubnames
                0x00000656       0x46 obj/USBController_AVR8.o
 .debug_pubnames
                0x0000069c       0x72 obj/USBInterrupt_AVR8.o
 .debug_pubnames
                0x0000070e       0x9b obj/ConfigDescriptors.o
 .debug_pubnames
                0x000007a9       0xa1 obj/DeviceStandardReq.o
 .debug_pubnames
                0x0000084a       0x25 obj/Events.o
 .debug_pubnames
                0x0000086f       0x63 obj/USBTask.o
 .debug_pubnames
                0x000008d2       0x79 obj/AudioClassDevice.o
 .debug_pubnames
                0x0000094b      0x1c1 obj/CDCClassDevice.o
 .debug_pubnames
                0x00000b0c       0x70 obj/HIDClassDevice.o
 .debug_pubnames
                0x00000b7c       0x6d obj/MassStorageClassDevice.o
 .debug_pubnames
                0x00000be9       0xa6 obj/MIDIClassDevice.o
 .debug_pubnames
                0x00000c8f      0x16d obj/PrinterClassDevice.o
 .debug_pubnames
                0x00000dfc       0xd0 obj/RNDISClassDevice.o
 .debug_pubnames
                0x00000ecc       0x50 obj/irSend.o
 .debug_pubnames
                0x00000f1c       0x58 obj/IRremote.o
 .debug_pubnames
                0x00000f74       0xcb obj/irRecv.o
 .debug_pubnames
                0x0000103f       0x7d obj/irTrans.o
 .debug_pubnames
                0x000010bc       0x8a obj/led7seg.o
 .debug_pubnames
                0x00001146       0x49 obj/RotEncoder.o
 .debug_pubnames
                0x0000118f       0x2d obj/Motor.o

.debug_info     0x00000000     0x9fd8
 *(.debug_info)
 .debug_info    0x00000000      0x6d4 obj/main.o
 .debug_info    0x000006d4      0x6b5 obj/Descriptors.o
 .debug_info    0x00000d89      0x6ee obj/HIDParser.o
 .debug_info    0x00001477       0xc0 obj/Device_AVR8.o
 .debug_info    0x00001537     0x15d0 obj/EndpointStream_AVR8.o
 .debug_info    0x00002b07      0x5ee obj/Endpoint_AVR8.o
 .debug_info    0x000030f5       0x5d obj/Host_AVR8.o
 .debug_info    0x00003152       0x5d obj/PipeStream_AVR8.o
 .debug_info    0x000031af       0x5d obj/Pipe_AVR8.o
 .debug_info    0x0000320c      0x4a6 obj/USBController_AVR8.o
 .debug_info    0x000036b2      0x6a3 obj/USBInterrupt_AVR8.o
 .debug_info    0x00003d55      0x34a obj/ConfigDescriptors.o
 .debug_info    0x0000409f      0x9ce obj/DeviceStandardReq.o
 .debug_info    0x00004a6d       0x75 obj/Events.o
 .debug_info    0x00004ae2       0x5d obj/HostStandardReq.o
 .debug_info    0x00004b3f      0x265 obj/USBTask.o
 .debug_info    0x00004da4      0x55a obj/AudioClassDevice.o
 .debug_info    0x000052fe      0xca2 obj/CDCClassDevice.o
 .debug_info    0x00005fa0      0x629 obj/HIDClassDevice.o
 .debug_info    0x000065c9      0x7c6 obj/MassStorageClassDevice.o
 .debug_info    0x00006d8f      0x4cf obj/MIDIClassDevice.o
 .debug_info    0x0000725e      0xac8 obj/PrinterClassDevice.o
 .debug_info    0x00007d26      0xe59 obj/RNDISClassDevice.o
 .debug_info    0x00008b7f       0x5d obj/AndroidAccessoryClassHost.o
 .debug_info    0x00008bdc       0x5d obj/AudioClassHost.o
 .debug_info    0x00008c39       0x5d obj/CDCClassHost.o
 .debug_info    0x00008c96       0x5d obj/HIDClassHost.o
 .debug_info    0x00008cf3       0x5d obj/MassStorageClassHost.o
 .debug_info    0x00008d50       0x5d obj/MIDIClassHost.o
 .debug_info    0x00008dad       0x5d obj/PrinterClassHost.o
 .debug_info    0x00008e0a       0x5d obj/RNDISClassHost.o
 .debug_info    0x00008e67       0x5d obj/StillImageClassHost.o
 .debug_info    0x00008ec4      0x3bf obj/irSend.o
 .debug_info    0x00009283      0x207 obj/IRremote.o
 .debug_info    0x0000948a      0x3ec obj/irRecv.o
 .debug_info    0x00009876      0x41f obj/irTrans.o
 .debug_info    0x00009c95      0x1af obj/led7seg.o
 .debug_info    0x00009e44       0xd3 obj/RotEncoder.o
 .debug_info    0x00009f17       0xc1 obj/Motor.o
 *(.gnu.linkonce.wi.*)

.debug_abbrev   0x00000000     0x2c56
 *(.debug_abbrev)
 .debug_abbrev  0x00000000      0x277 obj/main.o
 .debug_abbrev  0x00000277      0x154 obj/Descriptors.o
 .debug_abbrev  0x000003cb      0x20e obj/HIDParser.o
 .debug_abbrev  0x000005d9       0x77 obj/Device_AVR8.o
 .debug_abbrev  0x00000650      0x1b9 obj/EndpointStream_AVR8.o
 .debug_abbrev  0x00000809      0x1f9 obj/Endpoint_AVR8.o
 .debug_abbrev  0x00000a02       0x31 obj/Host_AVR8.o
 .debug_abbrev  0x00000a33       0x31 obj/PipeStream_AVR8.o
 .debug_abbrev  0x00000a64       0x31 obj/Pipe_AVR8.o
 .debug_abbrev  0x00000a95      0x132 obj/USBController_AVR8.o
 .debug_abbrev  0x00000bc7      0x1e6 obj/USBInterrupt_AVR8.o
 .debug_abbrev  0x00000dad      0x15a obj/ConfigDescriptors.o
 .debug_abbrev  0x00000f07      0x254 obj/DeviceStandardReq.o
 .debug_abbrev  0x0000115b       0x48 obj/Events.o
 .debug_abbrev  0x000011a3       0x31 obj/HostStandardReq.o
 .debug_abbrev  0x000011d4      0x172 obj/USBTask.o
 .debug_abbrev  0x00001346      0x16e obj/AudioClassDevice.o
 .debug_abbrev  0x000014b4      0x31e obj/CDCClassDevice.o
 .debug_abbrev  0x000017d2      0x1b6 obj/HIDClassDevice.o
 .debug_abbrev  0x00001988      0x20d obj/MassStorageClassDevice.o
 .debug_abbrev  0x00001b95      0x189 obj/MIDIClassDevice.o
 .debug_abbrev  0x00001d1e      0x260 obj/PrinterClassDevice.o
 .debug_abbrev  0x00001f7e      0x2b5 obj/RNDISClassDevice.o
 .debug_abbrev  0x00002233       0x31 obj/AndroidAccessoryClassHost.o
 .debug_abbrev  0x00002264       0x31 obj/AudioClassHost.o
 .debug_abbrev  0x00002295       0x31 obj/CDCClassHost.o
 .debug_abbrev  0x000022c6       0x31 obj/HIDClassHost.o
 .debug_abbrev  0x000022f7       0x31 obj/MassStorageClassHost.o
 .debug_abbrev  0x00002328       0x31 obj/MIDIClassHost.o
 .debug_abbrev  0x00002359       0x31 obj/PrinterClassHost.o
 .debug_abbrev  0x0000238a       0x31 obj/RNDISClassHost.o
 .debug_abbrev  0x000023bb       0x31 obj/StillImageClassHost.o
 .debug_abbrev  0x000023ec      0x1b1 obj/irSend.o
 .debug_abbrev  0x0000259d       0xd7 obj/IRremote.o
 .debug_abbrev  0x00002674      0x1a8 obj/irRecv.o
 .debug_abbrev  0x0000281c      0x204 obj/irTrans.o
 .debug_abbrev  0x00002a20      0x131 obj/led7seg.o
 .debug_abbrev  0x00002b51       0x7f obj/RotEncoder.o
 .debug_abbrev  0x00002bd0       0x86 obj/Motor.o

.debug_line     0x00000000     0x8415
 *(.debug_line)
 .debug_line    0x00000000      0x7a3 obj/main.o
 .debug_line    0x000007a3      0x228 obj/Descriptors.o
 .debug_line    0x000009cb      0x5b8 obj/HIDParser.o
 .debug_line    0x00000f83      0x153 obj/Device_AVR8.o
 .debug_line    0x000010d6     0x185b obj/EndpointStream_AVR8.o
 .debug_line    0x00002931      0x59d obj/Endpoint_AVR8.o
 .debug_line    0x00002ece       0x3e obj/Host_AVR8.o
 .debug_line    0x00002f0c       0x3e obj/PipeStream_AVR8.o
 .debug_line    0x00002f4a       0x3e obj/Pipe_AVR8.o
 .debug_line    0x00002f88      0x438 obj/USBController_AVR8.o
 .debug_line    0x000033c0      0x684 obj/USBInterrupt_AVR8.o
 .debug_line    0x00003a44      0x26c obj/ConfigDescriptors.o
 .debug_line    0x00003cb0      0x5d4 obj/DeviceStandardReq.o
 .debug_line    0x00004284       0x96 obj/Events.o
 .debug_line    0x0000431a       0x3e obj/HostStandardReq.o
 .debug_line    0x00004358      0x1e9 obj/USBTask.o
 .debug_line    0x00004541      0x54e obj/AudioClassDevice.o
 .debug_line    0x00004a8f      0x9d3 obj/CDCClassDevice.o
 .debug_line    0x00005462      0x5ed obj/HIDClassDevice.o
 .debug_line    0x00005a4f      0x5ed obj/MassStorageClassDevice.o
 .debug_line    0x0000603c      0x4a0 obj/MIDIClassDevice.o
 .debug_line    0x000064dc      0x868 obj/PrinterClassDevice.o
 .debug_line    0x00006d44      0x7ae obj/RNDISClassDevice.o
 .debug_line    0x000074f2       0x3e obj/AndroidAccessoryClassHost.o
 .debug_line    0x00007530       0x3e obj/AudioClassHost.o
 .debug_line    0x0000756e       0x3e obj/CDCClassHost.o
 .debug_line    0x000075ac       0x3e obj/HIDClassHost.o
 .debug_line    0x000075ea       0x3e obj/MassStorageClassHost.o
 .debug_line    0x00007628       0x3e obj/MIDIClassHost.o
 .debug_line    0x00007666       0x3e obj/PrinterClassHost.o
 .debug_line    0x000076a4       0x3e obj/RNDISClassHost.o
 .debug_line    0x000076e2       0x3e obj/StillImageClassHost.o
 .debug_line    0x00007720      0x24b obj/irSend.o
 .debug_line    0x0000796b      0x1d8 obj/IRremote.o
 .debug_line    0x00007b43      0x2a6 obj/irRecv.o
 .debug_line    0x00007de9      0x1ee obj/irTrans.o
 .debug_line    0x00007fd7      0x1bc obj/led7seg.o
 .debug_line    0x00008193      0x12c obj/RotEncoder.o
 .debug_line    0x000082bf      0x156 obj/Motor.o

.debug_frame    0x00000000      0xab0
 *(.debug_frame)
 .debug_frame   0x00000000       0xd0 obj/main.o
 .debug_frame   0x000000d0       0x20 obj/Descriptors.o
 .debug_frame   0x000000f0       0x50 obj/HIDParser.o
 .debug_frame   0x00000140       0x20 obj/Device_AVR8.o
 .debug_frame   0x00000160      0x170 obj/EndpointStream_AVR8.o
 .debug_frame   0x000002d0       0x60 obj/Endpoint_AVR8.o
 .debug_frame   0x00000330       0x40 obj/USBController_AVR8.o
 .debug_frame   0x00000370       0x50 obj/USBInterrupt_AVR8.o
 .debug_frame   0x000003c0       0x50 obj/ConfigDescriptors.o
 .debug_frame   0x00000410       0x20 obj/DeviceStandardReq.o
 .debug_frame   0x00000430       0x20 obj/Events.o
 .debug_frame   0x00000450       0x20 obj/USBTask.o
 .debug_frame   0x00000470       0x40 obj/AudioClassDevice.o
 .debug_frame   0x000004b0      0x130 obj/CDCClassDevice.o
 .debug_frame   0x000005e0       0x40 obj/HIDClassDevice.o
 .debug_frame   0x00000620       0x40 obj/MassStorageClassDevice.o
 .debug_frame   0x00000660       0x60 obj/MIDIClassDevice.o
 .debug_frame   0x000006c0      0x100 obj/PrinterClassDevice.o
 .debug_frame   0x000007c0       0x70 obj/RNDISClassDevice.o
 .debug_frame   0x00000830       0x40 obj/irSend.o
 .debug_frame   0x00000870       0x50 obj/IRremote.o
 .debug_frame   0x000008c0       0xa0 obj/irRecv.o
 .debug_frame   0x00000960       0x90 obj/irTrans.o
 .debug_frame   0x000009f0       0x50 obj/led7seg.o
 .debug_frame   0x00000a40       0x40 obj/RotEncoder.o
 .debug_frame   0x00000a80       0x30 obj/Motor.o

.debug_str      0x00000000     0x3fbb
 *(.debug_str)
 .debug_str     0x00000000      0x404 obj/main.o
                                0x482 (size before relaxing)
 .debug_str     0x00000404      0x581 obj/Descriptors.o
                                0x6d5 (size before relaxing)
 .debug_str     0x00000985      0x497 obj/HIDParser.o
                                0x5ab (size before relaxing)
 .debug_str     0x00000e1c       0x8d obj/Device_AVR8.o
                                0x106 (size before relaxing)
 .debug_str     0x00000ea9      0x657 obj/EndpointStream_AVR8.o
                                0x734 (size before relaxing)
 .debug_str     0x00001500      0x304 obj/Endpoint_AVR8.o
                                0x530 (size before relaxing)
 .debug_str     0x00001804       0x43 obj/Host_AVR8.o
                                 0xb6 (size before relaxing)
 .debug_str     0x00001847       0x49 obj/PipeStream_AVR8.o
                                 0xbc (size before relaxing)
 .debug_str     0x00001890       0x43 obj/Pipe_AVR8.o
                                 0xb6 (size before relaxing)
 .debug_str     0x000018d3      0x263 obj/USBController_AVR8.o
                                0x418 (size before relaxing)
 .debug_str     0x00001b36      0x13c obj/USBInterrupt_AVR8.o
                                0x413 (size before relaxing)
 .debug_str     0x00001c72      0x233 obj/ConfigDescriptors.o
                                0x2d4 (size before relaxing)
 .debug_str     0x00001ea5      0x418 obj/DeviceStandardReq.o
                                0x804 (size before relaxing)
 .debug_str     0x000022bd       0x4a obj/Events.o
                                 0xbd (size before relaxing)
 .debug_str     0x00002307       0x44 obj/HostStandardReq.o
                                 0xb7 (size before relaxing)
 .debug_str     0x0000234b       0x64 obj/USBTask.o
                                0x274 (size before relaxing)
 .debug_str     0x000023af      0x24f obj/AudioClassDevice.o
                                0x4f4 (size before relaxing)
 .debug_str     0x000025fe      0x32d obj/CDCClassDevice.o
                                0x8d6 (size before relaxing)
 .debug_str     0x0000292b      0x203 obj/HIDClassDevice.o
                                0x523 (size before relaxing)
 .debug_str     0x00002b2e      0x253 obj/MassStorageClassDevice.o
                                0x684 (size before relaxing)
 .debug_str     0x00002d81      0x12e obj/MIDIClassDevice.o
                                0x522 (size before relaxing)
 .debug_str     0x00002eaf      0x282 obj/PrinterClassDevice.o
                                0x7bc (size before relaxing)
 .debug_str     0x00003131      0x70d obj/RNDISClassDevice.o
                                0xbcb (size before relaxing)
 .debug_str     0x0000383e       0x54 obj/AndroidAccessoryClassHost.o
                                 0xc7 (size before relaxing)
 .debug_str     0x00003892       0x49 obj/AudioClassHost.o
                                 0xbc (size before relaxing)
 .debug_str     0x000038db       0x47 obj/CDCClassHost.o
                                 0xba (size before relaxing)
 .debug_str     0x00003922       0x47 obj/HIDClassHost.o
                                 0xba (size before relaxing)
 .debug_str     0x00003969       0x4f obj/MassStorageClassHost.o
                                 0xc2 (size before relaxing)
 .debug_str     0x000039b8       0x48 obj/MIDIClassHost.o
                                 0xbb (size before relaxing)
 .debug_str     0x00003a00       0x4b obj/PrinterClassHost.o
                                 0xbe (size before relaxing)
 .debug_str     0x00003a4b       0x49 obj/RNDISClassHost.o
                                 0xbc (size before relaxing)
 .debug_str     0x00003a94       0x4e obj/StillImageClassHost.o
                                 0xc1 (size before relaxing)
 .debug_str     0x00003ae2       0xee obj/irSend.o
                                0x1c3 (size before relaxing)
 .debug_str     0x00003bd0       0xdf obj/IRremote.o
                                0x1af (size before relaxing)
 .debug_str     0x00003caf      0x139 obj/irRecv.o
                                0x271 (size before relaxing)
 .debug_str     0x00003de8       0xbc obj/irTrans.o
                                0x30e (size before relaxing)
 .debug_str     0x00003ea4       0xb3 obj/led7seg.o
                                0x184 (size before relaxing)
 .debug_str     0x00003f57       0x49 obj/RotEncoder.o
                                0x10a (size before relaxing)
 .debug_str     0x00003fa0       0x1b obj/Motor.o
                                 0xee (size before relaxing)

.debug_loc      0x00000000     0x40e8
 *(.debug_loc)
 .debug_loc     0x00000000      0x1ab obj/main.o
 .debug_loc     0x000001ab      0x160 obj/Descriptors.o
 .debug_loc     0x0000030b      0x560 obj/HIDParser.o
 .debug_loc     0x0000086b     0x1886 obj/EndpointStream_AVR8.o
 .debug_loc     0x000020f1      0x11c obj/Endpoint_AVR8.o
 .debug_loc     0x0000220d      0x2c7 obj/ConfigDescriptors.o
 .debug_loc     0x000024d4      0x23c obj/DeviceStandardReq.o
 .debug_loc     0x00002710      0x25d obj/AudioClassDevice.o
 .debug_loc     0x0000296d      0x524 obj/CDCClassDevice.o
 .debug_loc     0x00002e91      0x141 obj/HIDClassDevice.o
 .debug_loc     0x00002fd2       0x96 obj/MassStorageClassDevice.o
 .debug_loc     0x00003068      0x19a obj/MIDIClassDevice.o
 .debug_loc     0x00003202      0x3bc obj/PrinterClassDevice.o
 .debug_loc     0x000035be      0x464 obj/RNDISClassDevice.o
 .debug_loc     0x00003a22      0x16c obj/irSend.o
 .debug_loc     0x00003b8e      0x143 obj/IRremote.o
 .debug_loc     0x00003cd1      0x1c2 obj/irRecv.o
 .debug_loc     0x00003e93      0x162 obj/irTrans.o
 .debug_loc     0x00003ff5       0xab obj/led7seg.o
 .debug_loc     0x000040a0       0x48 obj/Motor.o

.debug_macinfo
 *(.debug_macinfo)
OUTPUT(main.elf elf32-avr)
LOAD linker stubs

.debug_ranges   0x00000000      0x850
 .debug_ranges  0x00000000       0x88 obj/main.o
 .debug_ranges  0x00000088       0x18 obj/Descriptors.o
 .debug_ranges  0x000000a0       0xa0 obj/HIDParser.o
 .debug_ranges  0x00000140       0x18 obj/Device_AVR8.o
 .debug_ranges  0x00000158       0xc0 obj/EndpointStream_AVR8.o
 .debug_ranges  0x00000218       0x50 obj/Endpoint_AVR8.o
 .debug_ranges  0x00000268       0x28 obj/USBController_AVR8.o
 .debug_ranges  0x00000290       0x30 obj/USBInterrupt_AVR8.o
 .debug_ranges  0x000002c0       0x30 obj/ConfigDescriptors.o
 .debug_ranges  0x000002f0       0x78 obj/DeviceStandardReq.o
 .debug_ranges  0x00000368       0x18 obj/Events.o
 .debug_ranges  0x00000380       0x18 obj/USBTask.o
 .debug_ranges  0x00000398       0x28 obj/AudioClassDevice.o
 .debug_ranges  0x000003c0       0xa0 obj/CDCClassDevice.o
 .debug_ranges  0x00000460       0x28 obj/HIDClassDevice.o
 .debug_ranges  0x00000488       0x78 obj/MassStorageClassDevice.o
 .debug_ranges  0x00000500       0x38 obj/MIDIClassDevice.o
 .debug_ranges  0x00000538       0x88 obj/PrinterClassDevice.o
 .debug_ranges  0x000005c0       0x88 obj/RNDISClassDevice.o
 .debug_ranges  0x00000648       0xb8 obj/irSend.o
 .debug_ranges  0x00000700       0x30 obj/IRremote.o
 .debug_ranges  0x00000730       0x58 obj/irRecv.o
 .debug_ranges  0x00000788       0x50 obj/irTrans.o
 .debug_ranges  0x000007d8       0x30 obj/led7seg.o
 .debug_ranges  0x00000808       0x28 obj/RotEncoder.o
 .debug_ranges  0x00000830       0x20 obj/Motor.o

Cross Reference Table

Symbol                                            File
ADMUXMask                                         obj/main.o
Audio_Device_ConfigureEndpoints                   obj/AudioClassDevice.o
Audio_Device_Event_Stub                           obj/AudioClassDevice.o
Audio_Device_ProcessControlRequest                obj/AudioClassDevice.o
CALLBACK_Audio_Device_GetSetEndpointProperty      obj/AudioClassDevice.o
CALLBACK_Audio_Device_GetSetInterfaceProperty     obj/AudioClassDevice.o
CALLBACK_HIDParser_FilterHIDReportItem            obj/HIDParser.o
CALLBACK_HID_Device_CreateHIDReport               obj/HIDClassDevice.o
CALLBACK_HID_Device_ProcessHIDReport              obj/HIDClassDevice.o
CALLBACK_MS_Device_SCSICommandReceived            obj/MassStorageClassDevice.o
CALLBACK_USB_GetDescriptor                        obj/Descriptors.o
                                                  obj/DeviceStandardReq.o
CDC_Device_BytesReceived                          obj/CDCClassDevice.o
CDC_Device_ConfigureEndpoints                     obj/CDCClassDevice.o
                                                  obj/main.o
CDC_Device_CreateBlockingStream                   obj/CDCClassDevice.o
CDC_Device_CreateStream                           obj/CDCClassDevice.o
                                                  obj/main.o
CDC_Device_Event_Stub                             obj/CDCClassDevice.o
CDC_Device_Flush                                  obj/CDCClassDevice.o
CDC_Device_ProcessControlRequest                  obj/CDCClassDevice.o
                                                  obj/main.o
CDC_Device_ReceiveByte                            obj/CDCClassDevice.o
                                                  obj/main.o
CDC_Device_SendByte                               obj/CDCClassDevice.o
CDC_Device_SendControlLineStateChange             obj/CDCClassDevice.o
CDC_Device_SendData                               obj/CDCClassDevice.o
CDC_Device_SendData_P                             obj/CDCClassDevice.o
CDC_Device_SendString                             obj/CDCClassDevice.o
CDC_Device_SendString_P                           obj/CDCClassDevice.o
CDC_Device_USBTask                                obj/CDCClassDevice.o
                                                  obj/main.o
CalcCheckSum(unsigned long)                       obj/irTrans.o
ConfigurationDescriptor                           obj/Descriptors.o
DebugLed                                          obj/main.o
DeviceDescriptor                                  obj/Descriptors.o
EVENT_Audio_Device_StreamStartStop                obj/AudioClassDevice.o
EVENT_CDC_Device_BreakSent                        obj/CDCClassDevice.o
EVENT_CDC_Device_ControLineStateChanged           obj/main.o
EVENT_CDC_Device_LineEncodingChanged              obj/CDCClassDevice.o
EVENT_PRNT_Device_SoftReset                       obj/PrinterClassDevice.o
EVENT_USB_Device_ConfigurationChanged             obj/main.o
                                                  obj/DeviceStandardReq.o
EVENT_USB_Device_Connect                          obj/main.o
                                                  obj/USBInterrupt_AVR8.o
EVENT_USB_Device_ControlRequest                   obj/main.o
                                                  obj/DeviceStandardReq.o
EVENT_USB_Device_Disconnect                       obj/main.o
                                                  obj/USBInterrupt_AVR8.o
EVENT_USB_Device_Reset                            obj/Events.o
                                                  obj/USBInterrupt_AVR8.o
EVENT_USB_Device_StartOfFrame                     obj/Events.o
                                                  obj/USBInterrupt_AVR8.o
EVENT_USB_Device_Suspend                          obj/Events.o
                                                  obj/USBInterrupt_AVR8.o
EVENT_USB_Device_WakeUp                           obj/Events.o
                                                  obj/USBInterrupt_AVR8.o
Endpoint_ClearEndpoints                           obj/Endpoint_AVR8.o
Endpoint_ClearStatusStage                         obj/Endpoint_AVR8.o
                                                  obj/PrinterClassDevice.o
                                                  obj/MassStorageClassDevice.o
                                                  obj/HIDClassDevice.o
                                                  obj/CDCClassDevice.o
                                                  obj/AudioClassDevice.o
                                                  obj/DeviceStandardReq.o
Endpoint_ConfigureEndpointTable                   obj/Endpoint_AVR8.o
                                                  obj/RNDISClassDevice.o
                                                  obj/PrinterClassDevice.o
                                                  obj/MIDIClassDevice.o
                                                  obj/MassStorageClassDevice.o
                                                  obj/HIDClassDevice.o
                                                  obj/CDCClassDevice.o
                                                  obj/AudioClassDevice.o
Endpoint_ConfigureEndpoint_Prv                    obj/Endpoint_AVR8.o
                                                  obj/USBInterrupt_AVR8.o
                                                  obj/USBController_AVR8.o
Endpoint_Discard_Stream                           obj/EndpointStream_AVR8.o
Endpoint_Null_Stream                              obj/EndpointStream_AVR8.o
Endpoint_Read_Control_EStream_BE                  obj/EndpointStream_AVR8.o
Endpoint_Read_Control_EStream_LE                  obj/EndpointStream_AVR8.o
Endpoint_Read_Control_Stream_BE                   obj/EndpointStream_AVR8.o
Endpoint_Read_Control_Stream_LE                   obj/EndpointStream_AVR8.o
                                                  obj/RNDISClassDevice.o
                                                  obj/HIDClassDevice.o
                                                  obj/AudioClassDevice.o
Endpoint_Read_EStream_BE                          obj/EndpointStream_AVR8.o
Endpoint_Read_EStream_LE                          obj/EndpointStream_AVR8.o
Endpoint_Read_Stream_BE                           obj/EndpointStream_AVR8.o
Endpoint_Read_Stream_LE                           obj/EndpointStream_AVR8.o
                                                  obj/RNDISClassDevice.o
                                                  obj/MIDIClassDevice.o
                                                  obj/MassStorageClassDevice.o
Endpoint_WaitUntilReady                           obj/Endpoint_AVR8.o
                                                  obj/RNDISClassDevice.o
                                                  obj/PrinterClassDevice.o
                                                  obj/MIDIClassDevice.o
                                                  obj/CDCClassDevice.o
                                                  obj/EndpointStream_AVR8.o
Endpoint_Write_Control_EStream_BE                 obj/EndpointStream_AVR8.o
Endpoint_Write_Control_EStream_LE                 obj/EndpointStream_AVR8.o
Endpoint_Write_Control_PStream_BE                 obj/EndpointStream_AVR8.o
Endpoint_Write_Control_PStream_LE                 obj/EndpointStream_AVR8.o
                                                  obj/DeviceStandardReq.o
Endpoint_Write_Control_Stream_BE                  obj/EndpointStream_AVR8.o
Endpoint_Write_Control_Stream_LE                  obj/EndpointStream_AVR8.o
                                                  obj/RNDISClassDevice.o
                                                  obj/PrinterClassDevice.o
                                                  obj/HIDClassDevice.o
                                                  obj/AudioClassDevice.o
                                                  obj/DeviceStandardReq.o
Endpoint_Write_EStream_BE                         obj/EndpointStream_AVR8.o
Endpoint_Write_EStream_LE                         obj/EndpointStream_AVR8.o
Endpoint_Write_PStream_BE                         obj/EndpointStream_AVR8.o
Endpoint_Write_PStream_LE                         obj/EndpointStream_AVR8.o
                                                  obj/CDCClassDevice.o
Endpoint_Write_Stream_BE                          obj/EndpointStream_AVR8.o
Endpoint_Write_Stream_LE                          obj/EndpointStream_AVR8.o
                                                  obj/RNDISClassDevice.o
                                                  obj/PrinterClassDevice.o
                                                  obj/MIDIClassDevice.o
                                                  obj/MassStorageClassDevice.o
                                                  obj/HIDClassDevice.o
                                                  obj/CDCClassDevice.o
GetAD                                             obj/main.o
HID_Device_ConfigureEndpoints                     obj/HIDClassDevice.o
HID_Device_ProcessControlRequest                  obj/HIDClassDevice.o
HID_Device_USBTask                                obj/HIDClassDevice.o
IRrecv::IRrecv()                                  obj/irRecv.o
                                                  obj/irTrans.o
IRrecv::IRrecv()                                  obj/irRecv.o
IRrecv::compare(unsigned int, unsigned int)       obj/irRecv.o
IRrecv::decode(decode_results*)                   obj/irRecv.o
                                                  obj/irTrans.o
IRrecv::decodeMain(decode_results*)               obj/irRecv.o
IRrecv::enableIRIn()                              obj/irRecv.o
                                                  obj/irTrans.o
IRrecv::isIdle()                                  obj/irRecv.o
IRrecv::resume()                                  obj/irRecv.o
                                                  obj/irTrans.o
IRsend::enableIROut(int)                          obj/irSend.o
                                                  obj/irTrans.o
IRsend::send(unsigned long, int)                  obj/irSend.o
                                                  obj/irTrans.o
InitMotor                                         obj/Motor.o
InitRotEncoder                                    obj/RotEncoder.o
                                                  obj/main.o
IrRawRecive                                       obj/irTrans.o
IrRawSend                                         obj/irTrans.o
IrReceive                                         obj/irTrans.o
                                                  obj/main.o
IrReceiveProc                                     obj/main.o
IrReceiveSetup                                    obj/irTrans.o
IrSend                                            obj/irTrans.o
                                                  obj/main.o
IrSendSetup                                       obj/irTrans.o
                                                  obj/main.o
IrTransmissionProc                                obj/main.o
LanguageString                                    obj/Descriptors.o
Led7Seg_Init                                      obj/led7seg.o
                                                  obj/main.o
Led7Seg_SetDisplayNumber                          obj/led7seg.o
                                                  obj/RotEncoder.o
MATCH(int, int)                                   obj/IRremote.o
MATCH_MARK(int, int)                              obj/IRremote.o
                                                  obj/irRecv.o
MATCH_SPACE(int, int)                             obj/IRremote.o
                                                  obj/irRecv.o
MIDI_Device_ConfigureEndpoints                    obj/MIDIClassDevice.o
MIDI_Device_Flush                                 obj/MIDIClassDevice.o
MIDI_Device_ReceiveEventPacket                    obj/MIDIClassDevice.o
MIDI_Device_SendEventPacket                       obj/MIDIClassDevice.o
MIDI_Device_USBTask                               obj/MIDIClassDevice.o
MS_Device_ConfigureEndpoints                      obj/MassStorageClassDevice.o
MS_Device_ProcessControlRequest                   obj/MassStorageClassDevice.o
MS_Device_USBTask                                 obj/MassStorageClassDevice.o
ManufacturerString                                obj/Descriptors.o
MotorPwm                                          obj/Motor.o
                                                  obj/main.o
PRNT_Device_BytesReceived                         obj/PrinterClassDevice.o
PRNT_Device_ConfigureEndpoints                    obj/PrinterClassDevice.o
PRNT_Device_CreateBlockingStream                  obj/PrinterClassDevice.o
PRNT_Device_CreateStream                          obj/PrinterClassDevice.o
PRNT_Device_Event_Stub                            obj/PrinterClassDevice.o
PRNT_Device_Flush                                 obj/PrinterClassDevice.o
PRNT_Device_ProcessControlRequest                 obj/PrinterClassDevice.o
PRNT_Device_ReceiveByte                           obj/PrinterClassDevice.o
PRNT_Device_SendByte                              obj/PrinterClassDevice.o
PRNT_Device_SendData                              obj/PrinterClassDevice.o
PRNT_Device_SendString                            obj/PrinterClassDevice.o
PRNT_Device_USBTask                               obj/PrinterClassDevice.o
ProductString                                     obj/Descriptors.o
RNDIS_Device_ConfigureEndpoints                   obj/RNDISClassDevice.o
RNDIS_Device_IsPacketReceived                     obj/RNDISClassDevice.o
RNDIS_Device_ProcessControlRequest                obj/RNDISClassDevice.o
RNDIS_Device_ReadPacket                           obj/RNDISClassDevice.o
RNDIS_Device_SendPacket                           obj/RNDISClassDevice.o
RNDIS_Device_USBTask                              obj/RNDISClassDevice.o
RotEncoderGetVal                                  obj/RotEncoder.o
                                                  obj/main.o
SelectADChannel                                   obj/main.o
SendShiftReg                                      obj/led7seg.o
SetupHardware                                     obj/main.o
TIMER_CONFIG_KHZ(int)                             obj/irSend.o
TIMER_CONFIG_NORMAL()                             obj/irRecv.o
USBSerialStream                                   obj/main.o
USB_ControlRequest                                obj/RNDISClassDevice.o
                                                  obj/PrinterClassDevice.o
                                                  obj/MassStorageClassDevice.o
                                                  obj/HIDClassDevice.o
                                                  obj/CDCClassDevice.o
                                                  obj/AudioClassDevice.o
                                                  obj/USBTask.o
                                                  obj/DeviceStandardReq.o
                                                  obj/Endpoint_AVR8.o
                                                  obj/EndpointStream_AVR8.o
USB_DeviceState                                   obj/RNDISClassDevice.o
                                                  obj/PrinterClassDevice.o
                                                  obj/MIDIClassDevice.o
                                                  obj/MassStorageClassDevice.o
                                                  obj/HIDClassDevice.o
                                                  obj/CDCClassDevice.o
                                                  obj/USBTask.o
                                                  obj/DeviceStandardReq.o
                                                  obj/USBInterrupt_AVR8.o
                                                  obj/USBController_AVR8.o
                                                  obj/Endpoint_AVR8.o
                                                  obj/EndpointStream_AVR8.o
USB_Device_ConfigurationNumber                    obj/DeviceStandardReq.o
                                                  obj/USBInterrupt_AVR8.o
                                                  obj/USBController_AVR8.o
USB_Device_CurrentlySelfPowered                   obj/DeviceStandardReq.o
                                                  obj/USBController_AVR8.o
USB_Device_ProcessControlRequest                  obj/DeviceStandardReq.o
                                                  obj/USBTask.o
                                                  obj/USBInterrupt_AVR8.o
USB_Device_RemoteWakeupEnabled                    obj/DeviceStandardReq.o
                                                  obj/USBController_AVR8.o
USB_Device_SendRemoteWakeup                       obj/Device_AVR8.o
USB_Disable                                       obj/USBController_AVR8.o
USB_Event_Stub                                    obj/Events.o
USB_GetHIDReportItemInfo                          obj/HIDParser.o
USB_GetHIDReportSize                              obj/HIDParser.o
USB_GetNextDescriptorComp                         obj/ConfigDescriptors.o
USB_GetNextDescriptorOfType                       obj/ConfigDescriptors.o
USB_GetNextDescriptorOfTypeAfter                  obj/ConfigDescriptors.o
USB_GetNextDescriptorOfTypeBefore                 obj/ConfigDescriptors.o
USB_INT_ClearAllInterrupts                        obj/USBInterrupt_AVR8.o
                                                  obj/USBController_AVR8.o
USB_INT_DisableAllInterrupts                      obj/USBInterrupt_AVR8.o
                                                  obj/USBController_AVR8.o
USB_Init                                          obj/USBController_AVR8.o
                                                  obj/main.o
USB_IsInitialized                                 obj/USBTask.o
                                                  obj/USBController_AVR8.o
USB_ProcessHIDReport                              obj/HIDParser.o
USB_ResetInterface                                obj/USBController_AVR8.o
USB_SetHIDReportItemInfo                          obj/HIDParser.o
USB_USBTask                                       obj/USBTask.o
                                                  obj/PrinterClassDevice.o
                                                  obj/CDCClassDevice.o
                                                  obj/main.o
VirtualSerial_CDC_Interface                       obj/main.o
__addsf3                                          c:/winavr-20100110/bin/../lib/gcc/avr/4.3.3/../../../../avr/lib/avr5\libm.a(addsf3.o)
                                                  obj/IRremote.o
__addsf3x                                         c:/winavr-20100110/bin/../lib/gcc/avr/4.3.3/../../../../avr/lib/avr5\libm.a(addsf3x.o)
                                                  c:/winavr-20100110/bin/../lib/gcc/avr/4.3.3/../../../../avr/lib/avr5\libm.a(addsf3.o)
__bad_interrupt                                   c:/winavr-20100110/bin/../lib/gcc/avr/4.3.3/../../../../avr/lib/avr5/crtm32u4.o
__bss_end                                         c:/winavr-20100110/bin/../lib/gcc/avr/4.3.3/avr5\libgcc.a(_clear_bss.o)
__bss_start                                       c:/winavr-20100110/bin/../lib/gcc/avr/4.3.3/avr5\libgcc.a(_clear_bss.o)
__cmpsf2                                          c:/winavr-20100110/bin/../lib/gcc/avr/4.3.3/../../../../avr/lib/avr5\libm.a(cmpsf2.o)
__ctors_end                                       c:/winavr-20100110/bin/../lib/gcc/avr/4.3.3/avr5\libgcc.a(_ctors.o)
__ctors_start                                     c:/winavr-20100110/bin/../lib/gcc/avr/4.3.3/avr5\libgcc.a(_ctors.o)
__ctype_isfalse                                   c:/winavr-20100110/bin/../lib/gcc/avr/4.3.3/../../../../avr/lib/avr5\libc.a(cty_isfalse.o)
                                                  c:/winavr-20100110/bin/../lib/gcc/avr/4.3.3/../../../../avr/lib/avr5\libc.a(isalpha.o)
__ctype_istrue                                    c:/winavr-20100110/bin/../lib/gcc/avr/4.3.3/../../../../avr/lib/avr5\libc.a(cty_isfalse.o)
__data_end                                        c:/winavr-20100110/bin/../lib/gcc/avr/4.3.3/avr5\libgcc.a(_copy_data.o)
__data_load_start                                 c:/winavr-20100110/bin/../lib/gcc/avr/4.3.3/avr5\libgcc.a(_copy_data.o)
__data_start                                      c:/winavr-20100110/bin/../lib/gcc/avr/4.3.3/avr5\libgcc.a(_copy_data.o)
__divmodhi4                                       c:/winavr-20100110/bin/../lib/gcc/avr/4.3.3/avr5\libgcc.a(_divmodhi4.o)
                                                  obj/led7seg.o
                                                  obj/main.o
__divsf3                                          c:/winavr-20100110/bin/../lib/gcc/avr/4.3.3/../../../../avr/lib/avr5\libm.a(divsf3.o)
                                                  obj/IRremote.o
__divsf3_pse                                      c:/winavr-20100110/bin/../lib/gcc/avr/4.3.3/../../../../avr/lib/avr5\libm.a(divsf3x.o)
__divsf3x                                         c:/winavr-20100110/bin/../lib/gcc/avr/4.3.3/../../../../avr/lib/avr5\libm.a(divsf3x.o)
                                                  c:/winavr-20100110/bin/../lib/gcc/avr/4.3.3/../../../../avr/lib/avr5\libm.a(divsf3.o)
__do_clear_bss                                    c:/winavr-20100110/bin/../lib/gcc/avr/4.3.3/avr5\libgcc.a(_clear_bss.o)
                                                  obj/RotEncoder.o
                                                  obj/led7seg.o
                                                  obj/irTrans.o
                                                  obj/IRremote.o
                                                  obj/USBTask.o
                                                  obj/DeviceStandardReq.o
                                                  obj/main.o
__do_copy_data                                    c:/winavr-20100110/bin/../lib/gcc/avr/4.3.3/avr5\libgcc.a(_copy_data.o)
                                                  obj/led7seg.o
                                                  obj/RNDISClassDevice.o
                                                  obj/CDCClassDevice.o
                                                  obj/main.o
__do_global_ctors                                 c:/winavr-20100110/bin/../lib/gcc/avr/4.3.3/avr5\libgcc.a(_ctors.o)
                                                  obj/irTrans.o
__eerd_byte_m32u4                                 c:/winavr-20100110/bin/../lib/gcc/avr/4.3.3/../../../../avr/lib/avr5\libc.a(eerd_byte_atmega32u4.o)
                                                  obj/EndpointStream_AVR8.o
__eeupd_byte_m32u4                                c:/winavr-20100110/bin/../lib/gcc/avr/4.3.3/../../../../avr/lib/avr5\libc.a(eeupd_byte_atmega32u4.o)
                                                  obj/EndpointStream_AVR8.o
__eeupd_r18_m32u4                                 c:/winavr-20100110/bin/../lib/gcc/avr/4.3.3/../../../../avr/lib/avr5\libc.a(eeupd_byte_atmega32u4.o)
__epilogue_restores__                             c:/winavr-20100110/bin/../lib/gcc/avr/4.3.3/avr5\libgcc.a(_epilogue.o)
                                                  c:/winavr-20100110/bin/../lib/gcc/avr/4.3.3/../../../../avr/lib/avr5\libc.a(vfprintf_std.o)
                                                  c:/winavr-20100110/bin/../lib/gcc/avr/4.3.3/../../../../avr/lib/avr5\libc.a(sprintf.o)
                                                  c:/winavr-20100110/bin/../lib/gcc/avr/4.3.3/../../../../avr/lib/avr5\libc.a(fputs.o)
__eqsf2                                           c:/winavr-20100110/bin/../lib/gcc/avr/4.3.3/../../../../avr/lib/avr5\libm.a(cmpsf2.o)
__fixsfsi                                         c:/winavr-20100110/bin/../lib/gcc/avr/4.3.3/../../../../avr/lib/avr5\libm.a(fixsfsi.o)
                                                  obj/IRremote.o
__fixunssfsi                                      c:/winavr-20100110/bin/../lib/gcc/avr/4.3.3/../../../../avr/lib/avr5\libm.a(fixunssfsi.o)
                                                  c:/winavr-20100110/bin/../lib/gcc/avr/4.3.3/../../../../avr/lib/avr5\libm.a(fixsfsi.o)
__floatsisf                                       c:/winavr-20100110/bin/../lib/gcc/avr/4.3.3/../../../../avr/lib/avr5\libm.a(floatsisf.o)
                                                  obj/IRremote.o
__floatunsisf                                     c:/winavr-20100110/bin/../lib/gcc/avr/4.3.3/../../../../avr/lib/avr5\libm.a(floatsisf.o)
                                                  obj/irRecv.o
__fp_cmp                                          c:/winavr-20100110/bin/../lib/gcc/avr/4.3.3/../../../../avr/lib/avr5\libm.a(fp_cmp.o)
                                                  c:/winavr-20100110/bin/../lib/gcc/avr/4.3.3/../../../../avr/lib/avr5\libm.a(cmpsf2.o)
__fp_inf                                          c:/winavr-20100110/bin/../lib/gcc/avr/4.3.3/../../../../avr/lib/avr5\libm.a(fp_inf.o)
                                                  c:/winavr-20100110/bin/../lib/gcc/avr/4.3.3/../../../../avr/lib/avr5\libm.a(mulsf3x.o)
                                                  c:/winavr-20100110/bin/../lib/gcc/avr/4.3.3/../../../../avr/lib/avr5\libm.a(divsf3x.o)
                                                  c:/winavr-20100110/bin/../lib/gcc/avr/4.3.3/../../../../avr/lib/avr5\libm.a(addsf3x.o)
__fp_nan                                          c:/winavr-20100110/bin/../lib/gcc/avr/4.3.3/../../../../avr/lib/avr5\libm.a(fp_nan.o)
                                                  c:/winavr-20100110/bin/../lib/gcc/avr/4.3.3/../../../../avr/lib/avr5\libm.a(mulsf3x.o)
                                                  c:/winavr-20100110/bin/../lib/gcc/avr/4.3.3/../../../../avr/lib/avr5\libm.a(divsf3x.o)
                                                  c:/winavr-20100110/bin/../lib/gcc/avr/4.3.3/../../../../avr/lib/avr5\libm.a(addsf3x.o)
__fp_pscA                                         c:/winavr-20100110/bin/../lib/gcc/avr/4.3.3/../../../../avr/lib/avr5\libm.a(fp_pscA.o)
                                                  c:/winavr-20100110/bin/../lib/gcc/avr/4.3.3/../../../../avr/lib/avr5\libm.a(mulsf3x.o)
                                                  c:/winavr-20100110/bin/../lib/gcc/avr/4.3.3/../../../../avr/lib/avr5\libm.a(divsf3x.o)
                                                  c:/winavr-20100110/bin/../lib/gcc/avr/4.3.3/../../../../avr/lib/avr5\libm.a(addsf3x.o)
__fp_pscB                                         c:/winavr-20100110/bin/../lib/gcc/avr/4.3.3/../../../../avr/lib/avr5\libm.a(fp_pscB.o)
                                                  c:/winavr-20100110/bin/../lib/gcc/avr/4.3.3/../../../../avr/lib/avr5\libm.a(mulsf3x.o)
                                                  c:/winavr-20100110/bin/../lib/gcc/avr/4.3.3/../../../../avr/lib/avr5\libm.a(divsf3x.o)
                                                  c:/winavr-20100110/bin/../lib/gcc/avr/4.3.3/../../../../avr/lib/avr5\libm.a(addsf3x.o)
__fp_round                                        c:/winavr-20100110/bin/../lib/gcc/avr/4.3.3/../../../../avr/lib/avr5\libm.a(fp_round.o)
                                                  c:/winavr-20100110/bin/../lib/gcc/avr/4.3.3/../../../../avr/lib/avr5\libm.a(mulsf3.o)
                                                  c:/winavr-20100110/bin/../lib/gcc/avr/4.3.3/../../../../avr/lib/avr5\libm.a(divsf3.o)
                                                  c:/winavr-20100110/bin/../lib/gcc/avr/4.3.3/../../../../avr/lib/avr5\libm.a(addsf3.o)
__fp_split3                                       c:/winavr-20100110/bin/../lib/gcc/avr/4.3.3/../../../../avr/lib/avr5\libm.a(fp_split3.o)
                                                  c:/winavr-20100110/bin/../lib/gcc/avr/4.3.3/../../../../avr/lib/avr5\libm.a(mulsf3x.o)
                                                  c:/winavr-20100110/bin/../lib/gcc/avr/4.3.3/../../../../avr/lib/avr5\libm.a(divsf3x.o)
                                                  c:/winavr-20100110/bin/../lib/gcc/avr/4.3.3/../../../../avr/lib/avr5\libm.a(addsf3x.o)
__fp_splitA                                       c:/winavr-20100110/bin/../lib/gcc/avr/4.3.3/../../../../avr/lib/avr5\libm.a(fp_split3.o)
                                                  c:/winavr-20100110/bin/../lib/gcc/avr/4.3.3/../../../../avr/lib/avr5\libm.a(fixunssfsi.o)
__fp_szero                                        c:/winavr-20100110/bin/../lib/gcc/avr/4.3.3/../../../../avr/lib/avr5\libm.a(fp_zero.o)
                                                  c:/winavr-20100110/bin/../lib/gcc/avr/4.3.3/../../../../avr/lib/avr5\libm.a(mulsf3x.o)
                                                  c:/winavr-20100110/bin/../lib/gcc/avr/4.3.3/../../../../avr/lib/avr5\libm.a(fixsfsi.o)
                                                  c:/winavr-20100110/bin/../lib/gcc/avr/4.3.3/../../../../avr/lib/avr5\libm.a(divsf3x.o)
__fp_zero                                         c:/winavr-20100110/bin/../lib/gcc/avr/4.3.3/../../../../avr/lib/avr5\libm.a(fp_zero.o)
                                                  c:/winavr-20100110/bin/../lib/gcc/avr/4.3.3/../../../../avr/lib/avr5\libm.a(fixunssfsi.o)
                                                  c:/winavr-20100110/bin/../lib/gcc/avr/4.3.3/../../../../avr/lib/avr5\libm.a(addsf3x.o)
__heap_end                                        c:/winavr-20100110/bin/../lib/gcc/avr/4.3.3/../../../../avr/lib/avr5/crtm32u4.o
__init                                            c:/winavr-20100110/bin/../lib/gcc/avr/4.3.3/../../../../avr/lib/avr5/crtm32u4.o
__lesf2                                           c:/winavr-20100110/bin/../lib/gcc/avr/4.3.3/../../../../avr/lib/avr5\libm.a(cmpsf2.o)
__ltsf2                                           c:/winavr-20100110/bin/../lib/gcc/avr/4.3.3/../../../../avr/lib/avr5\libm.a(cmpsf2.o)
                                                  obj/irRecv.o
__mulsf3                                          c:/winavr-20100110/bin/../lib/gcc/avr/4.3.3/../../../../avr/lib/avr5\libm.a(mulsf3.o)
                                                  obj/irRecv.o
                                                  obj/IRremote.o
__mulsf3_pse                                      c:/winavr-20100110/bin/../lib/gcc/avr/4.3.3/../../../../avr/lib/avr5\libm.a(mulsf3x.o)
__mulsf3x                                         c:/winavr-20100110/bin/../lib/gcc/avr/4.3.3/../../../../avr/lib/avr5\libm.a(mulsf3x.o)
                                                  c:/winavr-20100110/bin/../lib/gcc/avr/4.3.3/../../../../avr/lib/avr5\libm.a(mulsf3.o)
__nesf2                                           c:/winavr-20100110/bin/../lib/gcc/avr/4.3.3/../../../../avr/lib/avr5\libm.a(cmpsf2.o)
__prologue_saves__                                c:/winavr-20100110/bin/../lib/gcc/avr/4.3.3/avr5\libgcc.a(_prologue.o)
                                                  c:/winavr-20100110/bin/../lib/gcc/avr/4.3.3/../../../../avr/lib/avr5\libc.a(vfprintf_std.o)
                                                  c:/winavr-20100110/bin/../lib/gcc/avr/4.3.3/../../../../avr/lib/avr5\libc.a(sprintf.o)
__stack                                           c:/winavr-20100110/bin/../lib/gcc/avr/4.3.3/../../../../avr/lib/avr5/crtm32u4.o
__subsf3                                          c:/winavr-20100110/bin/../lib/gcc/avr/4.3.3/../../../../avr/lib/avr5\libm.a(addsf3.o)
__tablejump2__                                    c:/winavr-20100110/bin/../lib/gcc/avr/4.3.3/avr5\libgcc.a(_tablejump.o)
__tablejump__                                     c:/winavr-20100110/bin/../lib/gcc/avr/4.3.3/avr5\libgcc.a(_tablejump.o)
                                                  c:/winavr-20100110/bin/../lib/gcc/avr/4.3.3/avr5\libgcc.a(_ctors.o)
__udivmodhi4                                      c:/winavr-20100110/bin/../lib/gcc/avr/4.3.3/avr5\libgcc.a(_udivmodhi4.o)
                                                  c:/winavr-20100110/bin/../lib/gcc/avr/4.3.3/avr5\libgcc.a(_divmodhi4.o)
                                                  obj/irSend.o
__udivmodsi4                                      c:/winavr-20100110/bin/../lib/gcc/avr/4.3.3/avr5\libgcc.a(_udivmodsi4.o)
                                                  obj/irSend.o
__ultoa_invert                                    c:/winavr-20100110/bin/../lib/gcc/avr/4.3.3/../../../../avr/lib/avr5\libc.a(ultoa_invert.o)
                                                  c:/winavr-20100110/bin/../lib/gcc/avr/4.3.3/../../../../avr/lib/avr5\libc.a(vfprintf_std.o)
__vector_1                                        c:/winavr-20100110/bin/../lib/gcc/avr/4.3.3/../../../../avr/lib/avr5/crtm32u4.o
__vector_10                                       obj/USBInterrupt_AVR8.o
                                                  c:/winavr-20100110/bin/../lib/gcc/avr/4.3.3/../../../../avr/lib/avr5/crtm32u4.o
__vector_11                                       obj/USBInterrupt_AVR8.o
                                                  c:/winavr-20100110/bin/../lib/gcc/avr/4.3.3/../../../../avr/lib/avr5/crtm32u4.o
__vector_12                                       c:/winavr-20100110/bin/../lib/gcc/avr/4.3.3/../../../../avr/lib/avr5/crtm32u4.o
__vector_13                                       c:/winavr-20100110/bin/../lib/gcc/avr/4.3.3/../../../../avr/lib/avr5/crtm32u4.o
__vector_14                                       c:/winavr-20100110/bin/../lib/gcc/avr/4.3.3/../../../../avr/lib/avr5/crtm32u4.o
__vector_15                                       c:/winavr-20100110/bin/../lib/gcc/avr/4.3.3/../../../../avr/lib/avr5/crtm32u4.o
__vector_16                                       c:/winavr-20100110/bin/../lib/gcc/avr/4.3.3/../../../../avr/lib/avr5/crtm32u4.o
__vector_17                                       c:/winavr-20100110/bin/../lib/gcc/avr/4.3.3/../../../../avr/lib/avr5/crtm32u4.o
__vector_18                                       c:/winavr-20100110/bin/../lib/gcc/avr/4.3.3/../../../../avr/lib/avr5/crtm32u4.o
__vector_19                                       c:/winavr-20100110/bin/../lib/gcc/avr/4.3.3/../../../../avr/lib/avr5/crtm32u4.o
__vector_2                                        c:/winavr-20100110/bin/../lib/gcc/avr/4.3.3/../../../../avr/lib/avr5/crtm32u4.o
__vector_20                                       c:/winavr-20100110/bin/../lib/gcc/avr/4.3.3/../../../../avr/lib/avr5/crtm32u4.o
__vector_21                                       c:/winavr-20100110/bin/../lib/gcc/avr/4.3.3/../../../../avr/lib/avr5/crtm32u4.o
__vector_22                                       c:/winavr-20100110/bin/../lib/gcc/avr/4.3.3/../../../../avr/lib/avr5/crtm32u4.o
__vector_23                                       obj/led7seg.o
                                                  c:/winavr-20100110/bin/../lib/gcc/avr/4.3.3/../../../../avr/lib/avr5/crtm32u4.o
__vector_24                                       c:/winavr-20100110/bin/../lib/gcc/avr/4.3.3/../../../../avr/lib/avr5/crtm32u4.o
__vector_25                                       c:/winavr-20100110/bin/../lib/gcc/avr/4.3.3/../../../../avr/lib/avr5/crtm32u4.o
__vector_26                                       c:/winavr-20100110/bin/../lib/gcc/avr/4.3.3/../../../../avr/lib/avr5/crtm32u4.o
__vector_27                                       c:/winavr-20100110/bin/../lib/gcc/avr/4.3.3/../../../../avr/lib/avr5/crtm32u4.o
__vector_28                                       c:/winavr-20100110/bin/../lib/gcc/avr/4.3.3/../../../../avr/lib/avr5/crtm32u4.o
__vector_29                                       c:/winavr-20100110/bin/../lib/gcc/avr/4.3.3/../../../../avr/lib/avr5/crtm32u4.o
__vector_3                                        obj/RotEncoder.o
                                                  c:/winavr-20100110/bin/../lib/gcc/avr/4.3.3/../../../../avr/lib/avr5/crtm32u4.o
__vector_30                                       c:/winavr-20100110/bin/../lib/gcc/avr/4.3.3/../../../../avr/lib/avr5/crtm32u4.o
__vector_31                                       c:/winavr-20100110/bin/../lib/gcc/avr/4.3.3/../../../../avr/lib/avr5/crtm32u4.o
__vector_32                                       c:/winavr-20100110/bin/../lib/gcc/avr/4.3.3/../../../../avr/lib/avr5/crtm32u4.o
__vector_33                                       c:/winavr-20100110/bin/../lib/gcc/avr/4.3.3/../../../../avr/lib/avr5/crtm32u4.o
__vector_34                                       c:/winavr-20100110/bin/../lib/gcc/avr/4.3.3/../../../../avr/lib/avr5/crtm32u4.o
__vector_35                                       c:/winavr-20100110/bin/../lib/gcc/avr/4.3.3/../../../../avr/lib/avr5/crtm32u4.o
__vector_36                                       c:/winavr-20100110/bin/../lib/gcc/avr/4.3.3/../../../../avr/lib/avr5/crtm32u4.o
__vector_37                                       c:/winavr-20100110/bin/../lib/gcc/avr/4.3.3/../../../../avr/lib/avr5/crtm32u4.o
__vector_38                                       c:/winavr-20100110/bin/../lib/gcc/avr/4.3.3/../../../../avr/lib/avr5/crtm32u4.o
__vector_39                                       c:/winavr-20100110/bin/../lib/gcc/avr/4.3.3/../../../../avr/lib/avr5/crtm32u4.o
__vector_4                                        c:/winavr-20100110/bin/../lib/gcc/avr/4.3.3/../../../../avr/lib/avr5/crtm32u4.o
__vector_40                                       c:/winavr-20100110/bin/../lib/gcc/avr/4.3.3/../../../../avr/lib/avr5/crtm32u4.o
__vector_41                                       obj/IRremote.o
                                                  c:/winavr-20100110/bin/../lib/gcc/avr/4.3.3/../../../../avr/lib/avr5/crtm32u4.o
__vector_42                                       c:/winavr-20100110/bin/../lib/gcc/avr/4.3.3/../../../../avr/lib/avr5/crtm32u4.o
__vector_5                                        c:/winavr-20100110/bin/../lib/gcc/avr/4.3.3/../../../../avr/lib/avr5/crtm32u4.o
__vector_6                                        c:/winavr-20100110/bin/../lib/gcc/avr/4.3.3/../../../../avr/lib/avr5/crtm32u4.o
__vector_7                                        c:/winavr-20100110/bin/../lib/gcc/avr/4.3.3/../../../../avr/lib/avr5/crtm32u4.o
__vector_8                                        c:/winavr-20100110/bin/../lib/gcc/avr/4.3.3/../../../../avr/lib/avr5/crtm32u4.o
__vector_9                                        c:/winavr-20100110/bin/../lib/gcc/avr/4.3.3/../../../../avr/lib/avr5/crtm32u4.o
__vector_default                                  c:/winavr-20100110/bin/../lib/gcc/avr/4.3.3/../../../../avr/lib/avr5/crtm32u4.o
__vectors                                         c:/winavr-20100110/bin/../lib/gcc/avr/4.3.3/../../../../avr/lib/avr5/crtm32u4.o
_div                                              c:/winavr-20100110/bin/../lib/gcc/avr/4.3.3/avr5\libgcc.a(_divmodhi4.o)
_exit                                             c:/winavr-20100110/bin/../lib/gcc/avr/4.3.3/avr5\libgcc.a(_exit.o)
exit                                              c:/winavr-20100110/bin/../lib/gcc/avr/4.3.3/avr5\libgcc.a(_exit.o)
                                                  c:/winavr-20100110/bin/../lib/gcc/avr/4.3.3/../../../../avr/lib/avr5/crtm32u4.o
fputc                                             c:/winavr-20100110/bin/../lib/gcc/avr/4.3.3/../../../../avr/lib/avr5\libc.a(fputc.o)
                                                  c:/winavr-20100110/bin/../lib/gcc/avr/4.3.3/../../../../avr/lib/avr5\libc.a(vfprintf_std.o)
                                                  obj/main.o
fputs                                             c:/winavr-20100110/bin/../lib/gcc/avr/4.3.3/../../../../avr/lib/avr5\libc.a(fputs.o)
                                                  obj/main.o
g_CurrentDigit                                    obj/led7seg.o
g_DisplayPatterns                                 obj/led7seg.o
irparams                                          obj/IRremote.o
                                                  obj/irRecv.o
isalpha                                           c:/winavr-20100110/bin/../lib/gcc/avr/4.3.3/../../../../avr/lib/avr5\libc.a(isalpha.o)
                                                  obj/main.o
islower                                           c:/winavr-20100110/bin/../lib/gcc/avr/4.3.3/../../../../avr/lib/avr5\libc.a(isalpha.o)
isupper                                           c:/winavr-20100110/bin/../lib/gcc/avr/4.3.3/../../../../avr/lib/avr5\libc.a(isalpha.o)
main                                              obj/main.o
                                                  c:/winavr-20100110/bin/../lib/gcc/avr/4.3.3/../../../../avr/lib/avr5/crtm32u4.o
memcmp                                            c:/winavr-20100110/bin/../lib/gcc/avr/4.3.3/../../../../avr/lib/avr5\libc.a(memcmp.o)
                                                  obj/HIDClassDevice.o
memcpy                                            c:/winavr-20100110/bin/../lib/gcc/avr/4.3.3/../../../../avr/lib/avr5\libc.a(memcpy.o)
                                                  obj/RNDISClassDevice.o
                                                  obj/HIDClassDevice.o
memcpy_P                                          c:/winavr-20100110/bin/../lib/gcc/avr/4.3.3/../../../../avr/lib/avr5\libc.a(memcpy_P.o)
                                                  obj/RNDISClassDevice.o
memset                                            c:/winavr-20100110/bin/../lib/gcc/avr/4.3.3/../../../../avr/lib/avr5\libc.a(memset.o)
                                                  obj/HIDClassDevice.o
sprintf                                           c:/winavr-20100110/bin/../lib/gcc/avr/4.3.3/../../../../avr/lib/avr5\libc.a(sprintf.o)
                                                  obj/main.o
strlen_P                                          c:/winavr-20100110/bin/../lib/gcc/avr/4.3.3/../../../../avr/lib/avr5\libc.a(strlen_P.o)
                                                  obj/CDCClassDevice.o
strnlen                                           c:/winavr-20100110/bin/../lib/gcc/avr/4.3.3/../../../../avr/lib/avr5\libc.a(strnlen.o)
                                                  c:/winavr-20100110/bin/../lib/gcc/avr/4.3.3/../../../../avr/lib/avr5\libc.a(vfprintf_std.o)
strnlen_P                                         c:/winavr-20100110/bin/../lib/gcc/avr/4.3.3/../../../../avr/lib/avr5\libc.a(strnlen_P.o)
                                                  c:/winavr-20100110/bin/../lib/gcc/avr/4.3.3/../../../../avr/lib/avr5\libc.a(vfprintf_std.o)
vfprintf                                          c:/winavr-20100110/bin/../lib/gcc/avr/4.3.3/../../../../avr/lib/avr5\libc.a(vfprintf_std.o)
                                                  c:/winavr-20100110/bin/../lib/gcc/avr/4.3.3/../../../../avr/lib/avr5\libc.a(sprintf.o)
