Archive member included because of file (symbol)

c:/winavr-20100110/bin/../lib/gcc/avr/4.3.3/../../../../avr/lib/avr5\libm.a(addsf3.o)
                              obj/IRremote.o (__addsf3)
c:/winavr-20100110/bin/../lib/gcc/avr/4.3.3/../../../../avr/lib/avr5\libm.a(addsf3x.o)
                              c:/winavr-20100110/bin/../lib/gcc/avr/4.3.3/../../../../avr/lib/avr5\libm.a(addsf3.o) (__addsf3x)
c:/winavr-20100110/bin/../lib/gcc/avr/4.3.3/../../../../avr/lib/avr5\libm.a(cmpsf2.o)
                              obj/irRecv.o (__ltsf2)
c:/winavr-20100110/bin/../lib/gcc/avr/4.3.3/../../../../avr/lib/avr5\libm.a(divsf3.o)
                              obj/IRremote.o (__divsf3)
c:/winavr-20100110/bin/../lib/gcc/avr/4.3.3/../../../../avr/lib/avr5\libm.a(divsf3x.o)
                              c:/winavr-20100110/bin/../lib/gcc/avr/4.3.3/../../../../avr/lib/avr5\libm.a(divsf3.o) (__divsf3x)
c:/winavr-20100110/bin/../lib/gcc/avr/4.3.3/../../../../avr/lib/avr5\libm.a(fixsfsi.o)
                              obj/IRremote.o (__fixsfsi)
c:/winavr-20100110/bin/../lib/gcc/avr/4.3.3/../../../../avr/lib/avr5\libm.a(fixunssfsi.o)
                              c:/winavr-20100110/bin/../lib/gcc/avr/4.3.3/../../../../avr/lib/avr5\libm.a(fixsfsi.o) (__fixunssfsi)
c:/winavr-20100110/bin/../lib/gcc/avr/4.3.3/../../../../avr/lib/avr5\libm.a(floatsisf.o)
                              obj/irRecv.o (__floatunsisf)
c:/winavr-20100110/bin/../lib/gcc/avr/4.3.3/../../../../avr/lib/avr5\libm.a(fp_cmp.o)
                              c:/winavr-20100110/bin/../lib/gcc/avr/4.3.3/../../../../avr/lib/avr5\libm.a(cmpsf2.o) (__fp_cmp)
c:/winavr-20100110/bin/../lib/gcc/avr/4.3.3/../../../../avr/lib/avr5\libm.a(fp_inf.o)
                              c:/winavr-20100110/bin/../lib/gcc/avr/4.3.3/../../../../avr/lib/avr5\libm.a(addsf3x.o) (__fp_inf)
c:/winavr-20100110/bin/../lib/gcc/avr/4.3.3/../../../../avr/lib/avr5\libm.a(fp_nan.o)
                              c:/winavr-20100110/bin/../lib/gcc/avr/4.3.3/../../../../avr/lib/avr5\libm.a(addsf3x.o) (__fp_nan)
c:/winavr-20100110/bin/../lib/gcc/avr/4.3.3/../../../../avr/lib/avr5\libm.a(fp_pscA.o)
                              c:/winavr-20100110/bin/../lib/gcc/avr/4.3.3/../../../../avr/lib/avr5\libm.a(addsf3x.o) (__fp_pscA)
c:/winavr-20100110/bin/../lib/gcc/avr/4.3.3/../../../../avr/lib/avr5\libm.a(fp_pscB.o)
                              c:/winavr-20100110/bin/../lib/gcc/avr/4.3.3/../../../../avr/lib/avr5\libm.a(addsf3x.o) (__fp_pscB)
c:/winavr-20100110/bin/../lib/gcc/avr/4.3.3/../../../../avr/lib/avr5\libm.a(fp_round.o)
                              c:/winavr-20100110/bin/../lib/gcc/avr/4.3.3/../../../../avr/lib/avr5\libm.a(addsf3.o) (__fp_round)
c:/winavr-20100110/bin/../lib/gcc/avr/4.3.3/../../../../avr/lib/avr5\libm.a(fp_split3.o)
                              c:/winavr-20100110/bin/../lib/gcc/avr/4.3.3/../../../../avr/lib/avr5\libm.a(addsf3x.o) (__fp_split3)
c:/winavr-20100110/bin/../lib/gcc/avr/4.3.3/../../../../avr/lib/avr5\libm.a(fp_zero.o)
                              c:/winavr-20100110/bin/../lib/gcc/avr/4.3.3/../../../../avr/lib/avr5\libm.a(addsf3x.o) (__fp_zero)
c:/winavr-20100110/bin/../lib/gcc/avr/4.3.3/../../../../avr/lib/avr5\libm.a(mulsf3.o)
                              obj/IRremote.o (__mulsf3)
c:/winavr-20100110/bin/../lib/gcc/avr/4.3.3/../../../../avr/lib/avr5\libm.a(mulsf3x.o)
                              c:/winavr-20100110/bin/../lib/gcc/avr/4.3.3/../../../../avr/lib/avr5\libm.a(mulsf3.o) (__mulsf3x)
c:/winavr-20100110/bin/../lib/gcc/avr/4.3.3/avr5\libgcc.a(_udivmodhi4.o)
                              obj/irSend.o (__udivmodhi4)
c:/winavr-20100110/bin/../lib/gcc/avr/4.3.3/avr5\libgcc.a(_divmodhi4.o)
                              obj/led7seg.o (__divmodhi4)
c:/winavr-20100110/bin/../lib/gcc/avr/4.3.3/avr5\libgcc.a(_udivmodsi4.o)
                              obj/irSend.o (__udivmodsi4)
c:/winavr-20100110/bin/../lib/gcc/avr/4.3.3/avr5\libgcc.a(_exit.o)
                              c:/winavr-20100110/bin/../lib/gcc/avr/4.3.3/../../../../avr/lib/avr5/crtm32u4.o (exit)
c:/winavr-20100110/bin/../lib/gcc/avr/4.3.3/avr5\libgcc.a(_copy_data.o)
                              obj/main.o (__do_copy_data)
c:/winavr-20100110/bin/../lib/gcc/avr/4.3.3/avr5\libgcc.a(_clear_bss.o)
                              obj/main.o (__do_clear_bss)
c:/winavr-20100110/bin/../lib/gcc/avr/4.3.3/avr5\libgcc.a(_ctors.o)
                              obj/irTrans.o (__do_global_ctors)
c:/winavr-20100110/bin/../lib/gcc/avr/4.3.3/avr5\libgcc.a(_tablejump.o)
                              c:/winavr-20100110/bin/../lib/gcc/avr/4.3.3/avr5\libgcc.a(_ctors.o) (__tablejump__)
c:/winavr-20100110/bin/../lib/gcc/avr/4.3.3/../../../../avr/lib/avr5\libc.a(isalpha.o)
                              obj/main.o (isalpha)
c:/winavr-20100110/bin/../lib/gcc/avr/4.3.3/../../../../avr/lib/avr5\libc.a(memcpy_P.o)
[...]
Memory Configuration

Name             Origin             Length             Attributes
text             0x00000000         0x00020000         xr
data             0x00800060         0x0000ffa0         rw !x
eeprom           0x00810000         0x00010000         rw !x
fuse             0x00820000         0x00000400         rw !x
lock             0x00830000         0x00000400         rw !x
signature        0x00840000         0x00000400         rw !x
*default*        0x00000000         0xffffffff

Linker script and memory map

Address of section .data set to 0x800100
LOAD c:/winavr-20100110/bin/../lib/gcc/avr/4.3.3/../../../../avr/lib/avr5/crtm32u4.o
LOAD obj/main.o
LOAD obj/Descriptors.o
LOAD obj/HIDParser.o
LOAD obj/Device_AVR8.o
LOAD obj/EndpointStream_AVR8.o
LOAD obj/Endpoint_AVR8.o
LOAD obj/Host_AVR8.o
LOAD obj/PipeStream_AVR8.o
LOAD obj/Pipe_AVR8.o
LOAD obj/USBController_AVR8.o
LOAD obj/USBInterrupt_AVR8.o
LOAD obj/ConfigDescriptors.o
LOAD obj/DeviceStandardReq.o
LOAD obj/Events.o
LOAD obj/HostStandardReq.o
LOAD obj/USBTask.o
LOAD obj/AudioClassDevice.o
LOAD obj/CDCClassDevice.o
LOAD obj/HIDClassDevice.o
LOAD obj/MassStorageClassDevice.o
LOAD obj/MIDIClassDevice.o
LOAD obj/PrinterClassDevice.o
LOAD obj/RNDISClassDevice.o
LOAD obj/AndroidAccessoryClassHost.o
LOAD obj/AudioClassHost.o
LOAD obj/CDCClassHost.o
LOAD obj/HIDClassHost.o
LOAD obj/MassStorageClassHost.o
LOAD obj/MIDIClassHost.o
LOAD obj/PrinterClassHost.o
LOAD obj/RNDISClassHost.o
LOAD obj/StillImageClassHost.o
LOAD obj/irSend.o
LOAD obj/IRremote.o
LOAD obj/irRecv.o
LOAD obj/irTrans.o
LOAD obj/led7seg.o
LOAD obj/RotEncoder.o
LOAD obj/Motor.o
LOAD c:/winavr-20100110/bin/../lib/gcc/avr/4.3.3/../../../../avr/lib/avr5\libm.a
LOAD c:/winavr-20100110/bin/../lib/gcc/avr/4.3.3/avr5\libgcc.a
LOAD c:/winavr-20100110/bin/../lib/gcc/avr/4.3.3/../../../../avr/lib/avr5\libc.a
LOAD c:/winavr-20100110/bin/../lib/gcc/avr/4.3.3/avr5\libgcc.a

.hash
 *(.hash)

.dynsym
 *(.dynsym)

.dynstr
 *(.dynstr)

.gnu.version
 *(.gnu.version)

.gnu.version_d
 *(.gnu.version_d)

.gnu.version_r
 *(.gnu.version_r)

.rel.init
 *(.rel.init)

.rela.init
 *(.rela.init)

.rel.text
 *(.rel.text)
 *(.rel.text.*)
 *(.rel.gnu.linkonce.t*)

.rela.text
 *(.rela.text)
 *(.rela.text.*)
 *(.rela.gnu.linkonce.t*)

.rel.fini
 *(.rel.fini)

.rela.fini
 *(.rela.fini)

.rel.rodata
 *(.rel.rodata)
 *(.rel.rodata.*)
 *(.rel.gnu.linkonce.r*)

.rela.rodata
 *(.rela.rodata)
 *(.rela.rodata.*)
 *(.rela.gnu.linkonce.r*)

.rel.data
 *(.rel.data)
 *(.rel.data.*)
 *(.rel.gnu.linkonce.d*)

.rela.data
 *(.rela.data)
 *(.rela.data.*)
 *(.rela.gnu.linkonce.d*)

.rel.ctors
 *(.rel.ctors)

.rela.ctors
 *(.rela.ctors)

.rel.dtors
 *(.rel.dtors)

.rela.dtors
 *(.rela.dtors)

.rel.got
 *(.rel.got)

.rela.got
 *(.rela.got)

.rel.bss
 *(.rel.bss)

.rela.bss
 *(.rela.bss)

.rel.plt
 *(.rel.plt)

.rela.plt
 *(.rela.plt)

.text           0x00000000     0x1bf4
 *(.vectors)
 .vectors       0x00000000       0xac c:/winavr-20100110/bin/../lib/gcc/avr/4.3.3/../../../../avr/lib/avr5/crtm32u4.o
                0x00000000                __vectors
                0x00000000                __vector_default
 *(.vectors)
 *(.progmem.gcc*)
 *(.progmem*)
 .progmem.data  0x000000ac       0x8c obj/Descriptors.o
                0x00000100                ManufacturerString
                0x000000fc                LanguageString
                0x000000ac                DeviceDescriptor
                0x0000011a                ProductString
                0x000000be                ConfigurationDescriptor
                0x00000138                . = ALIGN (0x2)
                0x00000138                __trampolines_start = .
 *(.trampolines)
 .trampolines   0x00000138        0x0 linker stubs
 *(.trampolines*)
                0x00000138                __trampolines_end = .
 *(.jumptables)
 *(.jumptables*)
 *(.lowtext)
 *(.lowtext*)
                0x00000138                __ctors_start = .
 *(.ctors)
 .ctors         0x00000138        0x2 obj/irTrans.o
                0x0000013a                __ctors_end = .
                0x0000013a                __dtors_start = .
 *(.dtors)
                0x0000013a                __dtors_end = .
 SORT(*)(.ctors)
 SORT(*)(.dtors)
 *(.init0)
 .init0         0x0000013a        0x0 c:/winavr-20100110/bin/../lib/gcc/avr/4.3.3/../../../../avr/lib/avr5/crtm32u4.o
                0x0000013a                __init
 *(.init0)
 *(.init1)
 *(.init1)
 *(.init2)
 .init2         0x0000013a        0xc c:/winavr-20100110/bin/../lib/gcc/avr/4.3.3/../../../../avr/lib/avr5/crtm32u4.o
 *(.init2)
 *(.init3)
 *(.init3)
 *(.init4)
 .init4         0x00000146       0x16 c:/winavr-20100110/bin/../lib/gcc/avr/4.3.3/avr5\libgcc.a(_copy_data.o)
                0x00000146                __do_copy_data
 .init4         0x0000015c       0x10 c:/winavr-20100110/bin/../lib/gcc/avr/4.3.3/avr5\libgcc.a(_clear_bss.o)
                0x0000015c                __do_clear_bss
 *(.init4)
 *(.init5)
 *(.init5)
 *(.init6)
 .init6         0x0000016c       0x16 c:/winavr-20100110/bin/../lib/gcc/avr/4.3.3/avr5\libgcc.a(_ctors.o)
                0x0000016c                __do_global_ctors
 *(.init6)
 *(.init7)
 *(.init7)
 *(.init8)
 *(.init8)
 *(.init9)
 .init9         0x00000182        0x6 c:/winavr-20100110/bin/../lib/gcc/avr/4.3.3/../../../../avr/lib/avr5/crtm32u4.o
 *(.init9)
 *(.text)
 .text          0x00000188        0x2 c:/winavr-20100110/bin/../lib/gcc/avr/4.3.3/../../../../avr/lib/avr5/crtm32u4.o
                0x00000188                __vector_38
                0x00000188                __vector_22
                0x00000188                __vector_28
                0x00000188                __vector_1
                0x00000188                __vector_32
                0x00000188                __vector_34
                0x00000188                __vector_24
                0x00000188                __vector_12
                0x00000188                __bad_interrupt
                0x00000188                __vector_6
                0x00000188                __vector_31
                0x00000188                __vector_35
                0x00000188                __vector_39
                0x00000188                __vector_30
                0x00000188                __vector_25
                0x00000188                __vector_13
                0x00000188                __vector_17
                0x00000188                __vector_19
                0x00000188                __vector_7
                0x00000188                __vector_27
                0x00000188                __vector_5
                0x00000188                __vector_33
                0x00000188                __vector_37
                0x00000188                __vector_4
                0x00000188                __vector_9
                0x00000188                __vector_2
                0x00000188                __vector_21
                0x00000188                __vector_15
                0x00000188                __vector_36
                0x00000188                __vector_29
                0x00000188                __vector_40
                0x00000188                __vector_8
                0x00000188                __vector_26
                0x00000188                __vector_14
                0x00000188                __vector_16
                0x00000188                __vector_18
                0x00000188                __vector_20
                0x00000188                __vector_42
                0x0000018a                . = ALIGN (0x2)
 *(.text.*)
 .text.EVENT_USB_Device_Connect
                0x0000018a        0x2 obj/main.o
                0x0000018a                EVENT_USB_Device_Connect
 .text.EVENT_USB_Device_Disconnect
                0x0000018c        0x2 obj/main.o
                0x0000018c                EVENT_USB_Device_Disconnect
 .text.EVENT_CDC_Device_ControLineStateChanged
                0x0000018e        0x2 obj/main.o
                0x0000018e                EVENT_CDC_Device_ControLineStateChanged
 .text.SetupHardware
                0x00000190       0x4c obj/main.o
                0x00000190                SetupHardware
 .text.IrReceiveProc
                0x000001dc       0x9a obj/main.o
                0x000001dc                IrReceiveProc
 .text.main     0x00000276       0x66 obj/main.o
                0x00000276                main
 .text.EVENT_USB_Device_ControlRequest
                0x000002dc        0x6 obj/main.o
                0x000002dc                EVENT_USB_Device_ControlRequest
 .text.EVENT_USB_Device_ConfigurationChanged
                0x000002e2        0x6 obj/main.o
                0x000002e2                EVENT_USB_Device_ConfigurationChanged
 .text.CALLBACK_USB_GetDescriptor
                0x000002e8       0x5c obj/Descriptors.o
                0x000002e8                CALLBACK_USB_GetDescriptor
 .text.Endpoint_Write_Control_Stream_LE
                0x00000344       0xd4 obj/EndpointStream_AVR8.o
                0x00000344                Endpoint_Write_Control_Stream_LE
 .text.Endpoint_Write_Control_PStream_LE
                0x00000418       0xd6 obj/EndpointStream_AVR8.o
                0x00000418                Endpoint_Write_Control_PStream_LE
 .text.Endpoint_ConfigureEndpoint_Prv
                0x000004ee       0x70 obj/Endpoint_AVR8.o
                0x000004ee                Endpoint_ConfigureEndpoint_Prv
 .text.Endpoint_ConfigureEndpointTable
                0x0000055e       0x78 obj/Endpoint_AVR8.o
                0x0000055e                Endpoint_ConfigureEndpointTable
 .text.Endpoint_ClearStatusStage
                0x000005d6       0x42 obj/Endpoint_AVR8.o
                0x000005d6                Endpoint_ClearStatusStage
 .text.Endpoint_WaitUntilReady
                0x00000618       0x64 obj/Endpoint_AVR8.o
                0x00000618                Endpoint_WaitUntilReady
 .text.USB_ResetInterface
                0x0000067c       0x88 obj/USBController_AVR8.o
                0x0000067c                USB_ResetInterface
 .text.USB_Init
                0x00000704       0x20 obj/USBController_AVR8.o
                0x00000704                USB_Init
 .text.USB_INT_DisableAllInterrupts
                0x00000724       0x10 obj/USBInterrupt_AVR8.o
                0x00000724                USB_INT_DisableAllInterrupts
 .text.USB_INT_ClearAllInterrupts
                0x00000734        0xa obj/USBInterrupt_AVR8.o
                0x00000734                USB_INT_ClearAllInterrupts
 .text.__vector_11
                0x0000073e       0x76 obj/USBInterrupt_AVR8.o
                0x0000073e                __vector_11
 .text.__vector_10
                0x000007b4      0x196 obj/USBInterrupt_AVR8.o
                0x000007b4                __vector_10
 .text.USB_Device_ProcessControlRequest
                0x0000094a      0x2e0 obj/DeviceStandardReq.o
                0x0000094a                USB_Device_ProcessControlRequest
 .text.USB_Event_Stub
                0x00000c2a        0x2 obj/Events.o
                0x00000c2a                EVENT_USB_Device_WakeUp
                0x00000c2a                USB_Event_Stub
                0x00000c2a                EVENT_USB_Device_Suspend
                0x00000c2a                EVENT_USB_Device_StartOfFrame
                0x00000c2a                EVENT_USB_Device_Reset
 .text.USB_USBTask
                0x00000c2c       0x2a obj/USBTask.o
                0x00000c2c                USB_USBTask
 .text.CDC_Device_ReceiveByte
                0x00000c56       0x78 obj/CDCClassDevice.o
                0x00000c56                CDC_Device_ReceiveByte
 .text.CDC_Device_CreateStream
                0x00000cce       0x26 obj/CDCClassDevice.o
                0x00000cce                CDC_Device_CreateStream
 .text.CDC_Device_getchar
                0x00000cf4       0x16 obj/CDCClassDevice.o
 .text.CDC_Device_Event_Stub
                0x00000d0a        0x2 obj/CDCClassDevice.o
                0x00000d0a                EVENT_CDC_Device_LineEncodingChanged
                0x00000d0a                EVENT_CDC_Device_BreakSent
                0x00000d0a                CDC_Device_Event_Stub
 .text.CDC_Device_Flush
                0x00000d0c       0x68 obj/CDCClassDevice.o
                0x00000d0c                CDC_Device_Flush
 .text.CDC_Device_USBTask
                0x00000d74       0x30 obj/CDCClassDevice.o
                0x00000d74                CDC_Device_USBTask
 .text.CDC_Device_SendByte
                0x00000da4       0x4c obj/CDCClassDevice.o
                0x00000da4                CDC_Device_SendByte
 .text.CDC_Device_putchar
                0x00000df0       0x1e obj/CDCClassDevice.o
 .text.CDC_Device_ConfigureEndpoints
                0x00000e0e       0x4e obj/CDCClassDevice.o
                0x00000e0e                CDC_Device_ConfigureEndpoints
 .text.CDC_Device_ProcessControlRequest
                0x00000e5c      0x15a obj/CDCClassDevice.o
                0x00000e5c                CDC_Device_ProcessControlRequest
 .text._Z10MATCH_MARKii
                0x00000fb6       0x86 obj/IRremote.o
                0x00000fb6                MATCH_MARK(int, int)
 .text._Z11MATCH_SPACEii
                0x0000103c       0x86 obj/IRremote.o
                0x0000103c                MATCH_SPACE(int, int)
 .text.__vector_41
                0x000010c2      0x144 obj/IRremote.o
                0x000010c2                __vector_41
 .text._Z19TIMER_CONFIG_NORMALv
                0x00001206       0x30 obj/irRecv.o
                0x00001206                TIMER_CONFIG_NORMAL()
 .text._ZN6IRrecvC1Ev
                0x00001236        0x2 obj/irRecv.o
                0x00001236                IRrecv::IRrecv()
 .text._ZN6IRrecv10enableIRInEv
                0x00001238       0x18 obj/irRecv.o
                0x00001238                IRrecv::enableIRIn()
 .text._ZN6IRrecv6resumeEv
                0x00001250        0xc obj/irRecv.o
                0x00001250                IRrecv::resume()
 .text._ZN6IRrecv10decodeMainEP14decode_results
                0x0000125c      0x128 obj/irRecv.o
                0x0000125c                IRrecv::decodeMain(decode_results*)
 .text._ZN6IRrecv6decodeEP14decode_results
                0x00001384       0x40 obj/irRecv.o
                0x00001384                IRrecv::decode(decode_results*)
 .text._Z12CalcCheckSumm
                0x000013c4       0x2c obj/irTrans.o
                0x000013c4                CalcCheckSum(unsigned long)
 .text._GLOBAL__I_IrSendSetup
                0x000013f0        0x6 obj/irTrans.o
 .text.IrRawRecive
                0x000013f6       0x6c obj/irTrans.o
                0x000013f6                IrRawRecive
 .text.IrReceive
                0x00001462       0xb4 obj/irTrans.o
                0x00001462                IrReceive
 .text.IrReceiveSetup
                0x00001516        0x8 obj/irTrans.o
                0x00001516                IrReceiveSetup
 .text.SendShiftReg
                0x0000151e        0xc obj/led7seg.o
                0x0000151e                SendShiftReg
 .text.Led7Seg_SetDisplayNumber
                0x0000152a       0x7a obj/led7seg.o
                0x0000152a                Led7Seg_SetDisplayNumber
 .text.__vector_23
                0x000015a4       0x80 obj/led7seg.o
                0x000015a4                __vector_23
 .text.__vector_3
                0x00001624       0x98 obj/RotEncoder.o
                0x00001624                __vector_3
 .text.MotorPwm
                0x000016bc       0x2e obj/Motor.o
                0x000016bc                MotorPwm
 .text.MotorPwm_RW
                0x000016ea       0x2e obj/Motor.o
                0x000016ea                MotorPwm_RW
 .text.InitMotor
                0x00001718       0x30 obj/Motor.o
                0x00001718                InitMotor
 .text.avr-libc.fplib
                0x00001748        0xa c:/winavr-20100110/bin/../lib/gcc/avr/4.3.3/../../../../avr/lib/avr5\libm.a(addsf3.o)
                0x00001748                __subsf3
                0x0000174a                __addsf3
 .text.avr-libc.fplib
                0x00001752       0xc0 c:/winavr-20100110/bin/../lib/gcc/avr/4.3.3/../../../../avr/lib/avr5\libm.a(addsf3x.o)
                0x0000176c                __addsf3x
 .text.avr-libc.fplib
                0x00001812        0x4 c:/winavr-20100110/bin/../lib/gcc/avr/4.3.3/../../../../avr/lib/avr5\libm.a(divsf3.o)
                0x00001812                __divsf3
 .text.avr-libc.fplib
                0x00001816       0xcc c:/winavr-20100110/bin/../lib/gcc/avr/4.3.3/../../../../avr/lib/avr5\libm.a(divsf3x.o)
                0x0000182c                __divsf3x
                0x00001830                __divsf3_pse
 .text.avr-libc.fplib
                0x000018e2        0xa c:/winavr-20100110/bin/../lib/gcc/avr/4.3.3/../../../../avr/lib/avr5\libm.a(fixsfsi.o)
                0x000018e2                __fixsfsi
 .text.avr-libc.fplib
                0x000018ec       0x58 c:/winavr-20100110/bin/../lib/gcc/avr/4.3.3/../../../../avr/lib/avr5\libm.a(fixunssfsi.o)
                0x000018ec                __fixunssfsi
 .text.avr-libc.fplib
                0x00001944       0x7a c:/winavr-20100110/bin/../lib/gcc/avr/4.3.3/../../../../avr/lib/avr5\libm.a(floatsisf.o)
                0x00001948                __floatsisf
                0x00001944                __floatunsisf
 .text.avr-libc.fplib
                0x000019be        0xc c:/winavr-20100110/bin/../lib/gcc/avr/4.3.3/../../../../avr/lib/avr5\libm.a(fp_inf.o)
                0x000019be                __fp_inf
 .text.avr-libc.fplib
                0x000019ca        0x6 c:/winavr-20100110/bin/../lib/gcc/avr/4.3.3/../../../../avr/lib/avr5\libm.a(fp_nan.o)
                0x000019ca                __fp_nan
 .text.avr-libc.fplib
                0x000019d0        0xe c:/winavr-20100110/bin/../lib/gcc/avr/4.3.3/../../../../avr/lib/avr5\libm.a(fp_pscA.o)
                0x000019d0                __fp_pscA
 .text.avr-libc.fplib
                0x000019de        0xe c:/winavr-20100110/bin/../lib/gcc/avr/4.3.3/../../../../avr/lib/avr5\libm.a(fp_pscB.o)
                0x000019de                __fp_pscB
 .text.avr-libc.fplib
                0x000019ec       0x22 c:/winavr-20100110/bin/../lib/gcc/avr/4.3.3/../../../../avr/lib/avr5\libm.a(fp_round.o)
                0x000019ec                __fp_round
 .text.avr-libc.fplib
                0x00001a0e       0x44 c:/winavr-20100110/bin/../lib/gcc/avr/4.3.3/../../../../avr/lib/avr5\libm.a(fp_split3.o)
                0x00001a0e                __fp_split3
                0x00001a1e                __fp_splitA
 .text.avr-libc.fplib
                0x00001a52        0xe c:/winavr-20100110/bin/../lib/gcc/avr/4.3.3/../../../../avr/lib/avr5\libm.a(fp_zero.o)
                0x00001a52                __fp_zero
                0x00001a54                __fp_szero
 .text.avr-libc.fplib
                0x00001a60        0x4 c:/winavr-20100110/bin/../lib/gcc/avr/4.3.3/../../../../avr/lib/avr5\libm.a(mulsf3.o)
                0x00001a60                __mulsf3
 .text.avr-libc.fplib
                0x00001a64       0xc2 c:/winavr-20100110/bin/../lib/gcc/avr/4.3.3/../../../../avr/lib/avr5\libm.a(mulsf3x.o)
                0x00001a7c                __mulsf3_pse
                0x00001a78                __mulsf3x
 .text.libgcc   0x00001b26       0x28 c:/winavr-20100110/bin/../lib/gcc/avr/4.3.3/avr5\libgcc.a(_udivmodhi4.o)
                0x00001b26                __udivmodhi4
 .text.libgcc   0x00001b4e       0x26 c:/winavr-20100110/bin/../lib/gcc/avr/4.3.3/avr5\libgcc.a(_divmodhi4.o)
                0x00001b4e                __divmodhi4
                0x00001b4e                _div
 .text.libgcc   0x00001b74        0xc c:/winavr-20100110/bin/../lib/gcc/avr/4.3.3/avr5\libgcc.a(_tablejump.o)
                0x00001b78                __tablejump__
                0x00001b74                __tablejump2__
 .text.avr-libc
                0x00001b80       0x12 c:/winavr-20100110/bin/../lib/gcc/avr/4.3.3/../../../../avr/lib/avr5\libc.a(isalpha.o)
                0x00001b86                islower
                0x00001b80                isupper
                0x00001b84                isalpha
 .text.avr-libc
                0x00001b92       0x58 c:/winavr-20100110/bin/../lib/gcc/avr/4.3.3/../../../../avr/lib/avr5\libc.a(fputc.o)
                0x00001b92                fputc
 .text.avr-libc
                0x00001bea        0x6 c:/winavr-20100110/bin/../lib/gcc/avr/4.3.3/../../../../avr/lib/avr5\libc.a(cty_isfalse.o)
                0x00001bee                __ctype_istrue
                0x00001bea                __ctype_isfalse
                0x00001bf0                . = ALIGN (0x2)
 *(.fini9)
 .fini9         0x00001bf0        0x0 c:/winavr-20100110/bin/../lib/gcc/avr/4.3.3/avr5\libgcc.a(_exit.o)
                0x00001bf0                exit
                0x00001bf0                _exit
 *(.fini9)
 *(.fini8)
 *(.fini8)
 *(.fini7)
 *(.fini7)
 *(.fini6)
 *(.fini6)
 *(.fini5)
 *(.fini5)
 *(.fini4)
 *(.fini4)
 *(.fini3)
 *(.fini3)
 *(.fini2)
 *(.fini2)
 *(.fini1)
 *(.fini1)
 *(.fini0)
 .fini0         0x00001bf0        0x4 c:/winavr-20100110/bin/../lib/gcc/avr/4.3.3/avr5\libgcc.a(_exit.o)
 *(.fini0)
                0x00001bf4                _etext = .

.data           0x00800100       0x34 load address 0x00001bf4
                0x00800100                PROVIDE (__data_start, .)
 *(.data)
 .data          0x00800100       0x29 obj/main.o
                0x0080011b                ADMUXMask
                0x00800100                VirtualSerial_CDC_Interface
 .data          0x00800129        0xa obj/led7seg.o
 *(.data*)
 *(.rodata)
 *(.rodata*)
 *(.gnu.linkonce.d*)
                0x00800134                . = ALIGN (0x2)
 *fill*         0x00800133        0x1 00
                0x00800134                _edata = .
                0x00800134                PROVIDE (__data_end, .)

.bss            0x00800134       0xf4
                0x00800134                PROVIDE (__bss_start, .)
 *(.bss)
 .bss           0x00800134       0xcf obj/IRremote.o
                0x00800134                irparams
 .bss           0x00800203        0x2 obj/irTrans.o
 .bss           0x00800205        0x1 obj/led7seg.o
                0x00800205                g_CurrentDigit
 .bss           0x00800206        0x3 obj/RotEncoder.o
 *(.bss*)
 *(COMMON)
 COMMON         0x00800209        0xe obj/main.o
                0x00800209                USBSerialStream
 COMMON         0x00800217        0x3 obj/DeviceStandardReq.o
                0x00800217                USB_Device_ConfigurationNumber
                0x00800218                USB_Device_CurrentlySelfPowered
                0x00800219                USB_Device_RemoteWakeupEnabled
 COMMON         0x0080021a        0xa obj/USBTask.o
                0x0080021a                USB_IsInitialized
                0x0080021b                USB_DeviceState
                0x0080021c                USB_ControlRequest
 COMMON         0x00800224        0x4 obj/led7seg.o
                0x00800224                g_DisplayPatterns
                0x00800228                PROVIDE (__bss_end, .)
                0x00001bf4                __data_load_start = LOADADDR (.data)
                0x00001c28                __data_load_end = (__data_load_start + SIZEOF (.data))

.noinit         0x00800228        0x0
                0x00800228                PROVIDE (__noinit_start, .)
 *(.noinit*)
                0x00800228                PROVIDE (__noinit_end, .)
                0x00800228                _end = .
                0x00800228                PROVIDE (__heap_start, .)

.eeprom         0x00810000        0x0
 *(.eeprom*)
                0x00810000                __eeprom_end = .

.fuse
 *(.fuse)
 *(.lfuse)
 *(.hfuse)
 *(.efuse)

.lock
 *(.lock*)

.signature
 *(.signature*)

.stab
 *(.stab)

.stabstr
 *(.stabstr)

.stab.excl
 *(.stab.excl)

.stab.exclstr
 *(.stab.exclstr)

.stab.index
 *(.stab.index)

.stab.indexstr
 *(.stab.indexstr)

.comment
 *(.comment)

.debug
 *(.debug)

.line
 *(.line)

.debug_srcinfo
 *(.debug_srcinfo)

.debug_sfnames
 *(.debug_sfnames)

.debug_aranges  0x00000000      0x700
 *(.debug_aranges)
 .debug_aranges
                0x00000000       0x78 obj/main.o
 .debug_aranges
                0x00000078       0x20 obj/Descriptors.o
 .debug_aranges
                0x00000098       0x38 obj/HIDParser.o
 .debug_aranges
                0x000000d0       0x20 obj/Device_AVR8.o
 .debug_aranges
                0x000000f0       0xc8 obj/EndpointStream_AVR8.o
 .debug_aranges
                0x000001b8       0x40 obj/Endpoint_AVR8.o
 .debug_aranges
                0x000001f8       0x30 obj/USBController_AVR8.o
 .debug_aranges
                0x00000228       0x38 obj/USBInterrupt_AVR8.o
 .debug_aranges
                0x00000260       0x38 obj/ConfigDescriptors.o
 .debug_aranges
                0x00000298       0x20 obj/DeviceStandardReq.o
 .debug_aranges
                0x000002b8       0x20 obj/Events.o
 .debug_aranges
                0x000002d8       0x20 obj/USBTask.o
 .debug_aranges
                0x000002f8       0x30 obj/AudioClassDevice.o
 .debug_aranges
                0x00000328       0xa8 obj/CDCClassDevice.o
 .debug_aranges
                0x000003d0       0x30 obj/HIDClassDevice.o
 .debug_aranges
                0x00000400       0x30 obj/MassStorageClassDevice.o
 .debug_aranges
                0x00000430       0x40 obj/MIDIClassDevice.o
 .debug_aranges
                0x00000470       0x90 obj/PrinterClassDevice.o
 .debug_aranges
                0x00000500       0x48 obj/RNDISClassDevice.o
 .debug_aranges
                0x00000548       0x30 obj/irSend.o
 .debug_aranges
                0x00000578       0x38 obj/IRremote.o
 .debug_aranges
                0x000005b0       0x60 obj/irRecv.o
 .debug_aranges
                0x00000610       0x58 obj/irTrans.o
 .debug_aranges
                0x00000668       0x38 obj/led7seg.o
 .debug_aranges
                0x000006a0       0x30 obj/RotEncoder.o
 .debug_aranges
                0x000006d0       0x30 obj/Motor.o

.debug_pubnames
                0x00000000     0x11cc
 *(.debug_pubnames)
 .debug_pubnames
                0x00000000      0x17a obj/main.o
 .debug_pubnames
                0x0000017a       0x9e obj/Descriptors.o
 .debug_pubnames
                0x00000218       0x7e obj/HIDParser.o
 .debug_pubnames
                0x00000296       0x32 obj/Device_AVR8.o
 .debug_pubnames
                0x000002c8      0x2df obj/EndpointStream_AVR8.o
 .debug_pubnames
                0x000005a7       0xaf obj/Endpoint_AVR8.o
 .debug_pubnames
                0x00000656       0x46 obj/USBController_AVR8.o
 .debug_pubnames
                0x0000069c       0x72 obj/USBInterrupt_AVR8.o
 .debug_pubnames
                0x0000070e       0x9b obj/ConfigDescriptors.o
 .debug_pubnames
                0x000007a9       0xa1 obj/DeviceStandardReq.o
 .debug_pubnames
                0x0000084a       0x25 obj/Events.o
 .debug_pubnames
                0x0000086f       0x63 obj/USBTask.o
 .debug_pubnames
                0x000008d2       0x79 obj/AudioClassDevice.o
 .debug_pubnames
                0x0000094b      0x1c1 obj/CDCClassDevice.o
 .debug_pubnames
                0x00000b0c       0x70 obj/HIDClassDevice.o
 .debug_pubnames
                0x00000b7c       0x6d obj/MassStorageClassDevice.o
 .debug_pubnames
                0x00000be9       0xa6 obj/MIDIClassDevice.o
 .debug_pubnames
                0x00000c8f      0x16d obj/PrinterClassDevice.o
 .debug_pubnames
                0x00000dfc       0xd0 obj/RNDISClassDevice.o
 .debug_pubnames
                0x00000ecc       0x50 obj/irSend.o
 .debug_pubnames
                0x00000f1c       0x58 obj/IRremote.o
 .debug_pubnames
                0x00000f74       0xcb obj/irRecv.o
 .debug_pubnames
                0x0000103f       0x7d obj/irTrans.o
 .debug_pubnames
                0x000010bc       0x8a obj/led7seg.o
 .debug_pubnames
                0x00001146       0x49 obj/RotEncoder.o
 .debug_pubnames
                0x0000118f       0x3d obj/Motor.o

.debug_info     0x00000000     0x9f7b
 *(.debug_info)
 .debug_info    0x00000000      0x646 obj/main.o
 .debug_info    0x00000646      0x6b5 obj/Descriptors.o
 .debug_info    0x00000cfb      0x6ee obj/HIDParser.o
 .debug_info    0x000013e9       0xc0 obj/Device_AVR8.o
 .debug_info    0x000014a9     0x15d0 obj/EndpointStream_AVR8.o
 .debug_info    0x00002a79      0x5ee obj/Endpoint_AVR8.o
 .debug_info    0x00003067       0x5d obj/Host_AVR8.o
 .debug_info    0x000030c4       0x5d obj/PipeStream_AVR8.o
 .debug_info    0x00003121       0x5d obj/Pipe_AVR8.o
 .debug_info    0x0000317e      0x4a6 obj/USBController_AVR8.o
 .debug_info    0x00003624      0x6a3 obj/USBInterrupt_AVR8.o
 .debug_info    0x00003cc7      0x34a obj/ConfigDescriptors.o
 .debug_info    0x00004011      0x9ce obj/DeviceStandardReq.o
 .debug_info    0x000049df       0x75 obj/Events.o
 .debug_info    0x00004a54       0x5d obj/HostStandardReq.o
 .debug_info    0x00004ab1      0x265 obj/USBTask.o
 .debug_info    0x00004d16      0x55a obj/AudioClassDevice.o
 .debug_info    0x00005270      0xca2 obj/CDCClassDevice.o
 .debug_info    0x00005f12      0x629 obj/HIDClassDevice.o
 .debug_info    0x0000653b      0x7c6 obj/MassStorageClassDevice.o
 .debug_info    0x00006d01      0x4cf obj/MIDIClassDevice.o
 .debug_info    0x000071d0      0xac8 obj/PrinterClassDevice.o
 .debug_info    0x00007c98      0xe59 obj/RNDISClassDevice.o
 .debug_info    0x00008af1       0x5d obj/AndroidAccessoryClassHost.o
 .debug_info    0x00008b4e       0x5d obj/AudioClassHost.o
 .debug_info    0x00008bab       0x5d obj/CDCClassHost.o
 .debug_info    0x00008c08       0x5d obj/HIDClassHost.o
 .debug_info    0x00008c65       0x5d obj/MassStorageClassHost.o
 .debug_info    0x00008cc2       0x5d obj/MIDIClassHost.o
 .debug_info    0x00008d1f       0x5d obj/PrinterClassHost.o
 .debug_info    0x00008d7c       0x5d obj/RNDISClassHost.o
 .debug_info    0x00008dd9       0x5d obj/StillImageClassHost.o
 .debug_info    0x00008e36      0x3bf obj/irSend.o
 .debug_info    0x000091f5      0x207 obj/IRremote.o
 .debug_info    0x000093fc      0x3ec obj/irRecv.o
 .debug_info    0x000097e8      0x41f obj/irTrans.o
 .debug_info    0x00009c07      0x1af obj/led7seg.o
 .debug_info    0x00009db6       0xd3 obj/RotEncoder.o
 .debug_info    0x00009e89       0xf2 obj/Motor.o
 *(.gnu.linkonce.wi.*)

.debug_abbrev   0x00000000     0x2ca4
 *(.debug_abbrev)
 .debug_abbrev  0x00000000      0x2c5 obj/main.o
 .debug_abbrev  0x000002c5      0x154 obj/Descriptors.o
 .debug_abbrev  0x00000419      0x20e obj/HIDParser.o
 .debug_abbrev  0x00000627       0x77 obj/Device_AVR8.o
 .debug_abbrev  0x0000069e      0x1b9 obj/EndpointStream_AVR8.o
 .debug_abbrev  0x00000857      0x1f9 obj/Endpoint_AVR8.o
 .debug_abbrev  0x00000a50       0x31 obj/Host_AVR8.o
 .debug_abbrev  0x00000a81       0x31 obj/PipeStream_AVR8.o
 .debug_abbrev  0x00000ab2       0x31 obj/Pipe_AVR8.o
 .debug_abbrev  0x00000ae3      0x132 obj/USBController_AVR8.o
 .debug_abbrev  0x00000c15      0x1e6 obj/USBInterrupt_AVR8.o
 .debug_abbrev  0x00000dfb      0x15a obj/ConfigDescriptors.o
 .debug_abbrev  0x00000f55      0x254 obj/DeviceStandardReq.o
 .debug_abbrev  0x000011a9       0x48 obj/Events.o
 .debug_abbrev  0x000011f1       0x31 obj/HostStandardReq.o
 .debug_abbrev  0x00001222      0x172 obj/USBTask.o
 .debug_abbrev  0x00001394      0x16e obj/AudioClassDevice.o
 .debug_abbrev  0x00001502      0x31e obj/CDCClassDevice.o
 .debug_abbrev  0x00001820      0x1b6 obj/HIDClassDevice.o
 .debug_abbrev  0x000019d6      0x20d obj/MassStorageClassDevice.o
 .debug_abbrev  0x00001be3      0x189 obj/MIDIClassDevice.o
 .debug_abbrev  0x00001d6c      0x260 obj/PrinterClassDevice.o
 .debug_abbrev  0x00001fcc      0x2b5 obj/RNDISClassDevice.o
 .debug_abbrev  0x00002281       0x31 obj/AndroidAccessoryClassHost.o
 .debug_abbrev  0x000022b2       0x31 obj/AudioClassHost.o
 .debug_abbrev  0x000022e3       0x31 obj/CDCClassHost.o
 .debug_abbrev  0x00002314       0x31 obj/HIDClassHost.o
 .debug_abbrev  0x00002345       0x31 obj/MassStorageClassHost.o
 .debug_abbrev  0x00002376       0x31 obj/MIDIClassHost.o
 .debug_abbrev  0x000023a7       0x31 obj/PrinterClassHost.o
 .debug_abbrev  0x000023d8       0x31 obj/RNDISClassHost.o
 .debug_abbrev  0x00002409       0x31 obj/StillImageClassHost.o
 .debug_abbrev  0x0000243a      0x1b1 obj/irSend.o
 .debug_abbrev  0x000025eb       0xd7 obj/IRremote.o
 .debug_abbrev  0x000026c2      0x1a8 obj/irRecv.o
 .debug_abbrev  0x0000286a      0x204 obj/irTrans.o
 .debug_abbrev  0x00002a6e      0x131 obj/led7seg.o
 .debug_abbrev  0x00002b9f       0x7f obj/RotEncoder.o
 .debug_abbrev  0x00002c1e       0x86 obj/Motor.o

.debug_line     0x00000000     0x8303
 *(.debug_line)
 .debug_line    0x00000000      0x647 obj/main.o
 .debug_line    0x00000647      0x228 obj/Descriptors.o
 .debug_line    0x0000086f      0x5b8 obj/HIDParser.o
 .debug_line    0x00000e27      0x153 obj/Device_AVR8.o
 .debug_line    0x00000f7a     0x185b obj/EndpointStream_AVR8.o
 .debug_line    0x000027d5      0x59d obj/Endpoint_AVR8.o
 .debug_line    0x00002d72       0x3e obj/Host_AVR8.o
 .debug_line    0x00002db0       0x3e obj/PipeStream_AVR8.o
 .debug_line    0x00002dee       0x3e obj/Pipe_AVR8.o
 .debug_line    0x00002e2c      0x438 obj/USBController_AVR8.o
 .debug_line    0x00003264      0x684 obj/USBInterrupt_AVR8.o
 .debug_line    0x000038e8      0x26c obj/ConfigDescriptors.o
 .debug_line    0x00003b54      0x5d4 obj/DeviceStandardReq.o
 .debug_line    0x00004128       0x96 obj/Events.o
 .debug_line    0x000041be       0x3e obj/HostStandardReq.o
 .debug_line    0x000041fc      0x1e9 obj/USBTask.o
 .debug_line    0x000043e5      0x54e obj/AudioClassDevice.o
 .debug_line    0x00004933      0x9d3 obj/CDCClassDevice.o
 .debug_line    0x00005306      0x5ed obj/HIDClassDevice.o
 .debug_line    0x000058f3      0x5ed obj/MassStorageClassDevice.o
 .debug_line    0x00005ee0      0x4a0 obj/MIDIClassDevice.o
 .debug_line    0x00006380      0x868 obj/PrinterClassDevice.o
 .debug_line    0x00006be8      0x7ae obj/RNDISClassDevice.o
 .debug_line    0x00007396       0x3e obj/AndroidAccessoryClassHost.o
 .debug_line    0x000073d4       0x3e obj/AudioClassHost.o
 .debug_line    0x00007412       0x3e obj/CDCClassHost.o
 .debug_line    0x00007450       0x3e obj/HIDClassHost.o
 .debug_line    0x0000748e       0x3e obj/MassStorageClassHost.o
 .debug_line    0x000074cc       0x3e obj/MIDIClassHost.o
 .debug_line    0x0000750a       0x3e obj/PrinterClassHost.o
 .debug_line    0x00007548       0x3e obj/RNDISClassHost.o
 .debug_line    0x00007586       0x3e obj/StillImageClassHost.o
 .debug_line    0x000075c4      0x24b obj/irSend.o
 .debug_line    0x0000780f      0x1d8 obj/IRremote.o
 .debug_line    0x000079e7      0x2a6 obj/irRecv.o
 .debug_line    0x00007c8d      0x1ee obj/irTrans.o
 .debug_line    0x00007e7b      0x1bc obj/led7seg.o
 .debug_line    0x00008037      0x12c obj/RotEncoder.o
 .debug_line    0x00008163      0x1a0 obj/Motor.o

.debug_frame    0x00000000      0xac0
 *(.debug_frame)
 .debug_frame   0x00000000       0xd0 obj/main.o
 .debug_frame   0x000000d0       0x20 obj/Descriptors.o
 .debug_frame   0x000000f0       0x50 obj/HIDParser.o
 .debug_frame   0x00000140       0x20 obj/Device_AVR8.o
 .debug_frame   0x00000160      0x170 obj/EndpointStream_AVR8.o
 .debug_frame   0x000002d0       0x60 obj/Endpoint_AVR8.o
 .debug_frame   0x00000330       0x40 obj/USBController_AVR8.o
 .debug_frame   0x00000370       0x50 obj/USBInterrupt_AVR8.o
 .debug_frame   0x000003c0       0x50 obj/ConfigDescriptors.o
 .debug_frame   0x00000410       0x20 obj/DeviceStandardReq.o
 .debug_frame   0x00000430       0x20 obj/Events.o
 .debug_frame   0x00000450       0x20 obj/USBTask.o
 .debug_frame   0x00000470       0x40 obj/AudioClassDevice.o
 .debug_frame   0x000004b0      0x130 obj/CDCClassDevice.o
 .debug_frame   0x000005e0       0x40 obj/HIDClassDevice.o
 .debug_frame   0x00000620       0x40 obj/MassStorageClassDevice.o
 .debug_frame   0x00000660       0x60 obj/MIDIClassDevice.o
 .debug_frame   0x000006c0      0x100 obj/PrinterClassDevice.o
 .debug_frame   0x000007c0       0x70 obj/RNDISClassDevice.o
 .debug_frame   0x00000830       0x40 obj/irSend.o
 .debug_frame   0x00000870       0x50 obj/IRremote.o
 .debug_frame   0x000008c0       0xa0 obj/irRecv.o
 .debug_frame   0x00000960       0x90 obj/irTrans.o
 .debug_frame   0x000009f0       0x50 obj/led7seg.o
 .debug_frame   0x00000a40       0x40 obj/RotEncoder.o
 .debug_frame   0x00000a80       0x40 obj/Motor.o

.debug_str      0x00000000     0x3f4e
 *(.debug_str)
 .debug_str     0x00000000      0x3c5 obj/main.o
                                0x443 (size before relaxing)
 .debug_str     0x000003c5      0x581 obj/Descriptors.o
                                0x6d1 (size before relaxing)
 .debug_str     0x00000946      0x497 obj/HIDParser.o
                                0x5ab (size before relaxing)
 .debug_str     0x00000ddd       0x8d obj/Device_AVR8.o
                                0x106 (size before relaxing)
 .debug_str     0x00000e6a      0x657 obj/EndpointStream_AVR8.o
                                0x734 (size before relaxing)
 .debug_str     0x000014c1      0x304 obj/Endpoint_AVR8.o
                                0x530 (size before relaxing)
 .debug_str     0x000017c5       0x43 obj/Host_AVR8.o
                                 0xb6 (size before relaxing)
 .debug_str     0x00001808       0x49 obj/PipeStream_AVR8.o
                                 0xbc (size before relaxing)
 .debug_str     0x00001851       0x43 obj/Pipe_AVR8.o
                                 0xb6 (size before relaxing)
 .debug_str     0x00001894      0x263 obj/USBController_AVR8.o
                                0x418 (size before relaxing)
 .debug_str     0x00001af7      0x13c obj/USBInterrupt_AVR8.o
                                0x413 (size before relaxing)
 .debug_str     0x00001c33      0x233 obj/ConfigDescriptors.o
                                0x2d4 (size before relaxing)
 .debug_str     0x00001e66      0x418 obj/DeviceStandardReq.o
                                0x804 (size before relaxing)
 .debug_str     0x0000227e       0x4a obj/Events.o
                                 0xbd (size before relaxing)
 .debug_str     0x000022c8       0x44 obj/HostStandardReq.o
                                 0xb7 (size before relaxing)
 .debug_str     0x0000230c       0x64 obj/USBTask.o
                                0x274 (size before relaxing)
 .debug_str     0x00002370      0x24f obj/AudioClassDevice.o
                                0x4f4 (size before relaxing)
 .debug_str     0x000025bf      0x32d obj/CDCClassDevice.o
                                0x8d6 (size before relaxing)
 .debug_str     0x000028ec      0x203 obj/HIDClassDevice.o
                                0x523 (size before relaxing)
 .debug_str     0x00002aef      0x253 obj/MassStorageClassDevice.o
                                0x684 (size before relaxing)
 .debug_str     0x00002d42      0x12e obj/MIDIClassDevice.o
                                0x522 (size before relaxing)
 .debug_str     0x00002e70      0x282 obj/PrinterClassDevice.o
                                0x7bc (size before relaxing)
 .debug_str     0x000030f2      0x70d obj/RNDISClassDevice.o
                                0xbcb (size before relaxing)
 .debug_str     0x000037ff       0x54 obj/AndroidAccessoryClassHost.o
                                 0xc7 (size before relaxing)
 .debug_str     0x00003853       0x49 obj/AudioClassHost.o
                                 0xbc (size before relaxing)
 .debug_str     0x0000389c       0x47 obj/CDCClassHost.o
                                 0xba (size before relaxing)
 .debug_str     0x000038e3       0x47 obj/HIDClassHost.o
                                 0xba (size before relaxing)
 .debug_str     0x0000392a       0x4f obj/MassStorageClassHost.o
                                 0xc2 (size before relaxing)
 .debug_str     0x00003979       0x48 obj/MIDIClassHost.o
                                 0xbb (size before relaxing)
 .debug_str     0x000039c1       0x4b obj/PrinterClassHost.o
                                 0xbe (size before relaxing)
 .debug_str     0x00003a0c       0x49 obj/RNDISClassHost.o
                                 0xbc (size before relaxing)
 .debug_str     0x00003a55       0x4e obj/StillImageClassHost.o
                                 0xc1 (size before relaxing)
 .debug_str     0x00003aa3       0xb4 obj/irSend.o
                                0x1bf (size before relaxing)
 .debug_str     0x00003b57       0xdf obj/IRremote.o
                                0x1ab (size before relaxing)
 .debug_str     0x00003c36      0x139 obj/irRecv.o
                                0x26d (size before relaxing)
 .debug_str     0x00003d6f       0xbc obj/irTrans.o
                                0x30a (size before relaxing)
 .debug_str     0x00003e2b       0xb3 obj/led7seg.o
                                0x180 (size before relaxing)
 .debug_str     0x00003ede       0x49 obj/RotEncoder.o
                                0x106 (size before relaxing)
 .debug_str     0x00003f27       0x27 obj/Motor.o
                                 0xf6 (size before relaxing)

.debug_loc      0x00000000     0x40d8
 *(.debug_loc)
 .debug_loc     0x00000000      0x193 obj/main.o
 .debug_loc     0x00000193      0x160 obj/Descriptors.o
 .debug_loc     0x000002f3      0x560 obj/HIDParser.o
 .debug_loc     0x00000853     0x1886 obj/EndpointStream_AVR8.o
 .debug_loc     0x000020d9      0x11c obj/Endpoint_AVR8.o
 .debug_loc     0x000021f5      0x2c7 obj/ConfigDescriptors.o
 .debug_loc     0x000024bc      0x23c obj/DeviceStandardReq.o
 .debug_loc     0x000026f8      0x25d obj/AudioClassDevice.o
 .debug_loc     0x00002955      0x524 obj/CDCClassDevice.o
 .debug_loc     0x00002e79      0x141 obj/HIDClassDevice.o
 .debug_loc     0x00002fba       0x96 obj/MassStorageClassDevice.o
 .debug_loc     0x00003050      0x19a obj/MIDIClassDevice.o
 .debug_loc     0x000031ea      0x3bc obj/PrinterClassDevice.o
 .debug_loc     0x000035a6      0x464 obj/RNDISClassDevice.o
 .debug_loc     0x00003a0a      0x16c obj/irSend.o
 .debug_loc     0x00003b76      0x143 obj/IRremote.o
 .debug_loc     0x00003cb9      0x1c2 obj/irRecv.o
 .debug_loc     0x00003e7b      0x162 obj/irTrans.o
 .debug_loc     0x00003fdd       0xab obj/led7seg.o
 .debug_loc     0x00004088       0x50 obj/Motor.o

.debug_macinfo
 *(.debug_macinfo)
OUTPUT(main.elf elf32-avr)
LOAD linker stubs

.debug_ranges   0x00000000      0x888
 .debug_ranges  0x00000000       0xb8 obj/main.o
 .debug_ranges  0x000000b8       0x18 obj/Descriptors.o
 .debug_ranges  0x000000d0       0xa0 obj/HIDParser.o
 .debug_ranges  0x00000170       0x18 obj/Device_AVR8.o
 .debug_ranges  0x00000188       0xc0 obj/EndpointStream_AVR8.o
 .debug_ranges  0x00000248       0x50 obj/Endpoint_AVR8.o
 .debug_ranges  0x00000298       0x28 obj/USBController_AVR8.o
 .debug_ranges  0x000002c0       0x30 obj/USBInterrupt_AVR8.o
 .debug_ranges  0x000002f0       0x30 obj/ConfigDescriptors.o
 .debug_ranges  0x00000320       0x78 obj/DeviceStandardReq.o
 .debug_ranges  0x00000398       0x18 obj/Events.o
 .debug_ranges  0x000003b0       0x18 obj/USBTask.o
 .debug_ranges  0x000003c8       0x28 obj/AudioClassDevice.o
 .debug_ranges  0x000003f0       0xa0 obj/CDCClassDevice.o
 .debug_ranges  0x00000490       0x28 obj/HIDClassDevice.o
 .debug_ranges  0x000004b8       0x78 obj/MassStorageClassDevice.o
 .debug_ranges  0x00000530       0x38 obj/MIDIClassDevice.o
 .debug_ranges  0x00000568       0x88 obj/PrinterClassDevice.o
 .debug_ranges  0x000005f0       0x88 obj/RNDISClassDevice.o
 .debug_ranges  0x00000678       0xb8 obj/irSend.o
 .debug_ranges  0x00000730       0x30 obj/IRremote.o
 .debug_ranges  0x00000760       0x58 obj/irRecv.o
 .debug_ranges  0x000007b8       0x50 obj/irTrans.o
 .debug_ranges  0x00000808       0x30 obj/led7seg.o
 .debug_ranges  0x00000838       0x28 obj/RotEncoder.o
 .debug_ranges  0x00000860       0x28 obj/Motor.o

Cross Reference Table

Symbol                                            File
ADMUXMask                                         obj/main.o
Audio_Device_ConfigureEndpoints                   obj/AudioClassDevice.o
Audio_Device_Event_Stub                           obj/AudioClassDevice.o
Audio_Device_ProcessControlRequest                obj/AudioClassDevice.o
CALLBACK_Audio_Device_GetSetEndpointProperty      obj/AudioClassDevice.o
CALLBACK_Audio_Device_GetSetInterfaceProperty     obj/AudioClassDevice.o
CALLBACK_HIDParser_FilterHIDReportItem            obj/HIDParser.o
CALLBACK_HID_Device_CreateHIDReport               obj/HIDClassDevice.o
CALLBACK_HID_Device_ProcessHIDReport              obj/HIDClassDevice.o
CALLBACK_MS_Device_SCSICommandReceived            obj/MassStorageClassDevice.o
CALLBACK_USB_GetDescriptor                        obj/Descriptors.o
                                                  obj/DeviceStandardReq.o
CDC_Device_BytesReceived                          obj/CDCClassDevice.o
CDC_Device_ConfigureEndpoints                     obj/CDCClassDevice.o
                                                  obj/main.o
CDC_Device_CreateBlockingStream                   obj/CDCClassDevice.o
CDC_Device_CreateStream                           obj/CDCClassDevice.o
                                                  obj/main.o
CDC_Device_Event_Stub                             obj/CDCClassDevice.o
CDC_Device_Flush                                  obj/CDCClassDevice.o
CDC_Device_ProcessControlRequest                  obj/CDCClassDevice.o
                                                  obj/main.o
CDC_Device_ReceiveByte                            obj/CDCClassDevice.o
                                                  obj/main.o
CDC_Device_SendByte                               obj/CDCClassDevice.o
CDC_Device_SendControlLineStateChange             obj/CDCClassDevice.o
CDC_Device_SendData                               obj/CDCClassDevice.o
CDC_Device_SendData_P                             obj/CDCClassDevice.o
CDC_Device_SendString                             obj/CDCClassDevice.o
CDC_Device_SendString_P                           obj/CDCClassDevice.o
CDC_Device_USBTask                                obj/CDCClassDevice.o
                                                  obj/main.o
CalcCheckSum(unsigned long)                       obj/irTrans.o
ConfigurationDescriptor                           obj/Descriptors.o
DebugLed                                          obj/main.o
DeviceDescriptor                                  obj/Descriptors.o
EVENT_Audio_Device_StreamStartStop                obj/AudioClassDevice.o
EVENT_CDC_Device_BreakSent                        obj/CDCClassDevice.o
EVENT_CDC_Device_ControLineStateChanged           obj/main.o
EVENT_CDC_Device_LineEncodingChanged              obj/CDCClassDevice.o
EVENT_PRNT_Device_SoftReset                       obj/PrinterClassDevice.o
EVENT_USB_Device_ConfigurationChanged             obj/main.o
                                                  obj/DeviceStandardReq.o
EVENT_USB_Device_Connect                          obj/main.o
                                                  obj/USBInterrupt_AVR8.o
EVENT_USB_Device_ControlRequest                   obj/main.o
                                                  obj/DeviceStandardReq.o
EVENT_USB_Device_Disconnect                       obj/main.o
                                                  obj/USBInterrupt_AVR8.o
EVENT_USB_Device_Reset                            obj/Events.o
                                                  obj/USBInterrupt_AVR8.o
EVENT_USB_Device_StartOfFrame                     obj/Events.o
                                                  obj/USBInterrupt_AVR8.o
EVENT_USB_Device_Suspend                          obj/Events.o
                                                  obj/USBInterrupt_AVR8.o
EVENT_USB_Device_WakeUp                           obj/Events.o
                                                  obj/USBInterrupt_AVR8.o
Endpoint_ClearEndpoints                           obj/Endpoint_AVR8.o
Endpoint_ClearStatusStage                         obj/Endpoint_AVR8.o
                                                  obj/PrinterClassDevice.o
                                                  obj/MassStorageClassDevice.o
                                                  obj/HIDClassDevice.o
                                                  obj/CDCClassDevice.o
                                                  obj/AudioClassDevice.o
                                                  obj/DeviceStandardReq.o
Endpoint_ConfigureEndpointTable                   obj/Endpoint_AVR8.o
                                                  obj/RNDISClassDevice.o
                                                  obj/PrinterClassDevice.o
                                                  obj/MIDIClassDevice.o
                                                  obj/MassStorageClassDevice.o
                                                  obj/HIDClassDevice.o
                                                  obj/CDCClassDevice.o
                                                  obj/AudioClassDevice.o
Endpoint_ConfigureEndpoint_Prv                    obj/Endpoint_AVR8.o
                                                  obj/USBInterrupt_AVR8.o
                                                  obj/USBController_AVR8.o
Endpoint_Discard_Stream                           obj/EndpointStream_AVR8.o
Endpoint_Null_Stream                              obj/EndpointStream_AVR8.o
Endpoint_Read_Control_EStream_BE                  obj/EndpointStream_AVR8.o
Endpoint_Read_Control_EStream_LE                  obj/EndpointStream_AVR8.o
Endpoint_Read_Control_Stream_BE                   obj/EndpointStream_AVR8.o
Endpoint_Read_Control_Stream_LE                   obj/EndpointStream_AVR8.o
                                                  obj/RNDISClassDevice.o
                                                  obj/HIDClassDevice.o
                                                  obj/AudioClassDevice.o
Endpoint_Read_EStream_BE                          obj/EndpointStream_AVR8.o
Endpoint_Read_EStream_LE                          obj/EndpointStream_AVR8.o
Endpoint_Read_Stream_BE                           obj/EndpointStream_AVR8.o
Endpoint_Read_Stream_LE                           obj/EndpointStream_AVR8.o
                                                  obj/RNDISClassDevice.o
                                                  obj/MIDIClassDevice.o
                                                  obj/MassStorageClassDevice.o
Endpoint_WaitUntilReady                           obj/Endpoint_AVR8.o
                                                  obj/RNDISClassDevice.o
                                                  obj/PrinterClassDevice.o
                                                  obj/MIDIClassDevice.o
                                                  obj/CDCClassDevice.o
                                                  obj/EndpointStream_AVR8.o
Endpoint_Write_Control_EStream_BE                 obj/EndpointStream_AVR8.o
Endpoint_Write_Control_EStream_LE                 obj/EndpointStream_AVR8.o
Endpoint_Write_Control_PStream_BE                 obj/EndpointStream_AVR8.o
Endpoint_Write_Control_PStream_LE                 obj/EndpointStream_AVR8.o
                                                  obj/DeviceStandardReq.o
Endpoint_Write_Control_Stream_BE                  obj/EndpointStream_AVR8.o
Endpoint_Write_Control_Stream_LE                  obj/EndpointStream_AVR8.o
                                                  obj/RNDISClassDevice.o
                                                  obj/PrinterClassDevice.o
                                                  obj/HIDClassDevice.o
                                                  obj/AudioClassDevice.o
                                                  obj/DeviceStandardReq.o
Endpoint_Write_EStream_BE                         obj/EndpointStream_AVR8.o
Endpoint_Write_EStream_LE                         obj/EndpointStream_AVR8.o
Endpoint_Write_PStream_BE                         obj/EndpointStream_AVR8.o
Endpoint_Write_PStream_LE                         obj/EndpointStream_AVR8.o
                                                  obj/CDCClassDevice.o
Endpoint_Write_Stream_BE                          obj/EndpointStream_AVR8.o
Endpoint_Write_Stream_LE                          obj/EndpointStream_AVR8.o
                                                  obj/RNDISClassDevice.o
                                                  obj/PrinterClassDevice.o
                                                  obj/MIDIClassDevice.o
                                                  obj/MassStorageClassDevice.o
                                                  obj/HIDClassDevice.o
                                                  obj/CDCClassDevice.o
GetAD                                             obj/main.o
HID_Device_ConfigureEndpoints                     obj/HIDClassDevice.o
HID_Device_ProcessControlRequest                  obj/HIDClassDevice.o
HID_Device_USBTask                                obj/HIDClassDevice.o
IRrecv::IRrecv()                                  obj/irRecv.o
                                                  obj/irTrans.o
IRrecv::IRrecv()                                  obj/irRecv.o
IRrecv::compare(unsigned int, unsigned int)       obj/irRecv.o
IRrecv::decode(decode_results*)                   obj/irRecv.o
                                                  obj/irTrans.o
IRrecv::decodeMain(decode_results*)               obj/irRecv.o
IRrecv::enableIRIn()                              obj/irRecv.o
                                                  obj/irTrans.o
IRrecv::isIdle()                                  obj/irRecv.o
IRrecv::resume()                                  obj/irRecv.o
                                                  obj/irTrans.o
IRsend::enableIROut(int)                          obj/irSend.o
                                                  obj/irTrans.o
IRsend::send(unsigned long, int)                  obj/irSend.o
                                                  obj/irTrans.o
InitMotor                                         obj/Motor.o
                                                  obj/main.o
InitRotEncoder                                    obj/RotEncoder.o
IrRawRecive                                       obj/irTrans.o
IrRawSend                                         obj/irTrans.o
IrReceive                                         obj/irTrans.o
                                                  obj/main.o
IrReceiveProc                                     obj/main.o
IrReceiveSetup                                    obj/irTrans.o
                                                  obj/main.o
IrSend                                            obj/irTrans.o
                                                  obj/main.o
IrSendSetup                                       obj/irTrans.o
IrTransmissionProc                                obj/main.o
LanguageString                                    obj/Descriptors.o
Led7Seg_Init                                      obj/led7seg.o
Led7Seg_SetDisplayNumber                          obj/led7seg.o
                                                  obj/RotEncoder.o
MATCH(int, int)                                   obj/IRremote.o
MATCH_MARK(int, int)                              obj/IRremote.o
                                                  obj/irRecv.o
MATCH_SPACE(int, int)                             obj/IRremote.o
                                                  obj/irRecv.o
MIDI_Device_ConfigureEndpoints                    obj/MIDIClassDevice.o
MIDI_Device_Flush                                 obj/MIDIClassDevice.o
MIDI_Device_ReceiveEventPacket                    obj/MIDIClassDevice.o
MIDI_Device_SendEventPacket                       obj/MIDIClassDevice.o
MIDI_Device_USBTask                               obj/MIDIClassDevice.o
MS_Device_ConfigureEndpoints                      obj/MassStorageClassDevice.o
MS_Device_ProcessControlRequest                   obj/MassStorageClassDevice.o
MS_Device_USBTask                                 obj/MassStorageClassDevice.o
ManufacturerString                                obj/Descriptors.o
MotorPwm                                          obj/Motor.o
                                                  obj/main.o
MotorPwm_RW                                       obj/Motor.o
                                                  obj/main.o
PRNT_Device_BytesReceived                         obj/PrinterClassDevice.o
PRNT_Device_ConfigureEndpoints                    obj/PrinterClassDevice.o
PRNT_Device_CreateBlockingStream                  obj/PrinterClassDevice.o
PRNT_Device_CreateStream                          obj/PrinterClassDevice.o
PRNT_Device_Event_Stub                            obj/PrinterClassDevice.o
PRNT_Device_Flush                                 obj/PrinterClassDevice.o
PRNT_Device_ProcessControlRequest                 obj/PrinterClassDevice.o
PRNT_Device_ReceiveByte                           obj/PrinterClassDevice.o
PRNT_Device_SendByte                              obj/PrinterClassDevice.o
PRNT_Device_SendData                              obj/PrinterClassDevice.o
PRNT_Device_SendString                            obj/PrinterClassDevice.o
PRNT_Device_USBTask                               obj/PrinterClassDevice.o
ProductString                                     obj/Descriptors.o
RNDIS_Device_ConfigureEndpoints                   obj/RNDISClassDevice.o
RNDIS_Device_IsPacketReceived                     obj/RNDISClassDevice.o
RNDIS_Device_ProcessControlRequest                obj/RNDISClassDevice.o
RNDIS_Device_ReadPacket                           obj/RNDISClassDevice.o
RNDIS_Device_SendPacket                           obj/RNDISClassDevice.o
RNDIS_Device_USBTask                              obj/RNDISClassDevice.o
RotEncoderGetVal                                  obj/RotEncoder.o
                                                  obj/main.o
SelectADChannel                                   obj/main.o
SendShiftReg                                      obj/led7seg.o
SetupHardware                                     obj/main.o
TIMER_CONFIG_KHZ(int)                             obj/irSend.o
TIMER_CONFIG_NORMAL()                             obj/irRecv.o
USBSerialStream                                   obj/main.o
USB_ControlRequest                                obj/RNDISClassDevice.o
                                                  obj/PrinterClassDevice.o
                                                  obj/MassStorageClassDevice.o
                                                  obj/HIDClassDevice.o
                                                  obj/CDCClassDevice.o
                                                  obj/AudioClassDevice.o
                                                  obj/USBTask.o
                                                  obj/DeviceStandardReq.o
                                                  obj/Endpoint_AVR8.o
                                                  obj/EndpointStream_AVR8.o
USB_DeviceState                                   obj/RNDISClassDevice.o
                                                  obj/PrinterClassDevice.o
                                                  obj/MIDIClassDevice.o
                                                  obj/MassStorageClassDevice.o
                                                  obj/HIDClassDevice.o
                                                  obj/CDCClassDevice.o
                                                  obj/USBTask.o
                                                  obj/DeviceStandardReq.o
                                                  obj/USBInterrupt_AVR8.o
                                                  obj/USBController_AVR8.o
                                                  obj/Endpoint_AVR8.o
                                                  obj/EndpointStream_AVR8.o
USB_Device_ConfigurationNumber                    obj/DeviceStandardReq.o
                                                  obj/USBInterrupt_AVR8.o
                                                  obj/USBController_AVR8.o
USB_Device_CurrentlySelfPowered                   obj/DeviceStandardReq.o
                                                  obj/USBController_AVR8.o
USB_Device_ProcessControlRequest                  obj/DeviceStandardReq.o
                                                  obj/USBTask.o
                                                  obj/USBInterrupt_AVR8.o
USB_Device_RemoteWakeupEnabled                    obj/DeviceStandardReq.o
                                                  obj/USBController_AVR8.o
USB_Device_SendRemoteWakeup                       obj/Device_AVR8.o
USB_Disable                                       obj/USBController_AVR8.o
USB_Event_Stub                                    obj/Events.o
USB_GetHIDReportItemInfo                          obj/HIDParser.o
USB_GetHIDReportSize                              obj/HIDParser.o
USB_GetNextDescriptorComp                         obj/ConfigDescriptors.o
USB_GetNextDescriptorOfType                       obj/ConfigDescriptors.o
USB_GetNextDescriptorOfTypeAfter                  obj/ConfigDescriptors.o
USB_GetNextDescriptorOfTypeBefore                 obj/ConfigDescriptors.o
USB_INT_ClearAllInterrupts                        obj/USBInterrupt_AVR8.o
                                                  obj/USBController_AVR8.o
USB_INT_DisableAllInterrupts                      obj/USBInterrupt_AVR8.o
                                                  obj/USBController_AVR8.o
USB_Init                                          obj/USBController_AVR8.o
                                                  obj/main.o
USB_IsInitialized                                 obj/USBTask.o
                                                  obj/USBController_AVR8.o
USB_ProcessHIDReport                              obj/HIDParser.o
USB_ResetInterface                                obj/USBController_AVR8.o
USB_SetHIDReportItemInfo                          obj/HIDParser.o
USB_USBTask                                       obj/USBTask.o
                                                  obj/PrinterClassDevice.o
                                                  obj/CDCClassDevice.o
                                                  obj/main.o
VirtualSerial_CDC_Interface                       obj/main.o
__addsf3                                          c:/winavr-20100110/bin/../lib/gcc/avr/4.3.3/../../../../avr/lib/avr5\libm.a(addsf3.o)
                                                  obj/IRremote.o
__addsf3x                                         c:/winavr-20100110/bin/../lib/gcc/avr/4.3.3/../../../../avr/lib/avr5\libm.a(addsf3x.o)
                                                  c:/winavr-20100110/bin/../lib/gcc/avr/4.3.3/../../../../avr/lib/avr5\libm.a(addsf3.o)
__bad_interrupt                                   c:/winavr-20100110/bin/../lib/gcc/avr/4.3.3/../../../../avr/lib/avr5/crtm32u4.o
__bss_end                                         c:/winavr-20100110/bin/../lib/gcc/avr/4.3.3/avr5\libgcc.a(_clear_bss.o)
__bss_start                                       c:/winavr-20100110/bin/../lib/gcc/avr/4.3.3/avr5\libgcc.a(_clear_bss.o)
__cmpsf2                                          c:/winavr-20100110/bin/../lib/gcc/avr/4.3.3/../../../../avr/lib/avr5\libm.a(cmpsf2.o)
__ctors_end                                       c:/winavr-20100110/bin/../lib/gcc/avr/4.3.3/avr5\libgcc.a(_ctors.o)
__ctors_start                                     c:/winavr-20100110/bin/../lib/gcc/avr/4.3.3/avr5\libgcc.a(_ctors.o)
__ctype_isfalse                                   c:/winavr-20100110/bin/../lib/gcc/avr/4.3.3/../../../../avr/lib/avr5\libc.a(cty_isfalse.o)
                                                  c:/winavr-20100110/bin/../lib/gcc/avr/4.3.3/../../../../avr/lib/avr5\libc.a(isalpha.o)
__ctype_istrue                                    c:/winavr-20100110/bin/../lib/gcc/avr/4.3.3/../../../../avr/lib/avr5\libc.a(cty_isfalse.o)
__data_end                                        c:/winavr-20100110/bin/../lib/gcc/avr/4.3.3/avr5\libgcc.a(_copy_data.o)
__data_load_start                                 c:/winavr-20100110/bin/../lib/gcc/avr/4.3.3/avr5\libgcc.a(_copy_data.o)
__data_start                                      c:/winavr-20100110/bin/../lib/gcc/avr/4.3.3/avr5\libgcc.a(_copy_data.o)
__divmodhi4                                       c:/winavr-20100110/bin/../lib/gcc/avr/4.3.3/avr5\libgcc.a(_divmodhi4.o)
                                                  obj/led7seg.o
__divsf3                                          c:/winavr-20100110/bin/../lib/gcc/avr/4.3.3/../../../../avr/lib/avr5\libm.a(divsf3.o)
                                                  obj/IRremote.o
__divsf3_pse                                      c:/winavr-20100110/bin/../lib/gcc/avr/4.3.3/../../../../avr/lib/avr5\libm.a(divsf3x.o)
__divsf3x                                         c:/winavr-20100110/bin/../lib/gcc/avr/4.3.3/../../../../avr/lib/avr5\libm.a(divsf3x.o)
                                                  c:/winavr-20100110/bin/../lib/gcc/avr/4.3.3/../../../../avr/lib/avr5\libm.a(divsf3.o)
__do_clear_bss                                    c:/winavr-20100110/bin/../lib/gcc/avr/4.3.3/avr5\libgcc.a(_clear_bss.o)
                                                  obj/RotEncoder.o
                                                  obj/led7seg.o
                                                  obj/irTrans.o
                                                  obj/IRremote.o
                                                  obj/USBTask.o
                                                  obj/DeviceStandardReq.o
                                                  obj/main.o
__do_copy_data                                    c:/winavr-20100110/bin/../lib/gcc/avr/4.3.3/avr5\libgcc.a(_copy_data.o)
                                                  obj/led7seg.o
                                                  obj/RNDISClassDevice.o
                                                  obj/CDCClassDevice.o
                                                  obj/main.o
__do_global_ctors                                 c:/winavr-20100110/bin/../lib/gcc/avr/4.3.3/avr5\libgcc.a(_ctors.o)
                                                  obj/irTrans.o
__eerd_byte_m32u4                                 c:/winavr-20100110/bin/../lib/gcc/avr/4.3.3/../../../../avr/lib/avr5\libc.a(eerd_byte_atmega32u4.o)
                                                  obj/EndpointStream_AVR8.o
__eeupd_byte_m32u4                                c:/winavr-20100110/bin/../lib/gcc/avr/4.3.3/../../../../avr/lib/avr5\libc.a(eeupd_byte_atmega32u4.o)
                                                  obj/EndpointStream_AVR8.o
__eeupd_r18_m32u4                                 c:/winavr-20100110/bin/../lib/gcc/avr/4.3.3/../../../../avr/lib/avr5\libc.a(eeupd_byte_atmega32u4.o)
__eqsf2                                           c:/winavr-20100110/bin/../lib/gcc/avr/4.3.3/../../../../avr/lib/avr5\libm.a(cmpsf2.o)
__fixsfsi                                         c:/winavr-20100110/bin/../lib/gcc/avr/4.3.3/../../../../avr/lib/avr5\libm.a(fixsfsi.o)
                                                  obj/IRremote.o
__fixunssfsi                                      c:/winavr-20100110/bin/../lib/gcc/avr/4.3.3/../../../../avr/lib/avr5\libm.a(fixunssfsi.o)
                                                  c:/winavr-20100110/bin/../lib/gcc/avr/4.3.3/../../../../avr/lib/avr5\libm.a(fixsfsi.o)
__floatsisf                                       c:/winavr-20100110/bin/../lib/gcc/avr/4.3.3/../../../../avr/lib/avr5\libm.a(floatsisf.o)
                                                  obj/IRremote.o
__floatunsisf                                     c:/winavr-20100110/bin/../lib/gcc/avr/4.3.3/../../../../avr/lib/avr5\libm.a(floatsisf.o)
                                                  obj/irRecv.o
__fp_cmp                                          c:/winavr-20100110/bin/../lib/gcc/avr/4.3.3/../../../../avr/lib/avr5\libm.a(fp_cmp.o)
                                                  c:/winavr-20100110/bin/../lib/gcc/avr/4.3.3/../../../../avr/lib/avr5\libm.a(cmpsf2.o)
__fp_inf                                          c:/winavr-20100110/bin/../lib/gcc/avr/4.3.3/../../../../avr/lib/avr5\libm.a(fp_inf.o)
                                                  c:/winavr-20100110/bin/../lib/gcc/avr/4.3.3/../../../../avr/lib/avr5\libm.a(mulsf3x.o)
                                                  c:/winavr-20100110/bin/../lib/gcc/avr/4.3.3/../../../../avr/lib/avr5\libm.a(divsf3x.o)
                                                  c:/winavr-20100110/bin/../lib/gcc/avr/4.3.3/../../../../avr/lib/avr5\libm.a(addsf3x.o)
__fp_nan                                          c:/winavr-20100110/bin/../lib/gcc/avr/4.3.3/../../../../avr/lib/avr5\libm.a(fp_nan.o)
                                                  c:/winavr-20100110/bin/../lib/gcc/avr/4.3.3/../../../../avr/lib/avr5\libm.a(mulsf3x.o)
                                                  c:/winavr-20100110/bin/../lib/gcc/avr/4.3.3/../../../../avr/lib/avr5\libm.a(divsf3x.o)
                                                  c:/winavr-20100110/bin/../lib/gcc/avr/4.3.3/../../../../avr/lib/avr5\libm.a(addsf3x.o)
__fp_pscA                                         c:/winavr-20100110/bin/../lib/gcc/avr/4.3.3/../../../../avr/lib/avr5\libm.a(fp_pscA.o)
                                                  c:/winavr-20100110/bin/../lib/gcc/avr/4.3.3/../../../../avr/lib/avr5\libm.a(mulsf3x.o)
                                                  c:/winavr-20100110/bin/../lib/gcc/avr/4.3.3/../../../../avr/lib/avr5\libm.a(divsf3x.o)
                                                  c:/winavr-20100110/bin/../lib/gcc/avr/4.3.3/../../../../avr/lib/avr5\libm.a(addsf3x.o)
__fp_pscB                                         c:/winavr-20100110/bin/../lib/gcc/avr/4.3.3/../../../../avr/lib/avr5\libm.a(fp_pscB.o)
                                                  c:/winavr-20100110/bin/../lib/gcc/avr/4.3.3/../../../../avr/lib/avr5\libm.a(mulsf3x.o)
                                                  c:/winavr-20100110/bin/../lib/gcc/avr/4.3.3/../../../../avr/lib/avr5\libm.a(divsf3x.o)
                                                  c:/winavr-20100110/bin/../lib/gcc/avr/4.3.3/../../../../avr/lib/avr5\libm.a(addsf3x.o)
__fp_round                                        c:/winavr-20100110/bin/../lib/gcc/avr/4.3.3/../../../../avr/lib/avr5\libm.a(fp_round.o)
                                                  c:/winavr-20100110/bin/../lib/gcc/avr/4.3.3/../../../../avr/lib/avr5\libm.a(mulsf3.o)
                                                  c:/winavr-20100110/bin/../lib/gcc/avr/4.3.3/../../../../avr/lib/avr5\libm.a(divsf3.o)
                                                  c:/winavr-20100110/bin/../lib/gcc/avr/4.3.3/../../../../avr/lib/avr5\libm.a(addsf3.o)
__fp_split3                                       c:/winavr-20100110/bin/../lib/gcc/avr/4.3.3/../../../../avr/lib/avr5\libm.a(fp_split3.o)
                                                  c:/winavr-20100110/bin/../lib/gcc/avr/4.3.3/../../../../avr/lib/avr5\libm.a(mulsf3x.o)
                                                  c:/winavr-20100110/bin/../lib/gcc/avr/4.3.3/../../../../avr/lib/avr5\libm.a(divsf3x.o)
                                                  c:/winavr-20100110/bin/../lib/gcc/avr/4.3.3/../../../../avr/lib/avr5\libm.a(addsf3x.o)
__fp_splitA                                       c:/winavr-20100110/bin/../lib/gcc/avr/4.3.3/../../../../avr/lib/avr5\libm.a(fp_split3.o)
                                                  c:/winavr-20100110/bin/../lib/gcc/avr/4.3.3/../../../../avr/lib/avr5\libm.a(fixunssfsi.o)
__fp_szero                                        c:/winavr-20100110/bin/../lib/gcc/avr/4.3.3/../../../../avr/lib/avr5\libm.a(fp_zero.o)
                                                  c:/winavr-20100110/bin/../lib/gcc/avr/4.3.3/../../../../avr/lib/avr5\libm.a(mulsf3x.o)
                                                  c:/winavr-20100110/bin/../lib/gcc/avr/4.3.3/../../../../avr/lib/avr5\libm.a(fixsfsi.o)
                                                  c:/winavr-20100110/bin/../lib/gcc/avr/4.3.3/../../../../avr/lib/avr5\libm.a(divsf3x.o)
__fp_zero                                         c:/winavr-20100110/bin/../lib/gcc/avr/4.3.3/../../../../avr/lib/avr5\libm.a(fp_zero.o)
                                                  c:/winavr-20100110/bin/../lib/gcc/avr/4.3.3/../../../../avr/lib/avr5\libm.a(fixunssfsi.o)
                                                  c:/winavr-20100110/bin/../lib/gcc/avr/4.3.3/../../../../avr/lib/avr5\libm.a(addsf3x.o)
__heap_end                                        c:/winavr-20100110/bin/../lib/gcc/avr/4.3.3/../../../../avr/lib/avr5/crtm32u4.o
__init                                            c:/winavr-20100110/bin/../lib/gcc/avr/4.3.3/../../../../avr/lib/avr5/crtm32u4.o
__lesf2                                           c:/winavr-20100110/bin/../lib/gcc/avr/4.3.3/../../../../avr/lib/avr5\libm.a(cmpsf2.o)
__ltsf2                                           c:/winavr-20100110/bin/../lib/gcc/avr/4.3.3/../../../../avr/lib/avr5\libm.a(cmpsf2.o)
                                                  obj/irRecv.o
__mulsf3                                          c:/winavr-20100110/bin/../lib/gcc/avr/4.3.3/../../../../avr/lib/avr5\libm.a(mulsf3.o)
                                                  obj/irRecv.o
                                                  obj/IRremote.o
__mulsf3_pse                                      c:/winavr-20100110/bin/../lib/gcc/avr/4.3.3/../../../../avr/lib/avr5\libm.a(mulsf3x.o)
__mulsf3x                                         c:/winavr-20100110/bin/../lib/gcc/avr/4.3.3/../../../../avr/lib/avr5\libm.a(mulsf3x.o)
                                                  c:/winavr-20100110/bin/../lib/gcc/avr/4.3.3/../../../../avr/lib/avr5\libm.a(mulsf3.o)
__nesf2                                           c:/winavr-20100110/bin/../lib/gcc/avr/4.3.3/../../../../avr/lib/avr5\libm.a(cmpsf2.o)
__stack                                           c:/winavr-20100110/bin/../lib/gcc/avr/4.3.3/../../../../avr/lib/avr5/crtm32u4.o
__subsf3                                          c:/winavr-20100110/bin/../lib/gcc/avr/4.3.3/../../../../avr/lib/avr5\libm.a(addsf3.o)
__tablejump2__                                    c:/winavr-20100110/bin/../lib/gcc/avr/4.3.3/avr5\libgcc.a(_tablejump.o)
__tablejump__                                     c:/winavr-20100110/bin/../lib/gcc/avr/4.3.3/avr5\libgcc.a(_tablejump.o)
                                                  c:/winavr-20100110/bin/../lib/gcc/avr/4.3.3/avr5\libgcc.a(_ctors.o)
__udivmodhi4                                      c:/winavr-20100110/bin/../lib/gcc/avr/4.3.3/avr5\libgcc.a(_udivmodhi4.o)
                                                  c:/winavr-20100110/bin/../lib/gcc/avr/4.3.3/avr5\libgcc.a(_divmodhi4.o)
                                                  obj/irSend.o
__udivmodsi4                                      c:/winavr-20100110/bin/../lib/gcc/avr/4.3.3/avr5\libgcc.a(_udivmodsi4.o)
                                                  obj/irSend.o
__vector_1                                        c:/winavr-20100110/bin/../lib/gcc/avr/4.3.3/../../../../avr/lib/avr5/crtm32u4.o
__vector_10                                       obj/USBInterrupt_AVR8.o
                                                  c:/winavr-20100110/bin/../lib/gcc/avr/4.3.3/../../../../avr/lib/avr5/crtm32u4.o
__vector_11                                       obj/USBInterrupt_AVR8.o
                                                  c:/winavr-20100110/bin/../lib/gcc/avr/4.3.3/../../../../avr/lib/avr5/crtm32u4.o
__vector_12                                       c:/winavr-20100110/bin/../lib/gcc/avr/4.3.3/../../../../avr/lib/avr5/crtm32u4.o
__vector_13                                       c:/winavr-20100110/bin/../lib/gcc/avr/4.3.3/../../../../avr/lib/avr5/crtm32u4.o
__vector_14                                       c:/winavr-20100110/bin/../lib/gcc/avr/4.3.3/../../../../avr/lib/avr5/crtm32u4.o
__vector_15                                       c:/winavr-20100110/bin/../lib/gcc/avr/4.3.3/../../../../avr/lib/avr5/crtm32u4.o
__vector_16                                       c:/winavr-20100110/bin/../lib/gcc/avr/4.3.3/../../../../avr/lib/avr5/crtm32u4.o
__vector_17                                       c:/winavr-20100110/bin/../lib/gcc/avr/4.3.3/../../../../avr/lib/avr5/crtm32u4.o
__vector_18                                       c:/winavr-20100110/bin/../lib/gcc/avr/4.3.3/../../../../avr/lib/avr5/crtm32u4.o
__vector_19                                       c:/winavr-20100110/bin/../lib/gcc/avr/4.3.3/../../../../avr/lib/avr5/crtm32u4.o
__vector_2                                        c:/winavr-20100110/bin/../lib/gcc/avr/4.3.3/../../../../avr/lib/avr5/crtm32u4.o
__vector_20                                       c:/winavr-20100110/bin/../lib/gcc/avr/4.3.3/../../../../avr/lib/avr5/crtm32u4.o
__vector_21                                       c:/winavr-20100110/bin/../lib/gcc/avr/4.3.3/../../../../avr/lib/avr5/crtm32u4.o
__vector_22                                       c:/winavr-20100110/bin/../lib/gcc/avr/4.3.3/../../../../avr/lib/avr5/crtm32u4.o
__vector_23                                       obj/led7seg.o
                                                  c:/winavr-20100110/bin/../lib/gcc/avr/4.3.3/../../../../avr/lib/avr5/crtm32u4.o
__vector_24                                       c:/winavr-20100110/bin/../lib/gcc/avr/4.3.3/../../../../avr/lib/avr5/crtm32u4.o
__vector_25                                       c:/winavr-20100110/bin/../lib/gcc/avr/4.3.3/../../../../avr/lib/avr5/crtm32u4.o
__vector_26                                       c:/winavr-20100110/bin/../lib/gcc/avr/4.3.3/../../../../avr/lib/avr5/crtm32u4.o
__vector_27                                       c:/winavr-20100110/bin/../lib/gcc/avr/4.3.3/../../../../avr/lib/avr5/crtm32u4.o
__vector_28                                       c:/winavr-20100110/bin/../lib/gcc/avr/4.3.3/../../../../avr/lib/avr5/crtm32u4.o
__vector_29                                       c:/winavr-20100110/bin/../lib/gcc/avr/4.3.3/../../../../avr/lib/avr5/crtm32u4.o
__vector_3                                        obj/RotEncoder.o
                                                  c:/winavr-20100110/bin/../lib/gcc/avr/4.3.3/../../../../avr/lib/avr5/crtm32u4.o
__vector_30                                       c:/winavr-20100110/bin/../lib/gcc/avr/4.3.3/../../../../avr/lib/avr5/crtm32u4.o
__vector_31                                       c:/winavr-20100110/bin/../lib/gcc/avr/4.3.3/../../../../avr/lib/avr5/crtm32u4.o
__vector_32                                       c:/winavr-20100110/bin/../lib/gcc/avr/4.3.3/../../../../avr/lib/avr5/crtm32u4.o
__vector_33                                       c:/winavr-20100110/bin/../lib/gcc/avr/4.3.3/../../../../avr/lib/avr5/crtm32u4.o
__vector_34                                       c:/winavr-20100110/bin/../lib/gcc/avr/4.3.3/../../../../avr/lib/avr5/crtm32u4.o
__vector_35                                       c:/winavr-20100110/bin/../lib/gcc/avr/4.3.3/../../../../avr/lib/avr5/crtm32u4.o
__vector_36                                       c:/winavr-20100110/bin/../lib/gcc/avr/4.3.3/../../../../avr/lib/avr5/crtm32u4.o
__vector_37                                       c:/winavr-20100110/bin/../lib/gcc/avr/4.3.3/../../../../avr/lib/avr5/crtm32u4.o
__vector_38                                       c:/winavr-20100110/bin/../lib/gcc/avr/4.3.3/../../../../avr/lib/avr5/crtm32u4.o
__vector_39                                       c:/winavr-20100110/bin/../lib/gcc/avr/4.3.3/../../../../avr/lib/avr5/crtm32u4.o
__vector_4                                        c:/winavr-20100110/bin/../lib/gcc/avr/4.3.3/../../../../avr/lib/avr5/crtm32u4.o
__vector_40                                       c:/winavr-20100110/bin/../lib/gcc/avr/4.3.3/../../../../avr/lib/avr5/crtm32u4.o
__vector_41                                       obj/IRremote.o
                                                  c:/winavr-20100110/bin/../lib/gcc/avr/4.3.3/../../../../avr/lib/avr5/crtm32u4.o
__vector_42                                       c:/winavr-20100110/bin/../lib/gcc/avr/4.3.3/../../../../avr/lib/avr5/crtm32u4.o
__vector_5                                        c:/winavr-20100110/bin/../lib/gcc/avr/4.3.3/../../../../avr/lib/avr5/crtm32u4.o
__vector_6                                        c:/winavr-20100110/bin/../lib/gcc/avr/4.3.3/../../../../avr/lib/avr5/crtm32u4.o
__vector_7                                        c:/winavr-20100110/bin/../lib/gcc/avr/4.3.3/../../../../avr/lib/avr5/crtm32u4.o
__vector_8                                        c:/winavr-20100110/bin/../lib/gcc/avr/4.3.3/../../../../avr/lib/avr5/crtm32u4.o
__vector_9                                        c:/winavr-20100110/bin/../lib/gcc/avr/4.3.3/../../../../avr/lib/avr5/crtm32u4.o
__vector_default                                  c:/winavr-20100110/bin/../lib/gcc/avr/4.3.3/../../../../avr/lib/avr5/crtm32u4.o
__vectors                                         c:/winavr-20100110/bin/../lib/gcc/avr/4.3.3/../../../../avr/lib/avr5/crtm32u4.o
_div                                              c:/winavr-20100110/bin/../lib/gcc/avr/4.3.3/avr5\libgcc.a(_divmodhi4.o)
_exit                                             c:/winavr-20100110/bin/../lib/gcc/avr/4.3.3/avr5\libgcc.a(_exit.o)
exit                                              c:/winavr-20100110/bin/../lib/gcc/avr/4.3.3/avr5\libgcc.a(_exit.o)
                                                  c:/winavr-20100110/bin/../lib/gcc/avr/4.3.3/../../../../avr/lib/avr5/crtm32u4.o
fputc                                             c:/winavr-20100110/bin/../lib/gcc/avr/4.3.3/../../../../avr/lib/avr5\libc.a(fputc.o)
                                                  obj/main.o
g_CurrentDigit                                    obj/led7seg.o
g_DisplayPatterns                                 obj/led7seg.o
irparams                                          obj/IRremote.o
                                                  obj/irRecv.o
isalpha                                           c:/winavr-20100110/bin/../lib/gcc/avr/4.3.3/../../../../avr/lib/avr5\libc.a(isalpha.o)
                                                  obj/main.o
islower                                           c:/winavr-20100110/bin/../lib/gcc/avr/4.3.3/../../../../avr/lib/avr5\libc.a(isalpha.o)
isupper                                           c:/winavr-20100110/bin/../lib/gcc/avr/4.3.3/../../../../avr/lib/avr5\libc.a(isalpha.o)
main                                              obj/main.o
                                                  c:/winavr-20100110/bin/../lib/gcc/avr/4.3.3/../../../../avr/lib/avr5/crtm32u4.o
memcmp                                            c:/winavr-20100110/bin/../lib/gcc/avr/4.3.3/../../../../avr/lib/avr5\libc.a(memcmp.o)
                                                  obj/HIDClassDevice.o
memcpy                                            c:/winavr-20100110/bin/../lib/gcc/avr/4.3.3/../../../../avr/lib/avr5\libc.a(memcpy.o)
                                                  obj/RNDISClassDevice.o
                                                  obj/HIDClassDevice.o
memcpy_P                                          c:/winavr-20100110/bin/../lib/gcc/avr/4.3.3/../../../../avr/lib/avr5\libc.a(memcpy_P.o)
                                                  obj/RNDISClassDevice.o
memset                                            c:/winavr-20100110/bin/../lib/gcc/avr/4.3.3/../../../../avr/lib/avr5\libc.a(memset.o)
                                                  obj/HIDClassDevice.o
strlen_P                                          c:/winavr-20100110/bin/../lib/gcc/avr/4.3.3/../../../../avr/lib/avr5\libc.a(strlen_P.o)
                                                  obj/CDCClassDevice.o
