Archive member included because of file (symbol)

c:/program files (x86)/atmel/avr tools/avr toolchain/bin/../lib/gcc/avr/4.7.2/../../../../avr/lib/avr5\libm.a(addsf3.o)
                              obj/IRremote.o (__addsf3)
c:/program files (x86)/atmel/avr tools/avr toolchain/bin/../lib/gcc/avr/4.7.2/../../../../avr/lib/avr5\libm.a(addsf3x.o)
                              c:/program files (x86)/atmel/avr tools/avr toolchain/bin/../lib/gcc/avr/4.7.2/../../../../avr/lib/avr5\libm.a(addsf3.o) (__addsf3x)
c:/program files (x86)/atmel/avr tools/avr toolchain/bin/../lib/gcc/avr/4.7.2/../../../../avr/lib/avr5\libm.a(cmpsf2.o)
                              obj/irRecv.o (__ltsf2)
c:/program files (x86)/atmel/avr tools/avr toolchain/bin/../lib/gcc/avr/4.7.2/../../../../avr/lib/avr5\libm.a(divsf3.o)
                              obj/IRremote.o (__divsf3)
c:/program files (x86)/atmel/avr tools/avr toolchain/bin/../lib/gcc/avr/4.7.2/../../../../avr/lib/avr5\libm.a(divsf3x.o)
                              c:/program files (x86)/atmel/avr tools/avr toolchain/bin/../lib/gcc/avr/4.7.2/../../../../avr/lib/avr5\libm.a(divsf3.o) (__divsf3x)
c:/program files (x86)/atmel/avr tools/avr toolchain/bin/../lib/gcc/avr/4.7.2/../../../../avr/lib/avr5\libm.a(fixsfsi.o)
                              obj/IRremote.o (__fixsfsi)
c:/program files (x86)/atmel/avr tools/avr toolchain/bin/../lib/gcc/avr/4.7.2/../../../../avr/lib/avr5\libm.a(fixunssfsi.o)
                              c:/program files (x86)/atmel/avr tools/avr toolchain/bin/../lib/gcc/avr/4.7.2/../../../../avr/lib/avr5\libm.a(fixsfsi.o) (__fixunssfsi)
c:/program files (x86)/atmel/avr tools/avr toolchain/bin/../lib/gcc/avr/4.7.2/../../../../avr/lib/avr5\libm.a(floatsisf.o)
                              obj/irRecv.o (__floatunsisf)
c:/program files (x86)/atmel/avr tools/avr toolchain/bin/../lib/gcc/avr/4.7.2/../../../../avr/lib/avr5\libm.a(fp_cmp.o)
                              c:/program files (x86)/atmel/avr tools/avr toolchain/bin/../lib/gcc/avr/4.7.2/../../../../avr/lib/avr5\libm.a(cmpsf2.o) (__fp_cmp)
c:/program files (x86)/atmel/avr tools/avr toolchain/bin/../lib/gcc/avr/4.7.2/../../../../avr/lib/avr5\libm.a(fp_inf.o)
                              c:/program files (x86)/atmel/avr tools/avr toolchain/bin/../lib/gcc/avr/4.7.2/../../../../avr/lib/avr5\libm.a(addsf3x.o) (__fp_inf)
c:/program files (x86)/atmel/avr tools/avr toolchain/bin/../lib/gcc/avr/4.7.2/../../../../avr/lib/avr5\libm.a(fp_nan.o)
                              c:/program files (x86)/atmel/avr tools/avr toolchain/bin/../lib/gcc/avr/4.7.2/../../../../avr/lib/avr5\libm.a(addsf3x.o) (__fp_nan)
c:/program files (x86)/atmel/avr tools/avr toolchain/bin/../lib/gcc/avr/4.7.2/../../../../avr/lib/avr5\libm.a(fp_pscA.o)
                              c:/program files (x86)/atmel/avr tools/avr toolchain/bin/../lib/gcc/avr/4.7.2/../../../../avr/lib/avr5\libm.a(addsf3x.o) (__fp_pscA)
c:/program files (x86)/atmel/avr tools/avr toolchain/bin/../lib/gcc/avr/4.7.2/../../../../avr/lib/avr5\libm.a(fp_pscB.o)
                              c:/program files (x86)/atmel/avr tools/avr toolchain/bin/../lib/gcc/avr/4.7.2/../../../../avr/lib/avr5\libm.a(addsf3x.o) (__fp_pscB)
c:/program files (x86)/atmel/avr tools/avr toolchain/bin/../lib/gcc/avr/4.7.2/../../../../avr/lib/avr5\libm.a(fp_round.o)
                              c:/program files (x86)/atmel/avr tools/avr toolchain/bin/../lib/gcc/avr/4.7.2/../../../../avr/lib/avr5\libm.a(addsf3.o) (__fp_round)
c:/program files (x86)/atmel/avr tools/avr toolchain/bin/../lib/gcc/avr/4.7.2/../../../../avr/lib/avr5\libm.a(fp_split3.o)
                              c:/program files (x86)/atmel/avr tools/avr toolchain/bin/../lib/gcc/avr/4.7.2/../../../../avr/lib/avr5\libm.a(addsf3x.o) (__fp_split3)
c:/program files (x86)/atmel/avr tools/avr toolchain/bin/../lib/gcc/avr/4.7.2/../../../../avr/lib/avr5\libm.a(fp_zero.o)
                              c:/program files (x86)/atmel/avr tools/avr toolchain/bin/../lib/gcc/avr/4.7.2/../../../../avr/lib/avr5\libm.a(addsf3x.o) (__fp_zero)
c:/program files (x86)/atmel/avr tools/avr toolchain/bin/../lib/gcc/avr/4.7.2/../../../../avr/lib/avr5\libm.a(mulsf3.o)
                              obj/IRremote.o (__mulsf3)
c:/program files (x86)/atmel/avr tools/avr toolchain/bin/../lib/gcc/avr/4.7.2/../../../../avr/lib/avr5\libm.a(mulsf3x.o)
                              c:/program files (x86)/atmel/avr tools/avr toolchain/bin/../lib/gcc/avr/4.7.2/../../../../avr/lib/avr5\libm.a(mulsf3.o) (__mulsf3x)
c:/program files (x86)/atmel/avr tools/avr toolchain/bin/../lib/gcc/avr/4.7.2/avr5\libgcc.a(_udivmodhi4.o)
                              obj/irSend.o (__udivmodhi4)
c:/program files (x86)/atmel/avr tools/avr toolchain/bin/../lib/gcc/avr/4.7.2/avr5\libgcc.a(_divmodhi4.o)
                              obj/led7seg.o (__divmodhi4)
c:/program files (x86)/atmel/avr tools/avr toolchain/bin/../lib/gcc/avr/4.7.2/avr5\libgcc.a(_udivmodsi4.o)
[...]
Memory Configuration

Name             Origin             Length             Attributes
text             0x00000000         0x00020000         xr
data             0x00800060         0x0000ffa0         rw !x
eeprom           0x00810000         0x00010000         rw !x
fuse             0x00820000         0x00000400         rw !x
lock             0x00830000         0x00000400         rw !x
signature        0x00840000         0x00000400         rw !x
user_signatures  0x00850000         0x00000400         rw !x
*default*        0x00000000         0xffffffff

Linker script and memory map

Address of section .data set to 0x800100
LOAD c:/program files (x86)/atmel/avr tools/avr toolchain/bin/../lib/gcc/avr/4.7.2/../../../../avr/lib/avr5/crtm32u4.o
LOAD obj/main.o
LOAD obj/Descriptors.o
LOAD obj/HIDParser.o
LOAD obj/Device_AVR8.o
LOAD obj/EndpointStream_AVR8.o
LOAD obj/Endpoint_AVR8.o
LOAD obj/Host_AVR8.o
LOAD obj/PipeStream_AVR8.o
LOAD obj/Pipe_AVR8.o
LOAD obj/USBController_AVR8.o
LOAD obj/USBInterrupt_AVR8.o
LOAD obj/ConfigDescriptors.o
LOAD obj/DeviceStandardReq.o
LOAD obj/Events.o
LOAD obj/HostStandardReq.o
LOAD obj/USBTask.o
LOAD obj/AudioClassDevice.o
LOAD obj/CDCClassDevice.o
LOAD obj/HIDClassDevice.o
LOAD obj/MassStorageClassDevice.o
LOAD obj/MIDIClassDevice.o
LOAD obj/PrinterClassDevice.o
LOAD obj/RNDISClassDevice.o
LOAD obj/AndroidAccessoryClassHost.o
LOAD obj/AudioClassHost.o
LOAD obj/CDCClassHost.o
LOAD obj/HIDClassHost.o
LOAD obj/MassStorageClassHost.o
LOAD obj/MIDIClassHost.o
LOAD obj/PrinterClassHost.o
LOAD obj/RNDISClassHost.o
LOAD obj/StillImageClassHost.o
LOAD obj/irSend.o
LOAD obj/IRremote.o
LOAD obj/irRecv.o
LOAD obj/irTrans.o
LOAD obj/led7seg.o
LOAD obj/RotEncoder.o
LOAD obj/Motor.o
LOAD c:/program files (x86)/atmel/avr tools/avr toolchain/bin/../lib/gcc/avr/4.7.2/../../../../avr/lib/avr5\libm.a
LOAD c:/program files (x86)/atmel/avr tools/avr toolchain/bin/../lib/gcc/avr/4.7.2/avr5\libgcc.a
LOAD c:/program files (x86)/atmel/avr tools/avr toolchain/bin/../lib/gcc/avr/4.7.2/../../../../avr/lib/avr5\libc.a
LOAD c:/program files (x86)/atmel/avr tools/avr toolchain/bin/../lib/gcc/avr/4.7.2/avr5\libgcc.a

.hash
 *(.hash)

.dynsym
 *(.dynsym)

.dynstr
 *(.dynstr)

.gnu.version
 *(.gnu.version)

.gnu.version_d
 *(.gnu.version_d)

.gnu.version_r
 *(.gnu.version_r)

.rel.init
 *(.rel.init)

.rela.init
 *(.rela.init)

.rel.text
 *(.rel.text)
 *(.rel.text.*)
 *(.rel.gnu.linkonce.t*)

.rela.text
 *(.rela.text)
 *(.rela.text.*)
 *(.rela.gnu.linkonce.t*)

.rel.fini
 *(.rel.fini)

.rela.fini
 *(.rela.fini)

.rel.rodata
 *(.rel.rodata)
 *(.rel.rodata.*)
 *(.rel.gnu.linkonce.r*)

.rela.rodata
 *(.rela.rodata)
 *(.rela.rodata.*)
 *(.rela.gnu.linkonce.r*)

.rel.data
 *(.rel.data)
 *(.rel.data.*)
 *(.rel.gnu.linkonce.d*)

.rela.data
 *(.rela.data)
 *(.rela.data.*)
 *(.rela.gnu.linkonce.d*)

.rel.ctors
 *(.rel.ctors)

.rela.ctors
 *(.rela.ctors)

.rel.dtors
 *(.rel.dtors)

.rela.dtors
 *(.rela.dtors)

.rel.got
 *(.rel.got)

.rela.got
 *(.rela.got)

.rel.bss
 *(.rel.bss)

.rela.bss
 *(.rela.bss)

.rel.plt
 *(.rel.plt)

.rela.plt
 *(.rela.plt)

.text           0x00000000     0x1a7a
 *(.vectors)
 .vectors       0x00000000       0xac c:/program files (x86)/atmel/avr tools/avr toolchain/bin/../lib/gcc/avr/4.7.2/../../../../avr/lib/avr5/crtm32u4.o
                0x00000000                __vector_default
                0x00000000                __vectors
 *(.vectors)
 *(.progmem.gcc*)
 *(.progmem*)
 .progmem.data  0x000000ac       0x8c obj/Descriptors.o
                0x000000ac                ProductString
                0x000000ca                ManufacturerString
                0x000000e4                LanguageString
                0x000000e8                ConfigurationDescriptor
                0x00000126                DeviceDescriptor
                0x00000138                . = ALIGN (0x2)
                0x00000138                __trampolines_start = .
 *(.trampolines)
 .trampolines   0x00000138        0x0 linker stubs
 *(.trampolines*)
                0x00000138                __trampolines_end = .
 *(.jumptables)
 *(.jumptables*)
 *(.lowtext)
 *(.lowtext*)
                0x00000138                __ctors_start = .
 *(.ctors)
 .ctors         0x00000138        0x2 obj/irTrans.o
                0x0000013a                __ctors_end = .
                0x0000013a                __dtors_start = .
 *(.dtors)
                0x0000013a                __dtors_end = .
 SORT(*)(.ctors)
 SORT(*)(.dtors)
 *(.init0)
 .init0         0x0000013a        0x0 c:/program files (x86)/atmel/avr tools/avr toolchain/bin/../lib/gcc/avr/4.7.2/../../../../avr/lib/avr5/crtm32u4.o
                0x0000013a                __init
 *(.init0)
 *(.init1)
 *(.init1)
 *(.init2)
 .init2         0x0000013a        0xc c:/program files (x86)/atmel/avr tools/avr toolchain/bin/../lib/gcc/avr/4.7.2/../../../../avr/lib/avr5/crtm32u4.o
 *(.init2)
 *(.init3)
 *(.init3)
 *(.init4)
 .init4         0x00000146       0x16 c:/program files (x86)/atmel/avr tools/avr toolchain/bin/../lib/gcc/avr/4.7.2/avr5\libgcc.a(_copy_data.o)
                0x00000146                __do_copy_data
 .init4         0x0000015c       0x10 c:/program files (x86)/atmel/avr tools/avr toolchain/bin/../lib/gcc/avr/4.7.2/avr5\libgcc.a(_clear_bss.o)
                0x0000015c                __do_clear_bss
 *(.init4)
 *(.init5)
 *(.init5)
 *(.init6)
 .init6         0x0000016c       0x16 c:/program files (x86)/atmel/avr tools/avr toolchain/bin/../lib/gcc/avr/4.7.2/avr5\libgcc.a(_ctors.o)
                0x0000016c                __do_global_ctors
 *(.init6)
 *(.init7)
 *(.init7)
 *(.init8)
 *(.init8)
 *(.init9)
 .init9         0x00000182        0x6 c:/program files (x86)/atmel/avr tools/avr toolchain/bin/../lib/gcc/avr/4.7.2/../../../../avr/lib/avr5/crtm32u4.o
 *(.init9)
 *(.text)
 .text          0x00000188        0x2 c:/program files (x86)/atmel/avr tools/avr toolchain/bin/../lib/gcc/avr/4.7.2/../../../../avr/lib/avr5/crtm32u4.o
                0x00000188                __vector_38
                0x00000188                __vector_22
                0x00000188                __vector_28
                0x00000188                __vector_1
                0x00000188                __vector_32
                0x00000188                __vector_34
                0x00000188                __vector_24
                0x00000188                __vector_12
                0x00000188                __bad_interrupt
                0x00000188                __vector_6
                0x00000188                __vector_31
                0x00000188                __vector_35
                0x00000188                __vector_39
                0x00000188                __vector_30
                0x00000188                __vector_25
                0x00000188                __vector_13
                0x00000188                __vector_17
                0x00000188                __vector_19
                0x00000188                __vector_7
                0x00000188                __vector_27
                0x00000188                __vector_5
                0x00000188                __vector_33
                0x00000188                __vector_37
                0x00000188                __vector_4
                0x00000188                __vector_9
                0x00000188                __vector_2
                0x00000188                __vector_21
                0x00000188                __vector_15
                0x00000188                __vector_36
                0x00000188                __vector_29
                0x00000188                __vector_40
                0x00000188                __vector_8
                0x00000188                __vector_26
                0x00000188                __vector_14
                0x00000188                __vector_16
                0x00000188                __vector_18
                0x00000188                __vector_20
                0x00000188                __vector_42
                0x0000018a                . = ALIGN (0x2)
 *(.text.*)
 .text.EVENT_USB_Device_Connect
                0x0000018a        0x2 obj/main.o
                0x0000018a                EVENT_USB_Device_Connect
 .text.EVENT_USB_Device_Disconnect
                0x0000018c        0x2 obj/main.o
                0x0000018c                EVENT_USB_Device_Disconnect
 .text.EVENT_USB_Device_ConfigurationChanged
                0x0000018e        0x6 obj/main.o
                0x0000018e                EVENT_USB_Device_ConfigurationChanged
 .text.EVENT_USB_Device_ControlRequest
                0x00000194        0x6 obj/main.o
                0x00000194                EVENT_USB_Device_ControlRequest
 .text.EVENT_CDC_Device_ControLineStateChanged
                0x0000019a        0x2 obj/main.o
                0x0000019a                EVENT_CDC_Device_ControLineStateChanged
 .text.IrReceived
                0x0000019c       0x4a obj/main.o
                0x0000019c                IrReceived
 .text.SetupHardware
                0x000001e6       0x46 obj/main.o
                0x000001e6                SetupHardware
 .text.startup.main
                0x0000022c       0x62 obj/main.o
                0x0000022c                main
 .text.CALLBACK_USB_GetDescriptor
                0x0000028e       0x7a obj/Descriptors.o
                0x0000028e                CALLBACK_USB_GetDescriptor
 .text.Endpoint_Write_Control_Stream_LE
                0x00000308       0xc6 obj/EndpointStream_AVR8.o
                0x00000308                Endpoint_Write_Control_Stream_LE
 .text.Endpoint_Write_Control_PStream_LE
                0x000003ce       0xc8 obj/EndpointStream_AVR8.o
                0x000003ce                Endpoint_Write_Control_PStream_LE
 .text.Endpoint_ConfigureEndpoint_Prv
                0x00000496       0x6e obj/Endpoint_AVR8.o
                0x00000496                Endpoint_ConfigureEndpoint_Prv
 .text.Endpoint_ConfigureEndpointTable
                0x00000504       0x7e obj/Endpoint_AVR8.o
                0x00000504                Endpoint_ConfigureEndpointTable
 .text.Endpoint_ClearStatusStage
                0x00000582       0x42 obj/Endpoint_AVR8.o
                0x00000582                Endpoint_ClearStatusStage
 .text.Endpoint_WaitUntilReady
                0x000005c4       0x64 obj/Endpoint_AVR8.o
                0x000005c4                Endpoint_WaitUntilReady
 .text.USB_ResetInterface
                0x00000628       0x80 obj/USBController_AVR8.o
                0x00000628                USB_ResetInterface
 .text.USB_Init
                0x000006a8       0x20 obj/USBController_AVR8.o
                0x000006a8                USB_Init
 .text.USB_INT_DisableAllInterrupts
                0x000006c8       0x10 obj/USBInterrupt_AVR8.o
                0x000006c8                USB_INT_DisableAllInterrupts
 .text.USB_INT_ClearAllInterrupts
                0x000006d8        0xa obj/USBInterrupt_AVR8.o
                0x000006d8                USB_INT_ClearAllInterrupts
 .text.__vector_10
                0x000006e2      0x196 obj/USBInterrupt_AVR8.o
                0x000006e2                __vector_10
 .text.__vector_11
                0x00000878       0x86 obj/USBInterrupt_AVR8.o
                0x00000878                __vector_11
 .text.USB_Device_ProcessControlRequest
                0x000008fe      0x2d2 obj/DeviceStandardReq.o
                0x000008fe                USB_Device_ProcessControlRequest
 .text.USB_Event_Stub
                0x00000bd0        0x2 obj/Events.o
                0x00000bd0                USB_Event_Stub
                0x00000bd0                EVENT_USB_Device_Suspend
                0x00000bd0                EVENT_USB_Device_StartOfFrame
                0x00000bd0                EVENT_USB_Device_Reset
                0x00000bd0                EVENT_USB_Device_WakeUp
 .text.USB_USBTask
                0x00000bd2       0x38 obj/USBTask.o
                0x00000bd2                USB_USBTask
 .text.CDC_Device_ConfigureEndpoints
                0x00000c0a       0x4a obj/CDCClassDevice.o
                0x00000c0a                CDC_Device_ConfigureEndpoints
 .text.CDC_Device_SendByte
                0x00000c54       0x4e obj/CDCClassDevice.o
                0x00000c54                CDC_Device_SendByte
 .text.CDC_Device_putchar
                0x00000ca2       0x1c obj/CDCClassDevice.o
 .text.CDC_Device_Flush
                0x00000cbe       0x60 obj/CDCClassDevice.o
                0x00000cbe                CDC_Device_Flush
 .text.CDC_Device_USBTask
                0x00000d1e       0x2c obj/CDCClassDevice.o
                0x00000d1e                CDC_Device_USBTask
 .text.CDC_Device_ReceiveByte
                0x00000d4a       0x6e obj/CDCClassDevice.o
                0x00000d4a                CDC_Device_ReceiveByte
 .text.CDC_Device_getchar
                0x00000db8       0x16 obj/CDCClassDevice.o
 .text.CDC_Device_CreateStream
                0x00000dce       0x26 obj/CDCClassDevice.o
                0x00000dce                CDC_Device_CreateStream
 .text.CDC_Device_Event_Stub
                0x00000df4        0x2 obj/CDCClassDevice.o
                0x00000df4                EVENT_CDC_Device_BreakSent
                0x00000df4                CDC_Device_Event_Stub
                0x00000df4                EVENT_CDC_Device_LineEncodingChanged
 .text.CDC_Device_ProcessControlRequest
                0x00000df6      0x162 obj/CDCClassDevice.o
                0x00000df6                CDC_Device_ProcessControlRequest
 .text._Z10MATCH_MARKii
                0x00000f58       0x7c obj/IRremote.o
                0x00000f58                _Z10MATCH_MARKii
 .text._Z11MATCH_SPACEii
                0x00000fd4       0x7c obj/IRremote.o
                0x00000fd4                _Z11MATCH_SPACEii
 .text.__vector_41
                0x00001050      0x13a obj/IRremote.o
                0x00001050                __vector_41
 .text._Z19TIMER_CONFIG_NORMALv
                0x0000118a       0x30 obj/irRecv.o
                0x0000118a                _Z19TIMER_CONFIG_NORMALv
 .text._ZN6IRrecv10decodeMainEP14decode_results
                0x000011ba       0xfc obj/irRecv.o
                0x000011ba                _ZN6IRrecv10decodeMainEP14decode_results
 .text._ZN6IRrecvC2Ev
                0x000012b6        0x2 obj/irRecv.o
                0x000012b6                _ZN6IRrecvC2Ev
                0x000012b6                _ZN6IRrecvC1Ev
 .text._ZN6IRrecv10enableIRInEv
                0x000012b8       0x18 obj/irRecv.o
                0x000012b8                _ZN6IRrecv10enableIRInEv
 .text._ZN6IRrecv6resumeEv
                0x000012d0        0xc obj/irRecv.o
                0x000012d0                _ZN6IRrecv6resumeEv
 .text._ZN6IRrecv6decodeEP14decode_results
                0x000012dc       0x40 obj/irRecv.o
                0x000012dc                _ZN6IRrecv6decodeEP14decode_results
 .text.IrReceiveSetup
                0x0000131c        0x8 obj/irTrans.o
                0x0000131c                IrReceiveSetup
 .text.IrRawRecive
                0x00001324       0x6c obj/irTrans.o
                0x00001324                IrRawRecive
 .text.IrReceive
                0x00001390       0x58 obj/irTrans.o
                0x00001390                IrReceive
 .text.startup._GLOBAL__sub_I_IrSendSetup
                0x000013e8        0x6 obj/irTrans.o
 .text.SendShiftReg
                0x000013ee        0xc obj/led7seg.o
                0x000013ee                SendShiftReg
 .text.Led7Seg_SetDisplayNumber
                0x000013fa       0x62 obj/led7seg.o
                0x000013fa                Led7Seg_SetDisplayNumber
 .text.__vector_23
                0x0000145c       0x7e obj/led7seg.o
                0x0000145c                __vector_23
 .text.__vector_3
                0x000014da       0x98 obj/RotEncoder.o
                0x000014da                __vector_3
 .text.MotorPwm
                0x00001572       0x40 obj/Motor.o
                0x00001572                MotorPwm
 .text.InitMotor
                0x000015b2       0x1c obj/Motor.o
                0x000015b2                InitMotor
 .text.avr-libc.fplib
                0x000015ce        0xa c:/program files (x86)/atmel/avr tools/avr toolchain/bin/../lib/gcc/avr/4.7.2/../../../../avr/lib/avr5\libm.a(addsf3.o)
                0x000015ce                __subsf3
                0x000015d0                __addsf3
 .text.avr-libc.fplib
                0x000015d8       0xc0 c:/program files (x86)/atmel/avr tools/avr toolchain/bin/../lib/gcc/avr/4.7.2/../../../../avr/lib/avr5\libm.a(addsf3x.o)
                0x000015f2                __addsf3x
 .text.avr-libc.fplib
                0x00001698        0x4 c:/program files (x86)/atmel/avr tools/avr toolchain/bin/../lib/gcc/avr/4.7.2/../../../../avr/lib/avr5\libm.a(divsf3.o)
                0x00001698                __divsf3
 .text.avr-libc.fplib
                0x0000169c       0xcc c:/program files (x86)/atmel/avr tools/avr toolchain/bin/../lib/gcc/avr/4.7.2/../../../../avr/lib/avr5\libm.a(divsf3x.o)
                0x000016b2                __divsf3x
                0x000016b6                __divsf3_pse
 .text.avr-libc.fplib
                0x00001768        0xa c:/program files (x86)/atmel/avr tools/avr toolchain/bin/../lib/gcc/avr/4.7.2/../../../../avr/lib/avr5\libm.a(fixsfsi.o)
                0x00001768                __fixsfsi
 .text.avr-libc.fplib
                0x00001772       0x58 c:/program files (x86)/atmel/avr tools/avr toolchain/bin/../lib/gcc/avr/4.7.2/../../../../avr/lib/avr5\libm.a(fixunssfsi.o)
                0x00001772                __fixunssfsi
 .text.avr-libc.fplib
                0x000017ca       0x7a c:/program files (x86)/atmel/avr tools/avr toolchain/bin/../lib/gcc/avr/4.7.2/../../../../avr/lib/avr5\libm.a(floatsisf.o)
                0x000017ca                __floatunsisf
                0x000017ce                __floatsisf
 .text.avr-libc.fplib
                0x00001844        0xc c:/program files (x86)/atmel/avr tools/avr toolchain/bin/../lib/gcc/avr/4.7.2/../../../../avr/lib/avr5\libm.a(fp_inf.o)
                0x00001844                __fp_inf
 .text.avr-libc.fplib
                0x00001850        0x6 c:/program files (x86)/atmel/avr tools/avr toolchain/bin/../lib/gcc/avr/4.7.2/../../../../avr/lib/avr5\libm.a(fp_nan.o)
                0x00001850                __fp_nan
 .text.avr-libc.fplib
                0x00001856        0xe c:/program files (x86)/atmel/avr tools/avr toolchain/bin/../lib/gcc/avr/4.7.2/../../../../avr/lib/avr5\libm.a(fp_pscA.o)
                0x00001856                __fp_pscA
 .text.avr-libc.fplib
                0x00001864        0xe c:/program files (x86)/atmel/avr tools/avr toolchain/bin/../lib/gcc/avr/4.7.2/../../../../avr/lib/avr5\libm.a(fp_pscB.o)
                0x00001864                __fp_pscB
 .text.avr-libc.fplib
                0x00001872       0x22 c:/program files (x86)/atmel/avr tools/avr toolchain/bin/../lib/gcc/avr/4.7.2/../../../../avr/lib/avr5\libm.a(fp_round.o)
                0x00001872                __fp_round
 .text.avr-libc.fplib
                0x00001894       0x44 c:/program files (x86)/atmel/avr tools/avr toolchain/bin/../lib/gcc/avr/4.7.2/../../../../avr/lib/avr5\libm.a(fp_split3.o)
                0x00001894                __fp_split3
                0x000018a4                __fp_splitA
 .text.avr-libc.fplib
                0x000018d8        0xe c:/program files (x86)/atmel/avr tools/avr toolchain/bin/../lib/gcc/avr/4.7.2/../../../../avr/lib/avr5\libm.a(fp_zero.o)
                0x000018d8                __fp_zero
                0x000018da                __fp_szero
 .text.avr-libc.fplib
                0x000018e6        0x4 c:/program files (x86)/atmel/avr tools/avr toolchain/bin/../lib/gcc/avr/4.7.2/../../../../avr/lib/avr5\libm.a(mulsf3.o)
                0x000018e6                __mulsf3
 .text.avr-libc.fplib
                0x000018ea       0xc2 c:/program files (x86)/atmel/avr tools/avr toolchain/bin/../lib/gcc/avr/4.7.2/../../../../avr/lib/avr5\libm.a(mulsf3x.o)
                0x000018fe                __mulsf3x
                0x00001902                __mulsf3_pse
 .text.libgcc.div
                0x000019ac       0x28 c:/program files (x86)/atmel/avr tools/avr toolchain/bin/../lib/gcc/avr/4.7.2/avr5\libgcc.a(_udivmodhi4.o)
                0x000019ac                __udivmodhi4
 .text.libgcc.div
                0x000019d4       0x26 c:/program files (x86)/atmel/avr tools/avr toolchain/bin/../lib/gcc/avr/4.7.2/avr5\libgcc.a(_divmodhi4.o)
                0x000019d4                _div
                0x000019d4                __divmodhi4
 .text.libgcc   0x000019fa        0xc c:/program files (x86)/atmel/avr tools/avr toolchain/bin/../lib/gcc/avr/4.7.2/avr5\libgcc.a(_tablejump.o)
                0x000019fa                __tablejump2__
                0x000019fe                __tablejump__
 .text.avr-libc
                0x00001a06       0x12 c:/program files (x86)/atmel/avr tools/avr toolchain/bin/../lib/gcc/avr/4.7.2/../../../../avr/lib/avr5\libc.a(isalpha.o)
                0x00001a06                isupper
                0x00001a0a                isalpha
                0x00001a0c                islower
 .text.avr-libc
                0x00001a18       0x58 c:/program files (x86)/atmel/avr tools/avr toolchain/bin/../lib/gcc/avr/4.7.2/../../../../avr/lib/avr5\libc.a(fputc.o)
                0x00001a18                fputc
 .text.avr-libc
                0x00001a70        0x6 c:/program files (x86)/atmel/avr tools/avr toolchain/bin/../lib/gcc/avr/4.7.2/../../../../avr/lib/avr5\libc.a(cty_isfalse.o)
                0x00001a70                __ctype_isfalse
                0x00001a74                __ctype_istrue
                0x00001a76                . = ALIGN (0x2)
 *(.fini9)
 .fini9         0x00001a76        0x0 c:/program files (x86)/atmel/avr tools/avr toolchain/bin/../lib/gcc/avr/4.7.2/avr5\libgcc.a(_exit.o)
                0x00001a76                _exit
                0x00001a76                exit
 *(.fini9)
 *(.fini8)
 *(.fini8)
 *(.fini7)
 *(.fini7)
 *(.fini6)
 *(.fini6)
 *(.fini5)
 *(.fini5)
 *(.fini4)
 *(.fini4)
 *(.fini3)
 *(.fini3)
 *(.fini2)
 *(.fini2)
 *(.fini1)
 *(.fini1)
 *(.fini0)
 .fini0         0x00001a76        0x4 c:/program files (x86)/atmel/avr tools/avr toolchain/bin/../lib/gcc/avr/4.7.2/avr5\libgcc.a(_exit.o)
 *(.fini0)
                0x00001a7a                _etext = .

.data           0x00800100       0x26 load address 0x00001a7a
                0x00800100                PROVIDE (__data_start, .)
 *(.data)
 .data          0x00800100        0x0 c:/program files (x86)/atmel/avr tools/avr toolchain/bin/../lib/gcc/avr/4.7.2/../../../../avr/lib/avr5/crtm32u4.o
 .data          0x00800100       0x1b obj/main.o
                0x00800100                VirtualSerial_CDC_Interface
 .data          0x0080011b        0x0 obj/Descriptors.o
 .data          0x0080011b        0x0 obj/HIDParser.o
 .data          0x0080011b        0x0 obj/Device_AVR8.o
 .data          0x0080011b        0x0 obj/EndpointStream_AVR8.o
 .data          0x0080011b        0x0 obj/Endpoint_AVR8.o
 .data          0x0080011b        0x0 obj/Host_AVR8.o
 .data          0x0080011b        0x0 obj/PipeStream_AVR8.o
 .data          0x0080011b        0x0 obj/Pipe_AVR8.o
 .data          0x0080011b        0x0 obj/USBController_AVR8.o
 .data          0x0080011b        0x0 obj/USBInterrupt_AVR8.o
 .data          0x0080011b        0x0 obj/ConfigDescriptors.o
 .data          0x0080011b        0x0 obj/DeviceStandardReq.o
 .data          0x0080011b        0x0 obj/Events.o
 .data          0x0080011b        0x0 obj/HostStandardReq.o
 .data          0x0080011b        0x0 obj/USBTask.o
 .data          0x0080011b        0x0 obj/AudioClassDevice.o
 .data          0x0080011b        0x0 obj/CDCClassDevice.o
 .data          0x0080011b        0x0 obj/HIDClassDevice.o
 .data          0x0080011b        0x0 obj/MassStorageClassDevice.o
 .data          0x0080011b        0x0 obj/MIDIClassDevice.o
 .data          0x0080011b        0x0 obj/PrinterClassDevice.o
 .data          0x0080011b        0x0 obj/RNDISClassDevice.o
 .data          0x0080011b        0x0 obj/AndroidAccessoryClassHost.o
 .data          0x0080011b        0x0 obj/AudioClassHost.o
 .data          0x0080011b        0x0 obj/CDCClassHost.o
 .data          0x0080011b        0x0 obj/HIDClassHost.o
 .data          0x0080011b        0x0 obj/MassStorageClassHost.o
 .data          0x0080011b        0x0 obj/MIDIClassHost.o
 .data          0x0080011b        0x0 obj/PrinterClassHost.o
 .data          0x0080011b        0x0 obj/RNDISClassHost.o
 .data          0x0080011b        0x0 obj/StillImageClassHost.o
 .data          0x0080011b        0x0 obj/irSend.o
 .data          0x0080011b        0x0 obj/IRremote.o
 .data          0x0080011b        0x0 obj/irRecv.o
 .data          0x0080011b        0x0 obj/irTrans.o
 .data          0x0080011b        0x0 obj/led7seg.o
 .data          0x0080011b        0x0 obj/RotEncoder.o
 .data          0x0080011b        0x0 obj/Motor.o
 .data          0x0080011b        0x0 c:/program files (x86)/atmel/avr tools/avr toolchain/bin/../lib/gcc/avr/4.7.2/../../../../avr/lib/avr5\libm.a(addsf3.o)
 .data          0x0080011b        0x0 c:/program files (x86)/atmel/avr tools/avr toolchain/bin/../lib/gcc/avr/4.7.2/../../../../avr/lib/avr5\libm.a(addsf3x.o)
 .data          0x0080011b        0x0 c:/program files (x86)/atmel/avr tools/avr toolchain/bin/../lib/gcc/avr/4.7.2/../../../../avr/lib/avr5\libm.a(cmpsf2.o)
 .data          0x0080011b        0x0 c:/program files (x86)/atmel/avr tools/avr toolchain/bin/../lib/gcc/avr/4.7.2/../../../../avr/lib/avr5\libm.a(divsf3.o)
 .data          0x0080011b        0x0 c:/program files (x86)/atmel/avr tools/avr toolchain/bin/../lib/gcc/avr/4.7.2/../../../../avr/lib/avr5\libm.a(divsf3x.o)
 .data          0x0080011b        0x0 c:/program files (x86)/atmel/avr tools/avr toolchain/bin/../lib/gcc/avr/4.7.2/../../../../avr/lib/avr5\libm.a(fixsfsi.o)
 .data          0x0080011b        0x0 c:/program files (x86)/atmel/avr tools/avr toolchain/bin/../lib/gcc/avr/4.7.2/../../../../avr/lib/avr5\libm.a(fixunssfsi.o)
 .data          0x0080011b        0x0 c:/program files (x86)/atmel/avr tools/avr toolchain/bin/../lib/gcc/avr/4.7.2/../../../../avr/lib/avr5\libm.a(floatsisf.o)
 .data          0x0080011b        0x0 c:/program files (x86)/atmel/avr tools/avr toolchain/bin/../lib/gcc/avr/4.7.2/../../../../avr/lib/avr5\libm.a(fp_cmp.o)
 .data          0x0080011b        0x0 c:/program files (x86)/atmel/avr tools/avr toolchain/bin/../lib/gcc/avr/4.7.2/../../../../avr/lib/avr5\libm.a(fp_inf.o)
 .data          0x0080011b        0x0 c:/program files (x86)/atmel/avr tools/avr toolchain/bin/../lib/gcc/avr/4.7.2/../../../../avr/lib/avr5\libm.a(fp_nan.o)
 .data          0x0080011b        0x0 c:/program files (x86)/atmel/avr tools/avr toolchain/bin/../lib/gcc/avr/4.7.2/../../../../avr/lib/avr5\libm.a(fp_pscA.o)
 .data          0x0080011b        0x0 c:/program files (x86)/atmel/avr tools/avr toolchain/bin/../lib/gcc/avr/4.7.2/../../../../avr/lib/avr5\libm.a(fp_pscB.o)
 .data          0x0080011b        0x0 c:/program files (x86)/atmel/avr tools/avr toolchain/bin/../lib/gcc/avr/4.7.2/../../../../avr/lib/avr5\libm.a(fp_round.o)
 .data          0x0080011b        0x0 c:/program files (x86)/atmel/avr tools/avr toolchain/bin/../lib/gcc/avr/4.7.2/../../../../avr/lib/avr5\libm.a(fp_split3.o)
 .data          0x0080011b        0x0 c:/program files (x86)/atmel/avr tools/avr toolchain/bin/../lib/gcc/avr/4.7.2/../../../../avr/lib/avr5\libm.a(fp_zero.o)
 .data          0x0080011b        0x0 c:/program files (x86)/atmel/avr tools/avr toolchain/bin/../lib/gcc/avr/4.7.2/../../../../avr/lib/avr5\libm.a(mulsf3.o)
 .data          0x0080011b        0x0 c:/program files (x86)/atmel/avr tools/avr toolchain/bin/../lib/gcc/avr/4.7.2/../../../../avr/lib/avr5\libm.a(mulsf3x.o)
 .data          0x0080011b        0x0 c:/program files (x86)/atmel/avr tools/avr toolchain/bin/../lib/gcc/avr/4.7.2/avr5\libgcc.a(_udivmodhi4.o)
 .data          0x0080011b        0x0 c:/program files (x86)/atmel/avr tools/avr toolchain/bin/../lib/gcc/avr/4.7.2/avr5\libgcc.a(_divmodhi4.o)
 .data          0x0080011b        0x0 c:/program files (x86)/atmel/avr tools/avr toolchain/bin/../lib/gcc/avr/4.7.2/avr5\libgcc.a(_udivmodsi4.o)
 .data          0x0080011b        0x0 c:/program files (x86)/atmel/avr tools/avr toolchain/bin/../lib/gcc/avr/4.7.2/avr5\libgcc.a(_exit.o)
 .data          0x0080011b        0x0 c:/program files (x86)/atmel/avr tools/avr toolchain/bin/../lib/gcc/avr/4.7.2/avr5\libgcc.a(_copy_data.o)
 .data          0x0080011b        0x0 c:/program files (x86)/atmel/avr tools/avr toolchain/bin/../lib/gcc/avr/4.7.2/avr5\libgcc.a(_clear_bss.o)
 .data          0x0080011b        0x0 c:/program files (x86)/atmel/avr tools/avr toolchain/bin/../lib/gcc/avr/4.7.2/avr5\libgcc.a(_ctors.o)
 .data          0x0080011b        0x0 c:/program files (x86)/atmel/avr tools/avr toolchain/bin/../lib/gcc/avr/4.7.2/avr5\libgcc.a(_tablejump.o)
 .data          0x0080011b        0x0 c:/program files (x86)/atmel/avr tools/avr toolchain/bin/../lib/gcc/avr/4.7.2/../../../../avr/lib/avr5\libc.a(isalpha.o)
 .data          0x0080011b        0x0 c:/program files (x86)/atmel/avr tools/avr toolchain/bin/../lib/gcc/avr/4.7.2/../../../../avr/lib/avr5\libc.a(memcpy_P.o)
 .data          0x0080011b        0x0 c:/program files (x86)/atmel/avr tools/avr toolchain/bin/../lib/gcc/avr/4.7.2/../../../../avr/lib/avr5\libc.a(strlen_P.o)
 .data          0x0080011b        0x0 c:/program files (x86)/atmel/avr tools/avr toolchain/bin/../lib/gcc/avr/4.7.2/../../../../avr/lib/avr5\libc.a(memcmp.o)
 .data          0x0080011b        0x0 c:/program files (x86)/atmel/avr tools/avr toolchain/bin/../lib/gcc/avr/4.7.2/../../../../avr/lib/avr5\libc.a(memcpy.o)
 .data          0x0080011b        0x0 c:/program files (x86)/atmel/avr tools/avr toolchain/bin/../lib/gcc/avr/4.7.2/../../../../avr/lib/avr5\libc.a(memset.o)
 .data          0x0080011b        0x0 c:/program files (x86)/atmel/avr tools/avr toolchain/bin/../lib/gcc/avr/4.7.2/../../../../avr/lib/avr5\libc.a(fputc.o)
 .data          0x0080011b        0x0 c:/program files (x86)/atmel/avr tools/avr toolchain/bin/../lib/gcc/avr/4.7.2/../../../../avr/lib/avr5\libc.a(eerd_byte_atmega32u4.o)
 .data          0x0080011b        0x0 c:/program files (x86)/atmel/avr tools/avr toolchain/bin/../lib/gcc/avr/4.7.2/../../../../avr/lib/avr5\libc.a(eeupd_byte_atmega32u4.o)
 .data          0x0080011b        0x0 c:/program files (x86)/atmel/avr tools/avr toolchain/bin/../lib/gcc/avr/4.7.2/../../../../avr/lib/avr5\libc.a(cty_isfalse.o)
 *(.data*)
 *(.rodata)
 .rodata        0x0080011b        0xa obj/led7seg.o
 *(.rodata*)
 *(.gnu.linkonce.d*)
                0x00800126                . = ALIGN (0x2)
 *fill*         0x00800125        0x1 
                0x00800126                _edata = .
                0x00800126                PROVIDE (__data_end, .)

.bss            0x00800126       0xf4
                0x00800126                PROVIDE (__bss_start, .)
 *(.bss)
 .bss           0x00800126       0xcf obj/IRremote.o
                0x00800126                irparams
 .bss           0x008001f5        0x2 obj/irTrans.o
 .bss           0x008001f7        0x1 obj/led7seg.o
                0x008001f7                g_CurrentDigit
 .bss           0x008001f8        0x3 obj/RotEncoder.o
 *(.bss*)
 *(COMMON)
 COMMON         0x008001fb        0xe obj/main.o
                0x008001fb                USBSerialStream
 COMMON         0x00800209        0x3 obj/DeviceStandardReq.o
                0x00800209                USB_Device_ConfigurationNumber
                0x0080020a                USB_Device_CurrentlySelfPowered
                0x0080020b                USB_Device_RemoteWakeupEnabled
 COMMON         0x0080020c        0xa obj/USBTask.o
                0x0080020c                USB_IsInitialized
                0x0080020d                USB_DeviceState
                0x0080020e                USB_ControlRequest
 COMMON         0x00800216        0x4 obj/led7seg.o
                0x00800216                g_DisplayPatterns
                0x0080021a                PROVIDE (__bss_end, .)
                0x00001a7a                __data_load_start = LOADADDR (.data)
                0x00001aa0                __data_load_end = (__data_load_start + SIZEOF (.data))

.noinit         0x0080021a        0x0
                0x0080021a                PROVIDE (__noinit_start, .)
 *(.noinit*)
                0x0080021a                PROVIDE (__noinit_end, .)
                0x0080021a                _end = .
                0x0080021a                PROVIDE (__heap_start, .)

.eeprom         0x00810000        0x0
 *(.eeprom*)
                0x00810000                __eeprom_end = .

.fuse
 *(.fuse)
 *(.lfuse)
 *(.hfuse)
 *(.efuse)

.lock
 *(.lock*)

.signature
 *(.signature*)

.user_signatures
 *(.user_signatures*)

.stab           0x00000000     0x2934
 *(.stab)
 .stab          0x00000000      0x6cc c:/program files (x86)/atmel/avr tools/avr toolchain/bin/../lib/gcc/avr/4.7.2/../../../../avr/lib/avr5/crtm32u4.o
 .stab          0x000006cc       0x78 c:/program files (x86)/atmel/avr tools/avr toolchain/bin/../lib/gcc/avr/4.7.2/../../../../avr/lib/avr5\libm.a(addsf3.o)
                                 0x84 (size before relaxing)
 .stab          0x00000744      0x4bc c:/program files (x86)/atmel/avr tools/avr toolchain/bin/../lib/gcc/avr/4.7.2/../../../../avr/lib/avr5\libm.a(addsf3x.o)
                                0x4c8 (size before relaxing)
 .stab          0x00000c00       0x90 c:/program files (x86)/atmel/avr tools/avr toolchain/bin/../lib/gcc/avr/4.7.2/../../../../avr/lib/avr5\libm.a(cmpsf2.o)
                                 0x9c (size before relaxing)
 .stab          0x00000c90       0x48 c:/program files (x86)/atmel/avr tools/avr toolchain/bin/../lib/gcc/avr/4.7.2/../../../../avr/lib/avr5\libm.a(divsf3.o)
                                 0x54 (size before relaxing)
 .stab          0x00000cd8      0x510 c:/program files (x86)/atmel/avr tools/avr toolchain/bin/../lib/gcc/avr/4.7.2/../../../../avr/lib/avr5\libm.a(divsf3x.o)
                                0x51c (size before relaxing)
 .stab          0x000011e8       0x6c c:/program files (x86)/atmel/avr tools/avr toolchain/bin/../lib/gcc/avr/4.7.2/../../../../avr/lib/avr5\libm.a(fixsfsi.o)
                                 0x78 (size before relaxing)
 .stab          0x00001254      0x240 c:/program files (x86)/atmel/avr tools/avr toolchain/bin/../lib/gcc/avr/4.7.2/../../../../avr/lib/avr5\libm.a(fixunssfsi.o)
                                0x24c (size before relaxing)
 .stab          0x00001494      0x318 c:/program files (x86)/atmel/avr tools/avr toolchain/bin/../lib/gcc/avr/4.7.2/../../../../avr/lib/avr5\libm.a(floatsisf.o)
                                0x324 (size before relaxing)
 .stab          0x000017ac      0x1e0 c:/program files (x86)/atmel/avr tools/avr toolchain/bin/../lib/gcc/avr/4.7.2/../../../../avr/lib/avr5\libm.a(fp_cmp.o)
                                0x1ec (size before relaxing)
 .stab          0x0000198c       0x78 c:/program files (x86)/atmel/avr tools/avr toolchain/bin/../lib/gcc/avr/4.7.2/../../../../avr/lib/avr5\libm.a(fp_inf.o)
                                 0x84 (size before relaxing)
 .stab          0x00001a04       0x54 c:/program files (x86)/atmel/avr tools/avr toolchain/bin/../lib/gcc/avr/4.7.2/../../../../avr/lib/avr5\libm.a(fp_nan.o)
                                 0x60 (size before relaxing)
 .stab          0x00001a58       0x84 c:/program files (x86)/atmel/avr tools/avr toolchain/bin/../lib/gcc/avr/4.7.2/../../../../avr/lib/avr5\libm.a(fp_pscA.o)
                                 0x90 (size before relaxing)
 .stab          0x00001adc       0x84 c:/program files (x86)/atmel/avr tools/avr toolchain/bin/../lib/gcc/avr/4.7.2/../../../../avr/lib/avr5\libm.a(fp_pscB.o)
                                 0x90 (size before relaxing)
 .stab          0x00001b60       0xfc c:/program files (x86)/atmel/avr tools/avr toolchain/bin/../lib/gcc/avr/4.7.2/../../../../avr/lib/avr5\libm.a(fp_round.o)
                                0x108 (size before relaxing)
 .stab          0x00001c5c      0x1d4 c:/program files (x86)/atmel/avr tools/avr toolchain/bin/../lib/gcc/avr/4.7.2/../../../../avr/lib/avr5\libm.a(fp_split3.o)
                                0x1e0 (size before relaxing)
 .stab          0x00001e30       0x90 c:/program files (x86)/atmel/avr tools/avr toolchain/bin/../lib/gcc/avr/4.7.2/../../../../avr/lib/avr5\libm.a(fp_zero.o)
                                 0x9c (size before relaxing)
 .stab          0x00001ec0       0x48 c:/program files (x86)/atmel/avr tools/avr toolchain/bin/../lib/gcc/avr/4.7.2/../../../../avr/lib/avr5\libm.a(mulsf3.o)
                                 0x54 (size before relaxing)
 .stab          0x00001f08      0x4d4 c:/program files (x86)/atmel/avr tools/avr toolchain/bin/../lib/gcc/avr/4.7.2/../../../../avr/lib/avr5\libm.a(mulsf3x.o)
                                0x4e0 (size before relaxing)
 .stab          0x000023dc       0xa8 c:/program files (x86)/atmel/avr tools/avr toolchain/bin/../lib/gcc/avr/4.7.2/../../../../avr/lib/avr5\libc.a(isalpha.o)
                                 0xb4 (size before relaxing)
 .stab          0x00002484       0x84 c:/program files (x86)/atmel/avr tools/avr toolchain/bin/../lib/gcc/avr/4.7.2/../../../../avr/lib/avr5\libc.a(memcpy_P.o)
                                 0x90 (size before relaxing)
 .stab          0x00002508       0x84 c:/program files (x86)/atmel/avr tools/avr toolchain/bin/../lib/gcc/avr/4.7.2/../../../../avr/lib/avr5\libc.a(strlen_P.o)
                                 0x90 (size before relaxing)
 .stab          0x0000258c       0xb4 c:/program files (x86)/atmel/avr tools/avr toolchain/bin/../lib/gcc/avr/4.7.2/../../../../avr/lib/avr5\libc.a(memcmp.o)
                                 0xc0 (size before relaxing)
 .stab          0x00002640       0x84 c:/program files (x86)/atmel/avr tools/avr toolchain/bin/../lib/gcc/avr/4.7.2/../../../../avr/lib/avr5\libc.a(memcpy.o)
                                 0x90 (size before relaxing)
 .stab          0x000026c4       0x6c c:/program files (x86)/atmel/avr tools/avr toolchain/bin/../lib/gcc/avr/4.7.2/../../../../avr/lib/avr5\libc.a(memset.o)
                                 0x78 (size before relaxing)
 .stab          0x00002730       0x90 c:/program files (x86)/atmel/avr tools/avr toolchain/bin/../lib/gcc/avr/4.7.2/../../../../avr/lib/avr5\libc.a(eerd_byte_atmega32u4.o)
                                 0x9c (size before relaxing)
 .stab          0x000027c0      0x114 c:/program files (x86)/atmel/avr tools/avr toolchain/bin/../lib/gcc/avr/4.7.2/../../../../avr/lib/avr5\libc.a(eeupd_byte_atmega32u4.o)
                                0x120 (size before relaxing)
 .stab          0x000028d4       0x60 c:/program files (x86)/atmel/avr tools/avr toolchain/bin/../lib/gcc/avr/4.7.2/../../../../avr/lib/avr5\libc.a(cty_isfalse.o)
                                 0x6c (size before relaxing)

.stabstr        0x00000000      0xc98
 *(.stabstr)
 .stabstr       0x00000000      0xc98 c:/program files (x86)/atmel/avr tools/avr toolchain/bin/../lib/gcc/avr/4.7.2/../../../../avr/lib/avr5/crtm32u4.o

.stab.excl
 *(.stab.excl)

.stab.exclstr
 *(.stab.exclstr)

.stab.index
 *(.stab.index)

.stab.indexstr
 *(.stab.indexstr)

.comment        0x00000000       0x2f
 *(.comment)
 .comment       0x00000000       0x2f obj/main.o
                                 0x30 (size before relaxing)
 .comment       0x00000000       0x30 obj/Descriptors.o
 .comment       0x00000000       0x30 obj/HIDParser.o
 .comment       0x00000000       0x30 obj/Device_AVR8.o
 .comment       0x00000000       0x30 obj/EndpointStream_AVR8.o
 .comment       0x00000000       0x30 obj/Endpoint_AVR8.o
 .comment       0x00000000       0x30 obj/Host_AVR8.o
 .comment       0x00000000       0x30 obj/PipeStream_AVR8.o
 .comment       0x00000000       0x30 obj/Pipe_AVR8.o
 .comment       0x00000000       0x30 obj/USBController_AVR8.o
 .comment       0x00000000       0x30 obj/USBInterrupt_AVR8.o
 .comment       0x00000000       0x30 obj/ConfigDescriptors.o
 .comment       0x00000000       0x30 obj/DeviceStandardReq.o
 .comment       0x00000000       0x30 obj/Events.o
 .comment       0x00000000       0x30 obj/HostStandardReq.o
 .comment       0x00000000       0x30 obj/USBTask.o
 .comment       0x00000000       0x30 obj/AudioClassDevice.o
 .comment       0x00000000       0x30 obj/CDCClassDevice.o
 .comment       0x00000000       0x30 obj/HIDClassDevice.o
 .comment       0x00000000       0x30 obj/MassStorageClassDevice.o
 .comment       0x00000000       0x30 obj/MIDIClassDevice.o
 .comment       0x00000000       0x30 obj/PrinterClassDevice.o
 .comment       0x00000000       0x30 obj/RNDISClassDevice.o
 .comment       0x00000000       0x30 obj/AndroidAccessoryClassHost.o
 .comment       0x00000000       0x30 obj/AudioClassHost.o
 .comment       0x00000000       0x30 obj/CDCClassHost.o
 .comment       0x00000000       0x30 obj/HIDClassHost.o
 .comment       0x00000000       0x30 obj/MassStorageClassHost.o
 .comment       0x00000000       0x30 obj/MIDIClassHost.o
 .comment       0x00000000       0x30 obj/PrinterClassHost.o
 .comment       0x00000000       0x30 obj/RNDISClassHost.o
 .comment       0x00000000       0x30 obj/StillImageClassHost.o
 .comment       0x00000000       0x30 obj/irSend.o
 .comment       0x00000000       0x30 obj/IRremote.o
 .comment       0x00000000       0x30 obj/irRecv.o
 .comment       0x00000000       0x30 obj/irTrans.o
 .comment       0x00000000       0x30 obj/led7seg.o
 .comment       0x00000000       0x30 obj/RotEncoder.o
 .comment       0x00000000       0x30 obj/Motor.o
 .comment       0x00000000       0x30 c:/program files (x86)/atmel/avr tools/avr toolchain/bin/../lib/gcc/avr/4.7.2/../../../../avr/lib/avr5\libc.a(fputc.o)

.debug
 *(.debug)

.line
 *(.line)

.debug_srcinfo
 *(.debug_srcinfo)

.debug_sfnames
 *(.debug_sfnames)

.debug_aranges  0x00000000      0x838
 *(.debug_aranges)
 .debug_aranges
                0x00000000       0x68 obj/main.o
 .debug_aranges
                0x00000068       0x20 obj/Descriptors.o
 .debug_aranges
                0x00000088       0x38 obj/HIDParser.o
 .debug_aranges
                0x000000c0       0x20 obj/Device_AVR8.o
 .debug_aranges
                0x000000e0       0xc8 obj/EndpointStream_AVR8.o
 .debug_aranges
                0x000001a8       0x40 obj/Endpoint_AVR8.o
 .debug_aranges
                0x000001e8       0x18 obj/Host_AVR8.o
 .debug_aranges
                0x00000200       0x18 obj/PipeStream_AVR8.o
 .debug_aranges
                0x00000218       0x18 obj/Pipe_AVR8.o
 .debug_aranges
                0x00000230       0x30 obj/USBController_AVR8.o
 .debug_aranges
                0x00000260       0x38 obj/USBInterrupt_AVR8.o
 .debug_aranges
                0x00000298       0x40 obj/ConfigDescriptors.o
 .debug_aranges
                0x000002d8       0x20 obj/DeviceStandardReq.o
 .debug_aranges
                0x000002f8       0x20 obj/Events.o
 .debug_aranges
                0x00000318       0x18 obj/HostStandardReq.o
 .debug_aranges
                0x00000330       0x20 obj/USBTask.o
 .debug_aranges
                0x00000350       0x30 obj/AudioClassDevice.o
 .debug_aranges
                0x00000380       0xa8 obj/CDCClassDevice.o
 .debug_aranges
                0x00000428       0x30 obj/HIDClassDevice.o
 .debug_aranges
                0x00000458       0x30 obj/MassStorageClassDevice.o
 .debug_aranges
                0x00000488       0x40 obj/MIDIClassDevice.o
 .debug_aranges
                0x000004c8       0x90 obj/PrinterClassDevice.o
 .debug_aranges
                0x00000558       0x48 obj/RNDISClassDevice.o
 .debug_aranges
                0x000005a0       0x18 obj/AndroidAccessoryClassHost.o
 .debug_aranges
                0x000005b8       0x18 obj/AudioClassHost.o
 .debug_aranges
                0x000005d0       0x18 obj/CDCClassHost.o
 .debug_aranges
                0x000005e8       0x18 obj/HIDClassHost.o
 .debug_aranges
                0x00000600       0x18 obj/MassStorageClassHost.o
 .debug_aranges
                0x00000618       0x18 obj/MIDIClassHost.o
 .debug_aranges
                0x00000630       0x18 obj/PrinterClassHost.o
 .debug_aranges
                0x00000648       0x18 obj/RNDISClassHost.o
 .debug_aranges
                0x00000660       0x18 obj/StillImageClassHost.o
 .debug_aranges
                0x00000678       0x30 obj/irSend.o
 .debug_aranges
                0x000006a8       0x38 obj/IRremote.o
 .debug_aranges
                0x000006e0       0x58 obj/irRecv.o
 .debug_aranges
                0x00000738       0x50 obj/irTrans.o
 .debug_aranges
                0x00000788       0x38 obj/led7seg.o
 .debug_aranges
                0x000007c0       0x30 obj/RotEncoder.o
 .debug_aranges
                0x000007f0       0x28 obj/Motor.o
 .debug_aranges
                0x00000818       0x20 c:/program files (x86)/atmel/avr tools/avr toolchain/bin/../lib/gcc/avr/4.7.2/../../../../avr/lib/avr5\libc.a(fputc.o)

.debug_pubnames
 *(.debug_pubnames)

.debug_info     0x00000000     0xbeec
 *(.debug_info)
 .debug_info    0x00000000      0x911 obj/main.o
 .debug_info    0x00000911      0x793 obj/Descriptors.o
 .debug_info    0x000010a4      0x736 obj/HIDParser.o
 .debug_info    0x000017da       0xce obj/Device_AVR8.o
 .debug_info    0x000018a8     0x17b7 obj/EndpointStream_AVR8.o
 .debug_info    0x0000305f      0x617 obj/Endpoint_AVR8.o
 .debug_info    0x00003676       0x52 obj/Host_AVR8.o
 .debug_info    0x000036c8       0x52 obj/PipeStream_AVR8.o
 .debug_info    0x0000371a       0x52 obj/Pipe_AVR8.o
 .debug_info    0x0000376c      0x4c7 obj/USBController_AVR8.o
 .debug_info    0x00003c33      0x7c6 obj/USBInterrupt_AVR8.o
 .debug_info    0x000043f9      0x3c9 obj/ConfigDescriptors.o
 .debug_info    0x000047c2      0xa71 obj/DeviceStandardReq.o
 .debug_info    0x00005233       0x74 obj/Events.o
 .debug_info    0x000052a7       0x52 obj/HostStandardReq.o
 .debug_info    0x000052f9      0x269 obj/USBTask.o
 .debug_info    0x00005562      0x8ec obj/AudioClassDevice.o
 .debug_info    0x00005e4e     0x1028 obj/CDCClassDevice.o
 .debug_info    0x00006e76      0x9fa obj/HIDClassDevice.o
 .debug_info    0x00007870      0x953 obj/MassStorageClassDevice.o
 .debug_info    0x000081c3      0x62d obj/MIDIClassDevice.o
 .debug_info    0x000087f0      0xce1 obj/PrinterClassDevice.o
 .debug_info    0x000094d1     0x116d obj/RNDISClassDevice.o
 .debug_info    0x0000a63e       0x52 obj/AndroidAccessoryClassHost.o
 .debug_info    0x0000a690       0x52 obj/AudioClassHost.o
 .debug_info    0x0000a6e2       0x52 obj/CDCClassHost.o
 .debug_info    0x0000a734       0x52 obj/HIDClassHost.o
 .debug_info    0x0000a786       0x52 obj/MassStorageClassHost.o
 .debug_info    0x0000a7d8       0x52 obj/MIDIClassHost.o
 .debug_info    0x0000a82a       0x52 obj/PrinterClassHost.o
 .debug_info    0x0000a87c       0x52 obj/RNDISClassHost.o
 .debug_info    0x0000a8ce       0x52 obj/StillImageClassHost.o
 .debug_info    0x0000a920      0x3cf obj/irSend.o
 .debug_info    0x0000acef      0x24b obj/IRremote.o
 .debug_info    0x0000af3a      0x517 obj/irRecv.o
 .debug_info    0x0000b451      0x524 obj/irTrans.o
 .debug_info    0x0000b975      0x1e1 obj/led7seg.o
 .debug_info    0x0000bb56      0x127 obj/RotEncoder.o
 .debug_info    0x0000bc7d       0xfb obj/Motor.o
 .debug_info    0x0000bd78      0x174 c:/program files (x86)/atmel/avr tools/avr toolchain/bin/../lib/gcc/avr/4.7.2/../../../../avr/lib/avr5\libc.a(fputc.o)
 *(.gnu.linkonce.wi.*)

.debug_abbrev   0x00000000     0x36d4
 *(.debug_abbrev)
 .debug_abbrev  0x00000000      0x3b6 obj/main.o
 .debug_abbrev  0x000003b6      0x14e obj/Descriptors.o
 .debug_abbrev  0x00000504      0x229 obj/HIDParser.o
 .debug_abbrev  0x0000072d       0x7e obj/Device_AVR8.o
 .debug_abbrev  0x000007ab      0x218 obj/EndpointStream_AVR8.o
 .debug_abbrev  0x000009c3      0x220 obj/Endpoint_AVR8.o
 .debug_abbrev  0x00000be3       0x24 obj/Host_AVR8.o
 .debug_abbrev  0x00000c07       0x24 obj/PipeStream_AVR8.o
 .debug_abbrev  0x00000c2b       0x24 obj/Pipe_AVR8.o
 .debug_abbrev  0x00000c4f      0x194 obj/USBController_AVR8.o
 .debug_abbrev  0x00000de3      0x22d obj/USBInterrupt_AVR8.o
 .debug_abbrev  0x00001010      0x181 obj/ConfigDescriptors.o
 .debug_abbrev  0x00001191      0x2c5 obj/DeviceStandardReq.o
 .debug_abbrev  0x00001456       0x42 obj/Events.o
 .debug_abbrev  0x00001498       0x24 obj/HostStandardReq.o
 .debug_abbrev  0x000014bc      0x168 obj/USBTask.o
 .debug_abbrev  0x00001624      0x208 obj/AudioClassDevice.o
 .debug_abbrev  0x0000182c      0x444 obj/CDCClassDevice.o
 .debug_abbrev  0x00001c70      0x27d obj/HIDClassDevice.o
 .debug_abbrev  0x00001eed      0x2ad obj/MassStorageClassDevice.o
 .debug_abbrev  0x0000219a      0x243 obj/MIDIClassDevice.o
 .debug_abbrev  0x000023dd      0x341 obj/PrinterClassDevice.o
 .debug_abbrev  0x0000271e      0x374 obj/RNDISClassDevice.o
 .debug_abbrev  0x00002a92       0x24 obj/AndroidAccessoryClassHost.o
 .debug_abbrev  0x00002ab6       0x24 obj/AudioClassHost.o
 .debug_abbrev  0x00002ada       0x24 obj/CDCClassHost.o
 .debug_abbrev  0x00002afe       0x24 obj/HIDClassHost.o
 .debug_abbrev  0x00002b22       0x24 obj/MassStorageClassHost.o
 .debug_abbrev  0x00002b46       0x24 obj/MIDIClassHost.o
 .debug_abbrev  0x00002b6a       0x24 obj/PrinterClassHost.o
 .debug_abbrev  0x00002b8e       0x24 obj/RNDISClassHost.o
 .debug_abbrev  0x00002bb2       0x24 obj/StillImageClassHost.o
 .debug_abbrev  0x00002bd6      0x1f6 obj/irSend.o
 .debug_abbrev  0x00002dcc       0xed obj/IRremote.o
 .debug_abbrev  0x00002eb9      0x24e obj/irRecv.o
 .debug_abbrev  0x00003107      0x221 obj/irTrans.o
 .debug_abbrev  0x00003328      0x131 obj/led7seg.o
 .debug_abbrev  0x00003459       0xca obj/RotEncoder.o
 .debug_abbrev  0x00003523       0xc0 obj/Motor.o
 .debug_abbrev  0x000035e3       0xf1 c:/program files (x86)/atmel/avr tools/avr toolchain/bin/../lib/gcc/avr/4.7.2/../../../../avr/lib/avr5\libc.a(fputc.o)

.debug_line     0x00000000     0x79c9
 *(.debug_line)
 .debug_line    0x00000000      0x5c4 obj/main.o
 .debug_line    0x000005c4      0x296 obj/Descriptors.o
 .debug_line    0x0000085a      0x5fb obj/HIDParser.o
 .debug_line    0x00000e55      0x179 obj/Device_AVR8.o
 .debug_line    0x00000fce     0x1654 obj/EndpointStream_AVR8.o
 .debug_line    0x00002622      0x52c obj/Endpoint_AVR8.o
 .debug_line    0x00002b4e       0x1a obj/Host_AVR8.o
 .debug_line    0x00002b68       0x1a obj/PipeStream_AVR8.o
 .debug_line    0x00002b82       0x1a obj/Pipe_AVR8.o
 .debug_line    0x00002b9c      0x376 obj/USBController_AVR8.o
 .debug_line    0x00002f12      0x5ca obj/USBInterrupt_AVR8.o
 .debug_line    0x000034dc      0x261 obj/ConfigDescriptors.o
 .debug_line    0x0000373d      0x4fb obj/DeviceStandardReq.o
 .debug_line    0x00003c38       0x64 obj/Events.o
 .debug_line    0x00003c9c       0x1a obj/HostStandardReq.o
 .debug_line    0x00003cb6      0x1db obj/USBTask.o
 .debug_line    0x00003e91      0x485 obj/AudioClassDevice.o
 .debug_line    0x00004316      0xa05 obj/CDCClassDevice.o
 .debug_line    0x00004d1b      0x5c2 obj/HIDClassDevice.o
 .debug_line    0x000052dd      0x55b obj/MassStorageClassDevice.o
 .debug_line    0x00005838      0x413 obj/MIDIClassDevice.o
 .debug_line    0x00005c4b      0x763 obj/PrinterClassDevice.o
 .debug_line    0x000063ae      0x79d obj/RNDISClassDevice.o
 .debug_line    0x00006b4b       0x1a obj/AndroidAccessoryClassHost.o
 .debug_line    0x00006b65       0x1a obj/AudioClassHost.o
 .debug_line    0x00006b7f       0x1a obj/CDCClassHost.o
 .debug_line    0x00006b99       0x1a obj/HIDClassHost.o
 .debug_line    0x00006bb3       0x1a obj/MassStorageClassHost.o
 .debug_line    0x00006bcd       0x1a obj/MIDIClassHost.o
 .debug_line    0x00006be7       0x1a obj/PrinterClassHost.o
 .debug_line    0x00006c01       0x1a obj/RNDISClassHost.o
 .debug_line    0x00006c1b       0x1a obj/StillImageClassHost.o
 .debug_line    0x00006c35      0x22a obj/irSend.o
 .debug_line    0x00006e5f      0x204 obj/IRremote.o
 .debug_line    0x00007063      0x284 obj/irRecv.o
 .debug_line    0x000072e7      0x1a0 obj/irTrans.o
 .debug_line    0x00007487      0x1b4 obj/led7seg.o
 .debug_line    0x0000763b      0x151 obj/RotEncoder.o
 .debug_line    0x0000778c      0x139 obj/Motor.o
 .debug_line    0x000078c5      0x104 c:/program files (x86)/atmel/avr tools/avr toolchain/bin/../lib/gcc/avr/4.7.2/../../../../avr/lib/avr5\libc.a(fputc.o)

.debug_frame    0x00000000     0x148c
 *(.debug_frame)
 .debug_frame   0x00000000       0xbc obj/main.o
 .debug_frame   0x000000bc       0x24 obj/Descriptors.o
 .debug_frame   0x000000e0      0x10c obj/HIDParser.o
 .debug_frame   0x000001ec       0x24 obj/Device_AVR8.o
 .debug_frame   0x00000210      0x42c obj/EndpointStream_AVR8.o
 .debug_frame   0x0000063c       0x78 obj/Endpoint_AVR8.o
 .debug_frame   0x000006b4       0x58 obj/USBController_AVR8.o
 .debug_frame   0x0000070c       0xe8 obj/USBInterrupt_AVR8.o
 .debug_frame   0x000007f4      0x108 obj/ConfigDescriptors.o
 .debug_frame   0x000008fc       0x3c obj/DeviceStandardReq.o
 .debug_frame   0x00000938       0x24 obj/Events.o
 .debug_frame   0x0000095c       0x2c obj/USBTask.o
 .debug_frame   0x00000988       0xb0 obj/AudioClassDevice.o
 .debug_frame   0x00000a38      0x1a0 obj/CDCClassDevice.o
 .debug_frame   0x00000bd8       0xe8 obj/HIDClassDevice.o
 .debug_frame   0x00000cc0       0x80 obj/MassStorageClassDevice.o
 .debug_frame   0x00000d40       0x70 obj/MIDIClassDevice.o
 .debug_frame   0x00000db0      0x144 obj/PrinterClassDevice.o
 .debug_frame   0x00000ef4      0x11c obj/RNDISClassDevice.o
 .debug_frame   0x00001010       0x50 obj/irSend.o
 .debug_frame   0x00001060       0xd8 obj/IRremote.o
 .debug_frame   0x00001138      0x104 obj/irRecv.o
 .debug_frame   0x0000123c       0xb0 obj/irTrans.o
 .debug_frame   0x000012ec       0xa8 obj/led7seg.o
 .debug_frame   0x00001394       0x8c obj/RotEncoder.o
 .debug_frame   0x00001420       0x34 obj/Motor.o
 .debug_frame   0x00001454       0x38 c:/program files (x86)/atmel/avr tools/avr toolchain/bin/../lib/gcc/avr/4.7.2/../../../../avr/lib/avr5\libc.a(fputc.o)

.debug_str      0x00000000     0x44b5
 *(.debug_str)
 .debug_str     0x00000000      0x4ed obj/main.o
                                0x56d (size before relaxing)
 .debug_str     0x000004ed      0x90a obj/Descriptors.o
                                0xaac (size before relaxing)
 .debug_str     0x00000df7      0x4a7 obj/HIDParser.o
                                0x5d7 (size before relaxing)
 .debug_str     0x0000129e       0x89 obj/Device_AVR8.o
                                0x113 (size before relaxing)
 .debug_str     0x00001327      0x690 obj/EndpointStream_AVR8.o
                                0x776 (size before relaxing)
 .debug_str     0x000019b7      0x2e8 obj/Endpoint_AVR8.o
                                0x535 (size before relaxing)
 .debug_str     0x00001c9f       0x3f obj/Host_AVR8.o
                                 0xb2 (size before relaxing)
 .debug_str     0x00001cde       0x45 obj/PipeStream_AVR8.o
                                 0xb8 (size before relaxing)
 .debug_str     0x00001d23       0x3f obj/Pipe_AVR8.o
                                 0xb2 (size before relaxing)
 .debug_str     0x00001d62      0x28e obj/USBController_AVR8.o
                                0x474 (size before relaxing)
 .debug_str     0x00001ff0      0x187 obj/USBInterrupt_AVR8.o
                                0x4f3 (size before relaxing)
 .debug_str     0x00002177      0x239 obj/ConfigDescriptors.o
                                0x2fb (size before relaxing)
 .debug_str     0x000023b0      0x413 obj/DeviceStandardReq.o
                                0x8e7 (size before relaxing)
 .debug_str     0x000027c3       0x46 obj/Events.o
                                 0xb9 (size before relaxing)
 .debug_str     0x00002809       0x40 obj/HostStandardReq.o
                                 0xb3 (size before relaxing)
 .debug_str     0x00002849       0x54 obj/USBTask.o
                                0x29a (size before relaxing)
 .debug_str     0x0000289d      0x295 obj/AudioClassDevice.o
                                0x5cf (size before relaxing)
 .debug_str     0x00002b32      0x2ba obj/CDCClassDevice.o
                                0x987 (size before relaxing)
 .debug_str     0x00002dec      0x25d obj/HIDClassDevice.o
                                0x621 (size before relaxing)
 .debug_str     0x00003049      0x276 obj/MassStorageClassDevice.o
                                0x71b (size before relaxing)
 .debug_str     0x000032bf      0x12a obj/MIDIClassDevice.o
                                0x590 (size before relaxing)
 .debug_str     0x000033e9      0x27e obj/PrinterClassDevice.o
                                0x859 (size before relaxing)
 .debug_str     0x00003667      0x712 obj/RNDISClassDevice.o
                                0xc91 (size before relaxing)
 .debug_str     0x00003d79       0x50 obj/AndroidAccessoryClassHost.o
                                 0xc3 (size before relaxing)
 .debug_str     0x00003dc9       0x45 obj/AudioClassHost.o
                                 0xb8 (size before relaxing)
 .debug_str     0x00003e0e       0x43 obj/CDCClassHost.o
                                 0xb6 (size before relaxing)
 .debug_str     0x00003e51       0x43 obj/HIDClassHost.o
                                 0xb6 (size before relaxing)
 .debug_str     0x00003e94       0x4b obj/MassStorageClassHost.o
                                 0xbe (size before relaxing)
 .debug_str     0x00003edf       0x44 obj/MIDIClassHost.o
                                 0xb7 (size before relaxing)
 .debug_str     0x00003f23       0x47 obj/PrinterClassHost.o
                                 0xba (size before relaxing)
 .debug_str     0x00003f6a       0x45 obj/RNDISClassHost.o
                                 0xb8 (size before relaxing)
 .debug_str     0x00003faf       0x4a obj/StillImageClassHost.o
                                 0xbd (size before relaxing)
 .debug_str     0x00003ff9       0xa6 obj/irSend.o
                                0x1cc (size before relaxing)
 .debug_str     0x0000409f       0xd9 obj/IRremote.o
                                0x1ca (size before relaxing)
 .debug_str     0x00004178      0x148 obj/irRecv.o
                                0x2cc (size before relaxing)
 .debug_str     0x000042c0       0x88 obj/irTrans.o
                                0x304 (size before relaxing)
 .debug_str     0x00004348       0xb3 obj/led7seg.o
                                0x19a (size before relaxing)
 .debug_str     0x000043fb       0x49 obj/RotEncoder.o
                                0x140 (size before relaxing)
 .debug_str     0x00004444        0x8 obj/Motor.o
                                 0xfb (size before relaxing)
 .debug_str     0x0000444c       0x69 c:/program files (x86)/atmel/avr tools/avr toolchain/bin/../lib/gcc/avr/4.7.2/../../../../avr/lib/avr5\libc.a(fputc.o)
                                0x10d (size before relaxing)

.debug_loc      0x00000000     0x78f4
 *(.debug_loc)
 .debug_loc     0x00000000      0x12a obj/main.o
 .debug_loc     0x0000012a      0x1f0 obj/Descriptors.o
 .debug_loc     0x0000031a      0x90e obj/HIDParser.o
 .debug_loc     0x00000c28     0x1f1b obj/EndpointStream_AVR8.o
 .debug_loc     0x00002b43      0x3f7 obj/Endpoint_AVR8.o
 .debug_loc     0x00002f3a       0x49 obj/USBController_AVR8.o
 .debug_loc     0x00002f83      0x346 obj/USBInterrupt_AVR8.o
 .debug_loc     0x000032c9      0x5bd obj/ConfigDescriptors.o
 .debug_loc     0x00003886      0x297 obj/DeviceStandardReq.o
 .debug_loc     0x00003b1d       0x49 obj/USBTask.o
 .debug_loc     0x00003b66      0x3c6 obj/AudioClassDevice.o
 .debug_loc     0x00003f2c      0xb09 obj/CDCClassDevice.o
 .debug_loc     0x00004a35      0x4a4 obj/HIDClassDevice.o
 .debug_loc     0x00004ed9      0x29f obj/MassStorageClassDevice.o
 .debug_loc     0x00005178      0x2c4 obj/MIDIClassDevice.o
 .debug_loc     0x0000543c      0x88a obj/PrinterClassDevice.o
 .debug_loc     0x00005cc6      0xdec obj/RNDISClassDevice.o
 .debug_loc     0x00006ab2      0x202 obj/irSend.o
 .debug_loc     0x00006cb4      0x2fd obj/IRremote.o
 .debug_loc     0x00006fb1      0x3fe obj/irRecv.o
 .debug_loc     0x000073af      0x1a5 obj/irTrans.o
 .debug_loc     0x00007554      0x1aa obj/led7seg.o
 .debug_loc     0x000076fe       0xcb obj/RotEncoder.o
 .debug_loc     0x000077c9       0x38 obj/Motor.o
 .debug_loc     0x00007801       0xf3 c:/program files (x86)/atmel/avr tools/avr toolchain/bin/../lib/gcc/avr/4.7.2/../../../../avr/lib/avr5\libc.a(fputc.o)

.debug_macinfo
 *(.debug_macinfo)

.debug_pubtypes
 *(.debug_pubtypes)

.debug_ranges   0x00000000      0x868
 *(.debug_ranges)
 .debug_ranges  0x00000000       0x58 obj/main.o
 .debug_ranges  0x00000058       0x10 obj/Descriptors.o
 .debug_ranges  0x00000068       0xc8 obj/HIDParser.o
 .debug_ranges  0x00000130       0x10 obj/Device_AVR8.o
 .debug_ranges  0x00000140      0x238 obj/EndpointStream_AVR8.o
 .debug_ranges  0x00000378       0x98 obj/Endpoint_AVR8.o
 .debug_ranges  0x00000410       0x20 obj/USBController_AVR8.o
 .debug_ranges  0x00000430       0x28 obj/USBInterrupt_AVR8.o
 .debug_ranges  0x00000458       0x30 obj/ConfigDescriptors.o
 .debug_ranges  0x00000488       0x28 obj/DeviceStandardReq.o
 .debug_ranges  0x000004b0       0x10 obj/Events.o
 .debug_ranges  0x000004c0       0x10 obj/USBTask.o
 .debug_ranges  0x000004d0       0x20 obj/AudioClassDevice.o
 .debug_ranges  0x000004f0       0x98 obj/CDCClassDevice.o
 .debug_ranges  0x00000588       0x20 obj/HIDClassDevice.o
 .debug_ranges  0x000005a8       0x38 obj/MassStorageClassDevice.o
 .debug_ranges  0x000005e0       0x30 obj/MIDIClassDevice.o
 .debug_ranges  0x00000610       0x80 obj/PrinterClassDevice.o
 .debug_ranges  0x00000690       0x98 obj/RNDISClassDevice.o
 .debug_ranges  0x00000728       0x20 obj/irSend.o
 .debug_ranges  0x00000748       0x28 obj/IRremote.o
 .debug_ranges  0x00000770       0x48 obj/irRecv.o
 .debug_ranges  0x000007b8       0x40 obj/irTrans.o
 .debug_ranges  0x000007f8       0x28 obj/led7seg.o
 .debug_ranges  0x00000820       0x20 obj/RotEncoder.o
 .debug_ranges  0x00000840       0x18 obj/Motor.o
 .debug_ranges  0x00000858       0x10 c:/program files (x86)/atmel/avr tools/avr toolchain/bin/../lib/gcc/avr/4.7.2/../../../../avr/lib/avr5\libc.a(fputc.o)

.debug_macro
 *(.debug_macro)
OUTPUT(main.elf elf32-avr)
LOAD linker stubs

Cross Reference Table

Symbol                                            File
ADMUXMask                                         obj/main.o
Audio_Device_ConfigureEndpoints                   obj/AudioClassDevice.o
Audio_Device_Event_Stub                           obj/AudioClassDevice.o
Audio_Device_ProcessControlRequest                obj/AudioClassDevice.o
CALLBACK_Audio_Device_GetSetEndpointProperty      obj/AudioClassDevice.o
CALLBACK_Audio_Device_GetSetInterfaceProperty     obj/AudioClassDevice.o
CALLBACK_HIDParser_FilterHIDReportItem            obj/HIDParser.o
CALLBACK_HID_Device_CreateHIDReport               obj/HIDClassDevice.o
CALLBACK_HID_Device_ProcessHIDReport              obj/HIDClassDevice.o
CALLBACK_MS_Device_SCSICommandReceived            obj/MassStorageClassDevice.o
CALLBACK_USB_GetDescriptor                        obj/Descriptors.o
                                                  obj/DeviceStandardReq.o
CDC_Device_BytesReceived                          obj/CDCClassDevice.o
CDC_Device_ConfigureEndpoints                     obj/CDCClassDevice.o
                                                  obj/main.o
CDC_Device_CreateBlockingStream                   obj/CDCClassDevice.o
CDC_Device_CreateStream                           obj/CDCClassDevice.o
                                                  obj/main.o
CDC_Device_Event_Stub                             obj/CDCClassDevice.o
CDC_Device_Flush                                  obj/CDCClassDevice.o
CDC_Device_ProcessControlRequest                  obj/CDCClassDevice.o
                                                  obj/main.o
CDC_Device_ReceiveByte                            obj/CDCClassDevice.o
                                                  obj/main.o
CDC_Device_SendByte                               obj/CDCClassDevice.o
CDC_Device_SendControlLineStateChange             obj/CDCClassDevice.o
CDC_Device_SendData                               obj/CDCClassDevice.o
CDC_Device_SendData_P                             obj/CDCClassDevice.o
CDC_Device_SendString                             obj/CDCClassDevice.o
CDC_Device_SendString_P                           obj/CDCClassDevice.o
CDC_Device_USBTask                                obj/CDCClassDevice.o
                                                  obj/main.o
ConfigurationDescriptor                           obj/Descriptors.o
DeviceDescriptor                                  obj/Descriptors.o
EVENT_Audio_Device_StreamStartStop                obj/AudioClassDevice.o
EVENT_CDC_Device_BreakSent                        obj/CDCClassDevice.o
EVENT_CDC_Device_ControLineStateChanged           obj/main.o
EVENT_CDC_Device_LineEncodingChanged              obj/CDCClassDevice.o
EVENT_PRNT_Device_SoftReset                       obj/PrinterClassDevice.o
EVENT_USB_Device_ConfigurationChanged             obj/main.o
                                                  obj/DeviceStandardReq.o
EVENT_USB_Device_Connect                          obj/main.o
                                                  obj/USBInterrupt_AVR8.o
EVENT_USB_Device_ControlRequest                   obj/main.o
                                                  obj/DeviceStandardReq.o
EVENT_USB_Device_Disconnect                       obj/main.o
                                                  obj/USBInterrupt_AVR8.o
EVENT_USB_Device_Reset                            obj/Events.o
                                                  obj/USBInterrupt_AVR8.o
EVENT_USB_Device_StartOfFrame                     obj/Events.o
                                                  obj/USBInterrupt_AVR8.o
EVENT_USB_Device_Suspend                          obj/Events.o
                                                  obj/USBInterrupt_AVR8.o
EVENT_USB_Device_WakeUp                           obj/Events.o
                                                  obj/USBInterrupt_AVR8.o
Endpoint_ClearEndpoints                           obj/Endpoint_AVR8.o
Endpoint_ClearStatusStage                         obj/Endpoint_AVR8.o
                                                  obj/PrinterClassDevice.o
                                                  obj/MassStorageClassDevice.o
                                                  obj/HIDClassDevice.o
                                                  obj/CDCClassDevice.o
                                                  obj/AudioClassDevice.o
                                                  obj/DeviceStandardReq.o
Endpoint_ConfigureEndpointTable                   obj/Endpoint_AVR8.o
                                                  obj/RNDISClassDevice.o
                                                  obj/PrinterClassDevice.o
                                                  obj/MIDIClassDevice.o
                                                  obj/MassStorageClassDevice.o
                                                  obj/HIDClassDevice.o
                                                  obj/CDCClassDevice.o
                                                  obj/AudioClassDevice.o
Endpoint_ConfigureEndpoint_Prv                    obj/Endpoint_AVR8.o
                                                  obj/USBInterrupt_AVR8.o
                                                  obj/USBController_AVR8.o
Endpoint_Discard_Stream                           obj/EndpointStream_AVR8.o
Endpoint_Null_Stream                              obj/EndpointStream_AVR8.o
Endpoint_Read_Control_EStream_BE                  obj/EndpointStream_AVR8.o
Endpoint_Read_Control_EStream_LE                  obj/EndpointStream_AVR8.o
Endpoint_Read_Control_Stream_BE                   obj/EndpointStream_AVR8.o
Endpoint_Read_Control_Stream_LE                   obj/EndpointStream_AVR8.o
                                                  obj/RNDISClassDevice.o
                                                  obj/HIDClassDevice.o
                                                  obj/AudioClassDevice.o
Endpoint_Read_EStream_BE                          obj/EndpointStream_AVR8.o
Endpoint_Read_EStream_LE                          obj/EndpointStream_AVR8.o
Endpoint_Read_Stream_BE                           obj/EndpointStream_AVR8.o
Endpoint_Read_Stream_LE                           obj/EndpointStream_AVR8.o
                                                  obj/RNDISClassDevice.o
                                                  obj/MIDIClassDevice.o
                                                  obj/MassStorageClassDevice.o
Endpoint_WaitUntilReady                           obj/Endpoint_AVR8.o
                                                  obj/RNDISClassDevice.o
                                                  obj/PrinterClassDevice.o
                                                  obj/MIDIClassDevice.o
                                                  obj/CDCClassDevice.o
                                                  obj/EndpointStream_AVR8.o
Endpoint_Write_Control_EStream_BE                 obj/EndpointStream_AVR8.o
Endpoint_Write_Control_EStream_LE                 obj/EndpointStream_AVR8.o
Endpoint_Write_Control_PStream_BE                 obj/EndpointStream_AVR8.o
Endpoint_Write_Control_PStream_LE                 obj/EndpointStream_AVR8.o
                                                  obj/DeviceStandardReq.o
Endpoint_Write_Control_Stream_BE                  obj/EndpointStream_AVR8.o
Endpoint_Write_Control_Stream_LE                  obj/EndpointStream_AVR8.o
                                                  obj/RNDISClassDevice.o
                                                  obj/PrinterClassDevice.o
                                                  obj/HIDClassDevice.o
                                                  obj/AudioClassDevice.o
                                                  obj/DeviceStandardReq.o
Endpoint_Write_EStream_BE                         obj/EndpointStream_AVR8.o
Endpoint_Write_EStream_LE                         obj/EndpointStream_AVR8.o
Endpoint_Write_PStream_BE                         obj/EndpointStream_AVR8.o
Endpoint_Write_PStream_LE                         obj/EndpointStream_AVR8.o
                                                  obj/CDCClassDevice.o
Endpoint_Write_Stream_BE                          obj/EndpointStream_AVR8.o
Endpoint_Write_Stream_LE                          obj/EndpointStream_AVR8.o
                                                  obj/RNDISClassDevice.o
                                                  obj/PrinterClassDevice.o
                                                  obj/MIDIClassDevice.o
                                                  obj/MassStorageClassDevice.o
                                                  obj/HIDClassDevice.o
                                                  obj/CDCClassDevice.o
GetAD                                             obj/main.o
HID_Device_ConfigureEndpoints                     obj/HIDClassDevice.o
HID_Device_ProcessControlRequest                  obj/HIDClassDevice.o
HID_Device_USBTask                                obj/HIDClassDevice.o
IRrecv::IRrecv()                                  obj/irRecv.o
IRrecv::IRrecv()                                  obj/irRecv.o
                                                  obj/irTrans.o
IRrecv::compare(unsigned int, unsigned int)       obj/irRecv.o
IRrecv::decode(decode_results*)                   obj/irRecv.o
                                                  obj/irTrans.o
IRrecv::decodeMain(decode_results*)               obj/irRecv.o
IRrecv::enableIRIn()                              obj/irRecv.o
                                                  obj/irTrans.o
IRrecv::isIdle()                                  obj/irRecv.o
IRrecv::resume()                                  obj/irRecv.o
                                                  obj/irTrans.o
IRsend::enableIROut(int)                          obj/irSend.o
                                                  obj/irTrans.o
IRsend::send(unsigned long, int)                  obj/irSend.o
                                                  obj/irTrans.o
InitMotor                                         obj/Motor.o
                                                  obj/main.o
InitRotEncoder                                    obj/RotEncoder.o
IrRawRecive                                       obj/irTrans.o
IrRawSend                                         obj/irTrans.o
IrReceive                                         obj/irTrans.o
                                                  obj/main.o
IrReceiveSetup                                    obj/irTrans.o
                                                  obj/main.o
IrReceived                                        obj/main.o
IrSend                                            obj/irTrans.o
IrSendSetup                                       obj/irTrans.o
LanguageString                                    obj/Descriptors.o
Led7Seg_Init                                      obj/led7seg.o
Led7Seg_SetDisplayNumber                          obj/led7seg.o
                                                  obj/RotEncoder.o
MATCH(int, int)                                   obj/IRremote.o
MATCH_MARK(int, int)                              obj/IRremote.o
                                                  obj/irRecv.o
MATCH_SPACE(int, int)                             obj/IRremote.o
                                                  obj/irRecv.o
MIDI_Device_ConfigureEndpoints                    obj/MIDIClassDevice.o
MIDI_Device_Flush                                 obj/MIDIClassDevice.o
MIDI_Device_ReceiveEventPacket                    obj/MIDIClassDevice.o
MIDI_Device_SendEventPacket                       obj/MIDIClassDevice.o
MIDI_Device_USBTask                               obj/MIDIClassDevice.o
MS_Device_ConfigureEndpoints                      obj/MassStorageClassDevice.o
MS_Device_ProcessControlRequest                   obj/MassStorageClassDevice.o
MS_Device_USBTask                                 obj/MassStorageClassDevice.o
ManufacturerString                                obj/Descriptors.o
MotorPwm                                          obj/Motor.o
                                                  obj/main.o
PRNT_Device_BytesReceived                         obj/PrinterClassDevice.o
PRNT_Device_ConfigureEndpoints                    obj/PrinterClassDevice.o
PRNT_Device_CreateBlockingStream                  obj/PrinterClassDevice.o
PRNT_Device_CreateStream                          obj/PrinterClassDevice.o
PRNT_Device_Event_Stub                            obj/PrinterClassDevice.o
PRNT_Device_Flush                                 obj/PrinterClassDevice.o
PRNT_Device_ProcessControlRequest                 obj/PrinterClassDevice.o
PRNT_Device_ReceiveByte                           obj/PrinterClassDevice.o
PRNT_Device_SendByte                              obj/PrinterClassDevice.o
PRNT_Device_SendData                              obj/PrinterClassDevice.o
PRNT_Device_SendString                            obj/PrinterClassDevice.o
PRNT_Device_USBTask                               obj/PrinterClassDevice.o
ProductString                                     obj/Descriptors.o
RNDIS_Device_ConfigureEndpoints                   obj/RNDISClassDevice.o
RNDIS_Device_IsPacketReceived                     obj/RNDISClassDevice.o
RNDIS_Device_ProcessControlRequest                obj/RNDISClassDevice.o
RNDIS_Device_ReadPacket                           obj/RNDISClassDevice.o
RNDIS_Device_SendPacket                           obj/RNDISClassDevice.o
RNDIS_Device_USBTask                              obj/RNDISClassDevice.o
RotEncoderGetVal                                  obj/RotEncoder.o
SelectADChannel                                   obj/main.o
SendShiftReg                                      obj/led7seg.o
SetupHardware                                     obj/main.o
TIMER_CONFIG_KHZ(int)                             obj/irSend.o
TIMER_CONFIG_NORMAL()                             obj/irRecv.o
USBSerialStream                                   obj/main.o
USB_ControlRequest                                obj/RNDISClassDevice.o
                                                  obj/PrinterClassDevice.o
                                                  obj/MassStorageClassDevice.o
                                                  obj/HIDClassDevice.o
                                                  obj/CDCClassDevice.o
                                                  obj/AudioClassDevice.o
                                                  obj/USBTask.o
                                                  obj/DeviceStandardReq.o
                                                  obj/Endpoint_AVR8.o
                                                  obj/EndpointStream_AVR8.o
USB_DeviceState                                   obj/RNDISClassDevice.o
                                                  obj/PrinterClassDevice.o
                                                  obj/MIDIClassDevice.o
                                                  obj/MassStorageClassDevice.o
                                                  obj/HIDClassDevice.o
                                                  obj/CDCClassDevice.o
                                                  obj/USBTask.o
                                                  obj/DeviceStandardReq.o
                                                  obj/USBInterrupt_AVR8.o
                                                  obj/USBController_AVR8.o
                                                  obj/Endpoint_AVR8.o
                                                  obj/EndpointStream_AVR8.o
USB_Device_ConfigurationNumber                    obj/DeviceStandardReq.o
                                                  obj/USBInterrupt_AVR8.o
                                                  obj/USBController_AVR8.o
USB_Device_CurrentlySelfPowered                   obj/DeviceStandardReq.o
                                                  obj/USBController_AVR8.o
USB_Device_ProcessControlRequest                  obj/DeviceStandardReq.o
                                                  obj/USBTask.o
                                                  obj/USBInterrupt_AVR8.o
USB_Device_RemoteWakeupEnabled                    obj/DeviceStandardReq.o
                                                  obj/USBController_AVR8.o
USB_Device_SendRemoteWakeup                       obj/Device_AVR8.o
USB_Disable                                       obj/USBController_AVR8.o
USB_Event_Stub                                    obj/Events.o
USB_GetHIDReportItemInfo                          obj/HIDParser.o
USB_GetHIDReportSize                              obj/HIDParser.o
USB_GetNextDescriptorComp                         obj/ConfigDescriptors.o
USB_GetNextDescriptorOfType                       obj/ConfigDescriptors.o
USB_GetNextDescriptorOfTypeAfter                  obj/ConfigDescriptors.o
USB_GetNextDescriptorOfTypeBefore                 obj/ConfigDescriptors.o
USB_INT_ClearAllInterrupts                        obj/USBInterrupt_AVR8.o
                                                  obj/USBController_AVR8.o
USB_INT_DisableAllInterrupts                      obj/USBInterrupt_AVR8.o
                                                  obj/USBController_AVR8.o
USB_Init                                          obj/USBController_AVR8.o
                                                  obj/main.o
USB_IsInitialized                                 obj/USBTask.o
                                                  obj/USBController_AVR8.o
USB_ProcessHIDReport                              obj/HIDParser.o
USB_ResetInterface                                obj/USBController_AVR8.o
USB_SetHIDReportItemInfo                          obj/HIDParser.o
USB_USBTask                                       obj/USBTask.o
                                                  obj/PrinterClassDevice.o
                                                  obj/CDCClassDevice.o
                                                  obj/main.o
VirtualSerial_CDC_Interface                       obj/main.o
__addsf3                                          c:/program files (x86)/atmel/avr tools/avr toolchain/bin/../lib/gcc/avr/4.7.2/../../../../avr/lib/avr5\libm.a(addsf3.o)
                                                  obj/IRremote.o
__addsf3x                                         c:/program files (x86)/atmel/avr tools/avr toolchain/bin/../lib/gcc/avr/4.7.2/../../../../avr/lib/avr5\libm.a(addsf3x.o)
                                                  c:/program files (x86)/atmel/avr tools/avr toolchain/bin/../lib/gcc/avr/4.7.2/../../../../avr/lib/avr5\libm.a(addsf3.o)
__bad_interrupt                                   c:/program files (x86)/atmel/avr tools/avr toolchain/bin/../lib/gcc/avr/4.7.2/../../../../avr/lib/avr5/crtm32u4.o
__bss_end                                         c:/program files (x86)/atmel/avr tools/avr toolchain/bin/../lib/gcc/avr/4.7.2/avr5\libgcc.a(_clear_bss.o)
__bss_start                                       c:/program files (x86)/atmel/avr tools/avr toolchain/bin/../lib/gcc/avr/4.7.2/avr5\libgcc.a(_clear_bss.o)
__cmpsf2                                          c:/program files (x86)/atmel/avr tools/avr toolchain/bin/../lib/gcc/avr/4.7.2/../../../../avr/lib/avr5\libm.a(cmpsf2.o)
__ctors_end                                       c:/program files (x86)/atmel/avr tools/avr toolchain/bin/../lib/gcc/avr/4.7.2/avr5\libgcc.a(_ctors.o)
__ctors_start                                     c:/program files (x86)/atmel/avr tools/avr toolchain/bin/../lib/gcc/avr/4.7.2/avr5\libgcc.a(_ctors.o)
__ctype_isfalse                                   c:/program files (x86)/atmel/avr tools/avr toolchain/bin/../lib/gcc/avr/4.7.2/../../../../avr/lib/avr5\libc.a(cty_isfalse.o)
                                                  c:/program files (x86)/atmel/avr tools/avr toolchain/bin/../lib/gcc/avr/4.7.2/../../../../avr/lib/avr5\libc.a(isalpha.o)
__ctype_istrue                                    c:/program files (x86)/atmel/avr tools/avr toolchain/bin/../lib/gcc/avr/4.7.2/../../../../avr/lib/avr5\libc.a(cty_isfalse.o)
__data_end                                        c:/program files (x86)/atmel/avr tools/avr toolchain/bin/../lib/gcc/avr/4.7.2/avr5\libgcc.a(_copy_data.o)
__data_load_start                                 c:/program files (x86)/atmel/avr tools/avr toolchain/bin/../lib/gcc/avr/4.7.2/avr5\libgcc.a(_copy_data.o)
__data_start                                      c:/program files (x86)/atmel/avr tools/avr toolchain/bin/../lib/gcc/avr/4.7.2/avr5\libgcc.a(_copy_data.o)
__divmodhi4                                       c:/program files (x86)/atmel/avr tools/avr toolchain/bin/../lib/gcc/avr/4.7.2/avr5\libgcc.a(_divmodhi4.o)
                                                  obj/led7seg.o
__divsf3                                          c:/program files (x86)/atmel/avr tools/avr toolchain/bin/../lib/gcc/avr/4.7.2/../../../../avr/lib/avr5\libm.a(divsf3.o)
                                                  obj/IRremote.o
__divsf3_pse                                      c:/program files (x86)/atmel/avr tools/avr toolchain/bin/../lib/gcc/avr/4.7.2/../../../../avr/lib/avr5\libm.a(divsf3x.o)
__divsf3x                                         c:/program files (x86)/atmel/avr tools/avr toolchain/bin/../lib/gcc/avr/4.7.2/../../../../avr/lib/avr5\libm.a(divsf3x.o)
                                                  c:/program files (x86)/atmel/avr tools/avr toolchain/bin/../lib/gcc/avr/4.7.2/../../../../avr/lib/avr5\libm.a(divsf3.o)
__do_clear_bss                                    c:/program files (x86)/atmel/avr tools/avr toolchain/bin/../lib/gcc/avr/4.7.2/avr5\libgcc.a(_clear_bss.o)
                                                  obj/RotEncoder.o
                                                  obj/led7seg.o
                                                  obj/irTrans.o
                                                  obj/IRremote.o
                                                  obj/USBTask.o
                                                  obj/DeviceStandardReq.o
                                                  obj/main.o
__do_copy_data                                    c:/program files (x86)/atmel/avr tools/avr toolchain/bin/../lib/gcc/avr/4.7.2/avr5\libgcc.a(_copy_data.o)
                                                  obj/led7seg.o
                                                  obj/RNDISClassDevice.o
                                                  obj/CDCClassDevice.o
                                                  obj/main.o
__do_global_ctors                                 c:/program files (x86)/atmel/avr tools/avr toolchain/bin/../lib/gcc/avr/4.7.2/avr5\libgcc.a(_ctors.o)
                                                  obj/irTrans.o
__eerd_byte_m32u4                                 c:/program files (x86)/atmel/avr tools/avr toolchain/bin/../lib/gcc/avr/4.7.2/../../../../avr/lib/avr5\libc.a(eerd_byte_atmega32u4.o)
                                                  obj/EndpointStream_AVR8.o
__eeupd_byte_m32u4                                c:/program files (x86)/atmel/avr tools/avr toolchain/bin/../lib/gcc/avr/4.7.2/../../../../avr/lib/avr5\libc.a(eeupd_byte_atmega32u4.o)
                                                  obj/EndpointStream_AVR8.o
__eeupd_r18_m32u4                                 c:/program files (x86)/atmel/avr tools/avr toolchain/bin/../lib/gcc/avr/4.7.2/../../../../avr/lib/avr5\libc.a(eeupd_byte_atmega32u4.o)
__eqsf2                                           c:/program files (x86)/atmel/avr tools/avr toolchain/bin/../lib/gcc/avr/4.7.2/../../../../avr/lib/avr5\libm.a(cmpsf2.o)
__fixsfsi                                         c:/program files (x86)/atmel/avr tools/avr toolchain/bin/../lib/gcc/avr/4.7.2/../../../../avr/lib/avr5\libm.a(fixsfsi.o)
                                                  obj/IRremote.o
__fixunssfsi                                      c:/program files (x86)/atmel/avr tools/avr toolchain/bin/../lib/gcc/avr/4.7.2/../../../../avr/lib/avr5\libm.a(fixunssfsi.o)
                                                  c:/program files (x86)/atmel/avr tools/avr toolchain/bin/../lib/gcc/avr/4.7.2/../../../../avr/lib/avr5\libm.a(fixsfsi.o)
__floatsisf                                       c:/program files (x86)/atmel/avr tools/avr toolchain/bin/../lib/gcc/avr/4.7.2/../../../../avr/lib/avr5\libm.a(floatsisf.o)
                                                  obj/IRremote.o
__floatunsisf                                     c:/program files (x86)/atmel/avr tools/avr toolchain/bin/../lib/gcc/avr/4.7.2/../../../../avr/lib/avr5\libm.a(floatsisf.o)
                                                  obj/irRecv.o
__fp_cmp                                          c:/program files (x86)/atmel/avr tools/avr toolchain/bin/../lib/gcc/avr/4.7.2/../../../../avr/lib/avr5\libm.a(fp_cmp.o)
                                                  c:/program files (x86)/atmel/avr tools/avr toolchain/bin/../lib/gcc/avr/4.7.2/../../../../avr/lib/avr5\libm.a(cmpsf2.o)
__fp_inf                                          c:/program files (x86)/atmel/avr tools/avr toolchain/bin/../lib/gcc/avr/4.7.2/../../../../avr/lib/avr5\libm.a(fp_inf.o)
                                                  c:/program files (x86)/atmel/avr tools/avr toolchain/bin/../lib/gcc/avr/4.7.2/../../../../avr/lib/avr5\libm.a(mulsf3x.o)
                                                  c:/program files (x86)/atmel/avr tools/avr toolchain/bin/../lib/gcc/avr/4.7.2/../../../../avr/lib/avr5\libm.a(divsf3x.o)
                                                  c:/program files (x86)/atmel/avr tools/avr toolchain/bin/../lib/gcc/avr/4.7.2/../../../../avr/lib/avr5\libm.a(addsf3x.o)
__fp_nan                                          c:/program files (x86)/atmel/avr tools/avr toolchain/bin/../lib/gcc/avr/4.7.2/../../../../avr/lib/avr5\libm.a(fp_nan.o)
                                                  c:/program files (x86)/atmel/avr tools/avr toolchain/bin/../lib/gcc/avr/4.7.2/../../../../avr/lib/avr5\libm.a(mulsf3x.o)
                                                  c:/program files (x86)/atmel/avr tools/avr toolchain/bin/../lib/gcc/avr/4.7.2/../../../../avr/lib/avr5\libm.a(divsf3x.o)
                                                  c:/program files (x86)/atmel/avr tools/avr toolchain/bin/../lib/gcc/avr/4.7.2/../../../../avr/lib/avr5\libm.a(addsf3x.o)
__fp_pscA                                         c:/program files (x86)/atmel/avr tools/avr toolchain/bin/../lib/gcc/avr/4.7.2/../../../../avr/lib/avr5\libm.a(fp_pscA.o)
                                                  c:/program files (x86)/atmel/avr tools/avr toolchain/bin/../lib/gcc/avr/4.7.2/../../../../avr/lib/avr5\libm.a(mulsf3x.o)
                                                  c:/program files (x86)/atmel/avr tools/avr toolchain/bin/../lib/gcc/avr/4.7.2/../../../../avr/lib/avr5\libm.a(divsf3x.o)
                                                  c:/program files (x86)/atmel/avr tools/avr toolchain/bin/../lib/gcc/avr/4.7.2/../../../../avr/lib/avr5\libm.a(addsf3x.o)
__fp_pscB                                         c:/program files (x86)/atmel/avr tools/avr toolchain/bin/../lib/gcc/avr/4.7.2/../../../../avr/lib/avr5\libm.a(fp_pscB.o)
                                                  c:/program files (x86)/atmel/avr tools/avr toolchain/bin/../lib/gcc/avr/4.7.2/../../../../avr/lib/avr5\libm.a(mulsf3x.o)
                                                  c:/program files (x86)/atmel/avr tools/avr toolchain/bin/../lib/gcc/avr/4.7.2/../../../../avr/lib/avr5\libm.a(divsf3x.o)
                                                  c:/program files (x86)/atmel/avr tools/avr toolchain/bin/../lib/gcc/avr/4.7.2/../../../../avr/lib/avr5\libm.a(addsf3x.o)
__fp_round                                        c:/program files (x86)/atmel/avr tools/avr toolchain/bin/../lib/gcc/avr/4.7.2/../../../../avr/lib/avr5\libm.a(fp_round.o)
                                                  c:/program files (x86)/atmel/avr tools/avr toolchain/bin/../lib/gcc/avr/4.7.2/../../../../avr/lib/avr5\libm.a(mulsf3.o)
                                                  c:/program files (x86)/atmel/avr tools/avr toolchain/bin/../lib/gcc/avr/4.7.2/../../../../avr/lib/avr5\libm.a(divsf3.o)
                                                  c:/program files (x86)/atmel/avr tools/avr toolchain/bin/../lib/gcc/avr/4.7.2/../../../../avr/lib/avr5\libm.a(addsf3.o)
__fp_split3                                       c:/program files (x86)/atmel/avr tools/avr toolchain/bin/../lib/gcc/avr/4.7.2/../../../../avr/lib/avr5\libm.a(fp_split3.o)
                                                  c:/program files (x86)/atmel/avr tools/avr toolchain/bin/../lib/gcc/avr/4.7.2/../../../../avr/lib/avr5\libm.a(mulsf3x.o)
                                                  c:/program files (x86)/atmel/avr tools/avr toolchain/bin/../lib/gcc/avr/4.7.2/../../../../avr/lib/avr5\libm.a(divsf3x.o)
                                                  c:/program files (x86)/atmel/avr tools/avr toolchain/bin/../lib/gcc/avr/4.7.2/../../../../avr/lib/avr5\libm.a(addsf3x.o)
__fp_splitA                                       c:/program files (x86)/atmel/avr tools/avr toolchain/bin/../lib/gcc/avr/4.7.2/../../../../avr/lib/avr5\libm.a(fp_split3.o)
                                                  c:/program files (x86)/atmel/avr tools/avr toolchain/bin/../lib/gcc/avr/4.7.2/../../../../avr/lib/avr5\libm.a(fixunssfsi.o)
__fp_szero                                        c:/program files (x86)/atmel/avr tools/avr toolchain/bin/../lib/gcc/avr/4.7.2/../../../../avr/lib/avr5\libm.a(fp_zero.o)
                                                  c:/program files (x86)/atmel/avr tools/avr toolchain/bin/../lib/gcc/avr/4.7.2/../../../../avr/lib/avr5\libm.a(mulsf3x.o)
                                                  c:/program files (x86)/atmel/avr tools/avr toolchain/bin/../lib/gcc/avr/4.7.2/../../../../avr/lib/avr5\libm.a(fixsfsi.o)
                                                  c:/program files (x86)/atmel/avr tools/avr toolchain/bin/../lib/gcc/avr/4.7.2/../../../../avr/lib/avr5\libm.a(divsf3x.o)
__fp_zero                                         c:/program files (x86)/atmel/avr tools/avr toolchain/bin/../lib/gcc/avr/4.7.2/../../../../avr/lib/avr5\libm.a(fp_zero.o)
                                                  c:/program files (x86)/atmel/avr tools/avr toolchain/bin/../lib/gcc/avr/4.7.2/../../../../avr/lib/avr5\libm.a(fixunssfsi.o)
                                                  c:/program files (x86)/atmel/avr tools/avr toolchain/bin/../lib/gcc/avr/4.7.2/../../../../avr/lib/avr5\libm.a(addsf3x.o)
__heap_end                                        c:/program files (x86)/atmel/avr tools/avr toolchain/bin/../lib/gcc/avr/4.7.2/../../../../avr/lib/avr5/crtm32u4.o
__init                                            c:/program files (x86)/atmel/avr tools/avr toolchain/bin/../lib/gcc/avr/4.7.2/../../../../avr/lib/avr5/crtm32u4.o
__lesf2                                           c:/program files (x86)/atmel/avr tools/avr toolchain/bin/../lib/gcc/avr/4.7.2/../../../../avr/lib/avr5\libm.a(cmpsf2.o)
__ltsf2                                           c:/program files (x86)/atmel/avr tools/avr toolchain/bin/../lib/gcc/avr/4.7.2/../../../../avr/lib/avr5\libm.a(cmpsf2.o)
                                                  obj/irRecv.o
__mulsf3                                          c:/program files (x86)/atmel/avr tools/avr toolchain/bin/../lib/gcc/avr/4.7.2/../../../../avr/lib/avr5\libm.a(mulsf3.o)
                                                  obj/irRecv.o
                                                  obj/IRremote.o
__mulsf3_pse                                      c:/program files (x86)/atmel/avr tools/avr toolchain/bin/../lib/gcc/avr/4.7.2/../../../../avr/lib/avr5\libm.a(mulsf3x.o)